Component: ARM Compiler 5.06 update 7 (build 960) Tool: armlink [4d3601]

==============================================================================

Section Cross References

    startup_stm32h750xx.o(RESET) refers to startup_stm32h750xx.o(STACK) for __initial_sp
    startup_stm32h750xx.o(RESET) refers to startup_stm32h750xx.o(.text) for Reset_Handler
    startup_stm32h750xx.o(RESET) refers to stm32h7xx_it.o(i.NMI_Handler) for NMI_Handler
    startup_stm32h750xx.o(RESET) refers to stm32h7xx_it.o(i.HardFault_Handler) for HardFault_Handler
    startup_stm32h750xx.o(RESET) refers to stm32h7xx_it.o(i.MemManage_Handler) for MemManage_Handler
    startup_stm32h750xx.o(RESET) refers to stm32h7xx_it.o(i.BusFault_Handler) for BusFault_Handler
    startup_stm32h750xx.o(RESET) refers to stm32h7xx_it.o(i.UsageFault_Handler) for UsageFault_Handler
    startup_stm32h750xx.o(RESET) refers to port.o(.emb_text) for SVC_Handler
    startup_stm32h750xx.o(RESET) refers to stm32h7xx_it.o(i.DebugMon_Handler) for DebugMon_Handler
    startup_stm32h750xx.o(RESET) refers to cmsis_os2.o(i.SysTick_Handler) for SysTick_Handler
    startup_stm32h750xx.o(RESET) refers to stm32h7xx_it.o(i.DMA1_Stream0_IRQHandler) for DMA1_Stream0_IRQHandler
    startup_stm32h750xx.o(RESET) refers to stm32h7xx_it.o(i.DMA1_Stream1_IRQHandler) for DMA1_Stream1_IRQHandler
    startup_stm32h750xx.o(RESET) refers to stm32h7xx_it.o(i.USART3_IRQHandler) for USART3_IRQHandler
    startup_stm32h750xx.o(RESET) refers to stm32h7xx_it.o(i.TIM17_IRQHandler) for TIM17_IRQHandler
    startup_stm32h750xx.o(.text) refers to system_stm32h7xx.o(i.SystemInit) for SystemInit
    startup_stm32h750xx.o(.text) refers to entry.o(.ARM.Collect$$$$00000000) for __main
    cmd.o(i.CmdTask) refers to stm32h7xx_hal_uart_ex.o(i.HAL_UARTEx_ReceiveToIdle_DMA) for HAL_UARTEx_ReceiveToIdle_DMA
    cmd.o(i.CmdTask) refers to stm32h7xx_hal_uart.o(i.HAL_UART_Receive_DMA) for HAL_UART_Receive_DMA
    cmd.o(i.CmdTask) refers to cjson.o(i.cJSON_CreateObject) for cJSON_CreateObject
    cmd.o(i.CmdTask) refers to cjson.o(i.cJSON_AddStringToObject) for cJSON_AddStringToObject
    cmd.o(i.CmdTask) refers to cjson.o(i.cJSON_ParseWithLength) for cJSON_ParseWithLength
    cmd.o(i.CmdTask) refers to cjson.o(i.cJSON_GetObjectItem) for cJSON_GetObjectItem
    cmd.o(i.CmdTask) refers to cjson.o(i.cJSON_GetStringValue) for cJSON_GetStringValue
    cmd.o(i.CmdTask) refers to strcmp.o(.text) for strcmp
    cmd.o(i.CmdTask) refers to cjson.o(i.cJSON_CreateString) for cJSON_CreateString
    cmd.o(i.CmdTask) refers to cjson.o(i.cJSON_ReplaceItemInObject) for cJSON_ReplaceItemInObject
    cmd.o(i.CmdTask) refers to cjson.o(i.cJSON_Print) for cJSON_Print
    cmd.o(i.CmdTask) refers to strlen.o(.text) for strlen
    cmd.o(i.CmdTask) refers to cmd.o(i.usart3Printf) for usart3Printf
    cmd.o(i.CmdTask) refers to mallocr.o(i.__free$realloc) for free
    cmd.o(i.CmdTask) refers to cjson.o(i.cJSON_Delete) for cJSON_Delete
    cmd.o(i.CmdTask) refers to memseta.o(.text) for __aeabi_memclr
    cmd.o(i.CmdTask) refers to cmsis_os2.o(i.osSemaphoreAcquire) for osSemaphoreAcquire
    cmd.o(i.CmdTask) refers to cmd.o(.bss) for .bss
    cmd.o(i.CmdTask) refers to usart.o(.bss) for huart3
    cmd.o(i.CmdTask) refers to cmd.o(.data) for .data
    cmd.o(i.CmdTask) refers to freertos.o(.data) for cmdRxBinarySemHandle
    cmd.o(i.sum) refers to cjson.o(i.cJSON_GetObjectItem) for cJSON_GetObjectItem
    cmd.o(i.sum) refers to cjson.o(i.cJSON_IsNumber) for cJSON_IsNumber
    cmd.o(i.sum) refers to cjson.o(i.cJSON_GetNumberValue) for cJSON_GetNumberValue
    cmd.o(i.sum) refers to printfa.o(i.__0sprintf) for __2sprintf
    cmd.o(i.sum) refers to cjson.o(i.cJSON_CreateObject) for cJSON_CreateObject
    cmd.o(i.sum) refers to cjson.o(i.cJSON_AddStringToObject) for cJSON_AddStringToObject
    cmd.o(i.sum) refers to cjson.o(i.cJSON_Print) for cJSON_Print
    cmd.o(i.sum) refers to strlen.o(.text) for strlen
    cmd.o(i.sum) refers to cmd.o(i.usart3Printf) for usart3Printf
    cmd.o(i.sum) refers to mallocr.o(i.__free$realloc) for free
    cmd.o(i.sum) refers to cjson.o(i.cJSON_Delete) for cJSON_Delete
    cmd.o(i.sum) refers to cjson.o(i.cJSON_CreateString) for cJSON_CreateString
    cmd.o(i.sum) refers to cjson.o(i.cJSON_ReplaceItemInObject) for cJSON_ReplaceItemInObject
    cmd.o(i.sum) refers to cmd.o(.data) for .data
    cmd.o(i.usart3Printf) refers to cmsis_os2.o(i.osMutexAcquire) for osMutexAcquire
    cmd.o(i.usart3Printf) refers to strcat.o(.text) for strcat
    cmd.o(i.usart3Printf) refers to stm32h7xx_hal_uart.o(i.HAL_UART_Transmit_DMA) for HAL_UART_Transmit_DMA
    cmd.o(i.usart3Printf) refers to cmsis_os2.o(i.osDelay) for osDelay
    cmd.o(i.usart3Printf) refers to stm32h7xx_hal_uart.o(i.HAL_UART_GetState) for HAL_UART_GetState
    cmd.o(i.usart3Printf) refers to cmsis_os2.o(i.osMutexRelease) for osMutexRelease
    cmd.o(i.usart3Printf) refers to freertos.o(.data) for usart3MutexHandle
[...]
    _printf_n                                0x00000000   Number         0  stubs.o ABSOLUTE
    _printf_o                                0x00000000   Number         0  stubs.o ABSOLUTE
    _printf_p                                0x00000000   Number         0  stubs.o ABSOLUTE
    _printf_percent                          0x00000000   Number         0  stubs.o ABSOLUTE
    _printf_pre_padding                      0x00000000   Number         0  stubs.o ABSOLUTE
    _printf_return_value                     0x00000000   Number         0  stubs.o ABSOLUTE
    _printf_s                                0x00000000   Number         0  stubs.o ABSOLUTE
    _printf_sizespec                         0x00000000   Number         0  stubs.o ABSOLUTE
    _printf_str                              0x00000000   Number         0  stubs.o ABSOLUTE
    _printf_truncate_signed                  0x00000000   Number         0  stubs.o ABSOLUTE
    _printf_truncate_unsigned                0x00000000   Number         0  stubs.o ABSOLUTE
    _printf_u                                0x00000000   Number         0  stubs.o ABSOLUTE
    _printf_wc                               0x00000000   Number         0  stubs.o ABSOLUTE
    _printf_wctomb                           0x00000000   Number         0  stubs.o ABSOLUTE
    _printf_widthprec                        0x00000000   Number         0  stubs.o ABSOLUTE
    _printf_x                                0x00000000   Number         0  stubs.o ABSOLUTE
    __arm_fini_                               - Undefined Weak Reference
    __cpp_initialize__aeabi_                  - Undefined Weak Reference
    __cxa_finalize                            - Undefined Weak Reference
    __decompress                              - Undefined Weak Reference
    _clock_init                               - Undefined Weak Reference
    _microlib_exit                            - Undefined Weak Reference
    __Vectors_Size                           0x00000298   Number         0  startup_stm32h750xx.o ABSOLUTE
    __Vectors                                0x08000000   Data           4  startup_stm32h750xx.o(RESET)
    __Vectors_End                            0x08000298   Data           0  startup_stm32h750xx.o(RESET)
    __main                                   0x08000299   Thumb Code     0  entry.o(.ARM.Collect$$$$00000000)
    _main_stk                                0x08000299   Thumb Code     0  entry2.o(.ARM.Collect$$$$00000001)
    _main_scatterload                        0x0800029d   Thumb Code     0  entry5.o(.ARM.Collect$$$$00000004)
    __main_after_scatterload                 0x080002a1   Thumb Code     0  entry5.o(.ARM.Collect$$$$00000004)
    _main_clock                              0x080002a1   Thumb Code     0  entry7b.o(.ARM.Collect$$$$00000008)
    _main_cpp_init                           0x080002a1   Thumb Code     0  entry8b.o(.ARM.Collect$$$$0000000A)
    _main_init                               0x080002a1   Thumb Code     0  entry9a.o(.ARM.Collect$$$$0000000B)
    __rt_lib_shutdown_fini                   0x080002a9   Thumb Code     0  entry12b.o(.ARM.Collect$$$$0000000E)
    __rt_final_cpp                           0x080002ad   Thumb Code     0  entry10a.o(.ARM.Collect$$$$0000000F)
    __rt_final_exit                          0x080002ad   Thumb Code     0  entry11a.o(.ARM.Collect$$$$00000011)
    SVC_Handler                              0x080002b1   Thumb Code    28  port.o(.emb_text)
    __asm___6_port_c_39a90d8d__prvStartFirstTask 0x080002d1   Thumb Code    36  port.o(.emb_text)
    __asm___6_port_c_39a90d8d__prvEnableVFP  0x080002f9   Thumb Code    16  port.o(.emb_text)
    PendSV_Handler                           0x0800030d   Thumb Code    88  port.o(.emb_text)
    vPortGetIPSR                             0x08000369   Thumb Code     6  port.o(.emb_text)
    Reset_Handler                            0x08000371   Thumb Code     8  startup_stm32h750xx.o(.text)
    ADC3_IRQHandler                          0x0800038b   Thumb Code     0  startup_stm32h750xx.o(.text)
    ADC_IRQHandler                           0x0800038b   Thumb Code     0  startup_stm32h750xx.o(.text)
    BDMA_Channel0_IRQHandler                 0x0800038b   Thumb Code     0  startup_stm32h750xx.o(.text)
    BDMA_Channel1_IRQHandler                 0x0800038b   Thumb Code     0  startup_stm32h750xx.o(.text)
    BDMA_Channel2_IRQHandler                 0x0800038b   Thumb Code     0  startup_stm32h750xx.o(.text)
    BDMA_Channel3_IRQHandler                 0x0800038b   Thumb Code     0  startup_stm32h750xx.o(.text)
    BDMA_Channel4_IRQHandler                 0x0800038b   Thumb Code     0  startup_stm32h750xx.o(.text)
    BDMA_Channel5_IRQHandler                 0x0800038b   Thumb Code     0  startup_stm32h750xx.o(.text)
    BDMA_Channel6_IRQHandler                 0x0800038b   Thumb Code     0  startup_stm32h750xx.o(.text)
    BDMA_Channel7_IRQHandler                 0x0800038b   Thumb Code     0  startup_stm32h750xx.o(.text)
    CEC_IRQHandler                           0x0800038b   Thumb Code     0  startup_stm32h750xx.o(.text)
    COMP1_IRQHandler                         0x0800038b   Thumb Code     0  startup_stm32h750xx.o(.text)
    CRS_IRQHandler                           0x0800038b   Thumb Code     0  startup_stm32h750xx.o(.text)
    CRYP_IRQHandler                          0x0800038b   Thumb Code     0  startup_stm32h750xx.o(.text)
    DCMI_IRQHandler                          0x0800038b   Thumb Code     0  startup_stm32h750xx.o(.text)
    DFSDM1_FLT0_IRQHandler                   0x0800038b   Thumb Code     0  startup_stm32h750xx.o(.text)
    DFSDM1_FLT1_IRQHandler                   0x0800038b   Thumb Code     0  startup_stm32h750xx.o(.text)
    DFSDM1_FLT2_IRQHandler                   0x0800038b   Thumb Code     0  startup_stm32h750xx.o(.text)
    DFSDM1_FLT3_IRQHandler                   0x0800038b   Thumb Code     0  startup_stm32h750xx.o(.text)
    DMA1_Stream2_IRQHandler                  0x0800038b   Thumb Code     0  startup_stm32h750xx.o(.text)
    DMA1_Stream3_IRQHandler                  0x0800038b   Thumb Code     0  startup_stm32h750xx.o(.text)
    DMA1_Stream4_IRQHandler                  0x0800038b   Thumb Code     0  startup_stm32h750xx.o(.text)
    DMA1_Stream5_IRQHandler                  0x0800038b   Thumb Code     0  startup_stm32h750xx.o(.text)
    DMA1_Stream6_IRQHandler                  0x0800038b   Thumb Code     0  startup_stm32h750xx.o(.text)
    DMA1_Stream7_IRQHandler                  0x0800038b   Thumb Code     0  startup_stm32h750xx.o(.text)
    DMA2D_IRQHandler                         0x0800038b   Thumb Code     0  startup_stm32h750xx.o(.text)
    DMA2_Stream0_IRQHandler                  0x0800038b   Thumb Code     0  startup_stm32h750xx.o(.text)
    DMA2_Stream1_IRQHandler                  0x0800038b   Thumb Code     0  startup_stm32h750xx.o(.text)
    DMA2_Stream2_IRQHandler                  0x0800038b   Thumb Code     0  startup_stm32h750xx.o(.text)
    DMA2_Stream3_IRQHandler                  0x0800038b   Thumb Code     0  startup_stm32h750xx.o(.text)
    DMA2_Stream4_IRQHandler                  0x0800038b   Thumb Code     0  startup_stm32h750xx.o(.text)
    DMA2_Stream5_IRQHandler                  0x0800038b   Thumb Code     0  startup_stm32h750xx.o(.text)
    DMA2_Stream6_IRQHandler                  0x0800038b   Thumb Code     0  startup_stm32h750xx.o(.text)
    DMA2_Stream7_IRQHandler                  0x0800038b   Thumb Code     0  startup_stm32h750xx.o(.text)
    DMAMUX1_OVR_IRQHandler                   0x0800038b   Thumb Code     0  startup_stm32h750xx.o(.text)
    DMAMUX2_OVR_IRQHandler                   0x0800038b   Thumb Code     0  startup_stm32h750xx.o(.text)
    ECC_IRQHandler                           0x0800038b   Thumb Code     0  startup_stm32h750xx.o(.text)
    ETH_IRQHandler                           0x0800038b   Thumb Code     0  startup_stm32h750xx.o(.text)
    ETH_WKUP_IRQHandler                      0x0800038b   Thumb Code     0  startup_stm32h750xx.o(.text)
    EXTI0_IRQHandler                         0x0800038b   Thumb Code     0  startup_stm32h750xx.o(.text)
    EXTI15_10_IRQHandler                     0x0800038b   Thumb Code     0  startup_stm32h750xx.o(.text)
    EXTI1_IRQHandler                         0x0800038b   Thumb Code     0  startup_stm32h750xx.o(.text)
    EXTI2_IRQHandler                         0x0800038b   Thumb Code     0  startup_stm32h750xx.o(.text)
    EXTI3_IRQHandler                         0x0800038b   Thumb Code     0  startup_stm32h750xx.o(.text)
    EXTI4_IRQHandler                         0x0800038b   Thumb Code     0  startup_stm32h750xx.o(.text)
    EXTI9_5_IRQHandler                       0x0800038b   Thumb Code     0  startup_stm32h750xx.o(.text)
    FDCAN1_IT0_IRQHandler                    0x0800038b   Thumb Code     0  startup_stm32h750xx.o(.text)
    FDCAN1_IT1_IRQHandler                    0x0800038b   Thumb Code     0  startup_stm32h750xx.o(.text)
    FDCAN2_IT0_IRQHandler                    0x0800038b   Thumb Code     0  startup_stm32h750xx.o(.text)
    FDCAN2_IT1_IRQHandler                    0x0800038b   Thumb Code     0  startup_stm32h750xx.o(.text)
    FDCAN_CAL_IRQHandler                     0x0800038b   Thumb Code     0  startup_stm32h750xx.o(.text)
    FLASH_IRQHandler                         0x0800038b   Thumb Code     0  startup_stm32h750xx.o(.text)
    FMC_IRQHandler                           0x0800038b   Thumb Code     0  startup_stm32h750xx.o(.text)
    FPU_IRQHandler                           0x0800038b   Thumb Code     0  startup_stm32h750xx.o(.text)
    HASH_RNG_IRQHandler                      0x0800038b   Thumb Code     0  startup_stm32h750xx.o(.text)
    HRTIM1_FLT_IRQHandler                    0x0800038b   Thumb Code     0  startup_stm32h750xx.o(.text)
    HRTIM1_Master_IRQHandler                 0x0800038b   Thumb Code     0  startup_stm32h750xx.o(.text)
    HRTIM1_TIMA_IRQHandler                   0x0800038b   Thumb Code     0  startup_stm32h750xx.o(.text)
    HRTIM1_TIMB_IRQHandler                   0x0800038b   Thumb Code     0  startup_stm32h750xx.o(.text)
    HRTIM1_TIMC_IRQHandler                   0x0800038b   Thumb Code     0  startup_stm32h750xx.o(.text)
    HRTIM1_TIMD_IRQHandler                   0x0800038b   Thumb Code     0  startup_stm32h750xx.o(.text)
    HRTIM1_TIME_IRQHandler                   0x0800038b   Thumb Code     0  startup_stm32h750xx.o(.text)
    HSEM1_IRQHandler                         0x0800038b   Thumb Code     0  startup_stm32h750xx.o(.text)
    I2C1_ER_IRQHandler                       0x0800038b   Thumb Code     0  startup_stm32h750xx.o(.text)
    I2C1_EV_IRQHandler                       0x0800038b   Thumb Code     0  startup_stm32h750xx.o(.text)
    I2C2_ER_IRQHandler                       0x0800038b   Thumb Code     0  startup_stm32h750xx.o(.text)
    I2C2_EV_IRQHandler                       0x0800038b   Thumb Code     0  startup_stm32h750xx.o(.text)
    I2C3_ER_IRQHandler                       0x0800038b   Thumb Code     0  startup_stm32h750xx.o(.text)
    I2C3_EV_IRQHandler                       0x0800038b   Thumb Code     0  startup_stm32h750xx.o(.text)
    I2C4_ER_IRQHandler                       0x0800038b   Thumb Code     0  startup_stm32h750xx.o(.text)
    I2C4_EV_IRQHandler                       0x0800038b   Thumb Code     0  startup_stm32h750xx.o(.text)
    JPEG_IRQHandler                          0x0800038b   Thumb Code     0  startup_stm32h750xx.o(.text)
    LPTIM1_IRQHandler                        0x0800038b   Thumb Code     0  startup_stm32h750xx.o(.text)
    LPTIM2_IRQHandler                        0x0800038b   Thumb Code     0  startup_stm32h750xx.o(.text)
    LPTIM3_IRQHandler                        0x0800038b   Thumb Code     0  startup_stm32h750xx.o(.text)
    LPTIM4_IRQHandler                        0x0800038b   Thumb Code     0  startup_stm32h750xx.o(.text)
    LPTIM5_IRQHandler                        0x0800038b   Thumb Code     0  startup_stm32h750xx.o(.text)
    LPUART1_IRQHandler                       0x0800038b   Thumb Code     0  startup_stm32h750xx.o(.text)
    LTDC_ER_IRQHandler                       0x0800038b   Thumb Code     0  startup_stm32h750xx.o(.text)
    LTDC_IRQHandler                          0x0800038b   Thumb Code     0  startup_stm32h750xx.o(.text)
    MDIOS_IRQHandler                         0x0800038b   Thumb Code     0  startup_stm32h750xx.o(.text)
    MDIOS_WKUP_IRQHandler                    0x0800038b   Thumb Code     0  startup_stm32h750xx.o(.text)
    MDMA_IRQHandler                          0x0800038b   Thumb Code     0  startup_stm32h750xx.o(.text)
    OTG_FS_EP1_IN_IRQHandler                 0x0800038b   Thumb Code     0  startup_stm32h750xx.o(.text)
    OTG_FS_EP1_OUT_IRQHandler                0x0800038b   Thumb Code     0  startup_stm32h750xx.o(.text)
    OTG_FS_IRQHandler                        0x0800038b   Thumb Code     0  startup_stm32h750xx.o(.text)
    OTG_FS_WKUP_IRQHandler                   0x0800038b   Thumb Code     0  startup_stm32h750xx.o(.text)
    OTG_HS_EP1_IN_IRQHandler                 0x0800038b   Thumb Code     0  startup_stm32h750xx.o(.text)
    OTG_HS_EP1_OUT_IRQHandler                0x0800038b   Thumb Code     0  startup_stm32h750xx.o(.text)
    OTG_HS_IRQHandler                        0x0800038b   Thumb Code     0  startup_stm32h750xx.o(.text)
    OTG_HS_WKUP_IRQHandler                   0x0800038b   Thumb Code     0  startup_stm32h750xx.o(.text)
    PVD_AVD_IRQHandler                       0x0800038b   Thumb Code     0  startup_stm32h750xx.o(.text)
    QUADSPI_IRQHandler                       0x0800038b   Thumb Code     0  startup_stm32h750xx.o(.text)
    RCC_IRQHandler                           0x0800038b   Thumb Code     0  startup_stm32h750xx.o(.text)
    RTC_Alarm_IRQHandler                     0x0800038b   Thumb Code     0  startup_stm32h750xx.o(.text)
    RTC_WKUP_IRQHandler                      0x0800038b   Thumb Code     0  startup_stm32h750xx.o(.text)
    SAI1_IRQHandler                          0x0800038b   Thumb Code     0  startup_stm32h750xx.o(.text)
    SAI2_IRQHandler                          0x0800038b   Thumb Code     0  startup_stm32h750xx.o(.text)
    SAI3_IRQHandler                          0x0800038b   Thumb Code     0  startup_stm32h750xx.o(.text)
    SAI4_IRQHandler                          0x0800038b   Thumb Code     0  startup_stm32h750xx.o(.text)
    SDMMC1_IRQHandler                        0x0800038b   Thumb Code     0  startup_stm32h750xx.o(.text)
    SDMMC2_IRQHandler                        0x0800038b   Thumb Code     0  startup_stm32h750xx.o(.text)
    SPDIF_RX_IRQHandler                      0x0800038b   Thumb Code     0  startup_stm32h750xx.o(.text)
    SPI1_IRQHandler                          0x0800038b   Thumb Code     0  startup_stm32h750xx.o(.text)
    SPI2_IRQHandler                          0x0800038b   Thumb Code     0  startup_stm32h750xx.o(.text)
    SPI3_IRQHandler                          0x0800038b   Thumb Code     0  startup_stm32h750xx.o(.text)
    SPI4_IRQHandler                          0x0800038b   Thumb Code     0  startup_stm32h750xx.o(.text)
    SPI5_IRQHandler                          0x0800038b   Thumb Code     0  startup_stm32h750xx.o(.text)
    SPI6_IRQHandler                          0x0800038b   Thumb Code     0  startup_stm32h750xx.o(.text)
    SWPMI1_IRQHandler                        0x0800038b   Thumb Code     0  startup_stm32h750xx.o(.text)
    TAMP_STAMP_IRQHandler                    0x0800038b   Thumb Code     0  startup_stm32h750xx.o(.text)
    TIM15_IRQHandler                         0x0800038b   Thumb Code     0  startup_stm32h750xx.o(.text)
    TIM16_IRQHandler                         0x0800038b   Thumb Code     0  startup_stm32h750xx.o(.text)
    TIM1_BRK_IRQHandler                      0x0800038b   Thumb Code     0  startup_stm32h750xx.o(.text)
    TIM1_CC_IRQHandler                       0x0800038b   Thumb Code     0  startup_stm32h750xx.o(.text)
    TIM1_TRG_COM_IRQHandler                  0x0800038b   Thumb Code     0  startup_stm32h750xx.o(.text)
    TIM1_UP_IRQHandler                       0x0800038b   Thumb Code     0  startup_stm32h750xx.o(.text)
    TIM2_IRQHandler                          0x0800038b   Thumb Code     0  startup_stm32h750xx.o(.text)
    TIM3_IRQHandler                          0x0800038b   Thumb Code     0  startup_stm32h750xx.o(.text)
    TIM4_IRQHandler                          0x0800038b   Thumb Code     0  startup_stm32h750xx.o(.text)
    TIM5_IRQHandler                          0x0800038b   Thumb Code     0  startup_stm32h750xx.o(.text)
    TIM6_DAC_IRQHandler                      0x0800038b   Thumb Code     0  startup_stm32h750xx.o(.text)
    TIM7_IRQHandler                          0x0800038b   Thumb Code     0  startup_stm32h750xx.o(.text)
    TIM8_BRK_TIM12_IRQHandler                0x0800038b   Thumb Code     0  startup_stm32h750xx.o(.text)
    TIM8_CC_IRQHandler                       0x0800038b   Thumb Code     0  startup_stm32h750xx.o(.text)
    TIM8_TRG_COM_TIM14_IRQHandler            0x0800038b   Thumb Code     0  startup_stm32h750xx.o(.text)
    TIM8_UP_TIM13_IRQHandler                 0x0800038b   Thumb Code     0  startup_stm32h750xx.o(.text)
    UART4_IRQHandler                         0x0800038b   Thumb Code     0  startup_stm32h750xx.o(.text)
    UART5_IRQHandler                         0x0800038b   Thumb Code     0  startup_stm32h750xx.o(.text)
    UART7_IRQHandler                         0x0800038b   Thumb Code     0  startup_stm32h750xx.o(.text)
    UART8_IRQHandler                         0x0800038b   Thumb Code     0  startup_stm32h750xx.o(.text)
    USART1_IRQHandler                        0x0800038b   Thumb Code     0  startup_stm32h750xx.o(.text)
    USART2_IRQHandler                        0x0800038b   Thumb Code     0  startup_stm32h750xx.o(.text)
    USART6_IRQHandler                        0x0800038b   Thumb Code     0  startup_stm32h750xx.o(.text)
    WAKEUP_PIN_IRQHandler                    0x0800038b   Thumb Code     0  startup_stm32h750xx.o(.text)
    WWDG_IRQHandler                          0x0800038b   Thumb Code     0  startup_stm32h750xx.o(.text)
    __aeabi_uldivmod                         0x08000395   Thumb Code    98  uldiv.o(.text)
    tolower                                  0x080003f7   Thumb Code    12  tolower.o(.text)
    ___aeabi_memcpy8$ret                     0x08000403   Thumb Code     0  memcpy.o(.text)
    __aeabi_memcpy                           0x08000403   Thumb Code    40  memcpy.o(.text)
    __aeabi_memcpy4                          0x08000403   Thumb Code     0  memcpy.o(.text)
    memcpy                                   0x08000403   Thumb Code     0  memcpy.o(.text)
    __aeabi_memset                           0x0800042b   Thumb Code    14  memseta.o(.text)
    __aeabi_memset4                          0x0800042b   Thumb Code     0  memseta.o(.text)
    __aeabi_memset8                          0x0800042b   Thumb Code     0  memseta.o(.text)
    __aeabi_memclr                           0x08000439   Thumb Code     4  memseta.o(.text)
    __aeabi_memclr4                          0x08000439   Thumb Code     0  memseta.o(.text)
    __aeabi_memclr8                          0x08000439   Thumb Code     0  memseta.o(.text)
    memset                                   0x0800043d   Thumb Code    18  memseta.o(.text)
    strcat                                   0x0800044f   Thumb Code    24  strcat.o(.text)
    strlen                                   0x08000467   Thumb Code    14  strlen.o(.text)
    strcmp                                   0x08000475   Thumb Code    28  strcmp.o(.text)
    strcpy                                   0x08000491   Thumb Code    18  strcpy.o(.text)
    strncmp                                  0x080004a3   Thumb Code    30  strncmp.o(.text)
    sscanf                                   0x080004c1   Thumb Code    48  sscanf.o(.text)
    __aeabi_uidiv                            0x080004f9   Thumb Code     0  uidiv.o(.text)
    __aeabi_uidivmod                         0x080004f9   Thumb Code    44  uidiv.o(.text)
    __aeabi_llsl                             0x08000525   Thumb Code    30  llshl.o(.text)
    _ll_shift_l                              0x08000525   Thumb Code     0  llshl.o(.text)
    __aeabi_llsr                             0x08000543   Thumb Code    32  llushr.o(.text)
    _ll_ushift_r                             0x08000543   Thumb Code     0  llushr.o(.text)
    _scanf_longlong                          0x08000563   Thumb Code   342  _scanf_longlong.o(.text)
    _scanf_int                               0x080006b9   Thumb Code   332  _scanf_int.o(.text)
    _scanf_string                            0x08000805   Thumb Code   224  _scanf_str.o(.text)
    _scanf_real                              0x08000a0d   Thumb Code     0  scanf_fp.o(.text)
    _scanf_really_real                       0x08000a0d   Thumb Code   556  scanf_fp.o(.text)
    __vfscanf_char                           0x08000c51   Thumb Code    20  scanf_char.o(.text)
    _sgetc                                   0x08000c6d   Thumb Code    30  _sgetc.o(.text)
    _sbackspace                              0x08000c8b   Thumb Code    34  _sgetc.o(.text)
    __strtod_int                             0x08000ce3   Thumb Code    90  strtod.o(.text)
    __I$use$fp                               0x08000d49   Thumb Code     0  iusefp.o(.text)
    __aeabi_dadd                             0x08000d49   Thumb Code   322  dadd.o(.text)
    __aeabi_dsub                             0x08000e8b   Thumb Code     6  dadd.o(.text)
    __aeabi_drsub                            0x08000e91   Thumb Code     6  dadd.o(.text)
    __aeabi_dmul                             0x08000e97   Thumb Code   228  dmul.o(.text)
    __aeabi_ddiv                             0x08000f7b   Thumb Code   222  ddiv.o(.text)
    __aeabi_d2ulz                            0x08001059   Thumb Code    48  dfixul.o(.text)
    __aeabi_cdrcmple                         0x08001089   Thumb Code    48  cdrcmple.o(.text)
    __scatterload                            0x080010b9   Thumb Code    28  init.o(.text)
    __scatterload_rt2                        0x080010b9   Thumb Code     0  init.o(.text)
    __aeabi_lasr                             0x080010dd   Thumb Code    36  llsshr.o(.text)
    _ll_sshift_r                             0x080010dd   Thumb Code     0  llsshr.o(.text)
    isspace                                  0x08001101   Thumb Code    10  isspace_c.o(.text)
    _chval                                   0x0800110b   Thumb Code    28  _chval.o(.text)
    __vfscanf                                0x08001129   Thumb Code   810  _scanf.o(.text)
    _double_round                            0x08001459   Thumb Code    30  depilogue.o(.text)
    _double_epilogue                         0x08001477   Thumb Code   156  depilogue.o(.text)
    __aeabi_ul2d                             0x08001513   Thumb Code    24  dfltul.o(.text)
    __aeabi_d2f                              0x0800152b   Thumb Code    56  d2f.o(.text)
    __ctype_lookup                           0x08001565   Thumb Code    34  ctype_c.o(.text)
    _float_round                             0x0800158d   Thumb Code    18  fepilogue.o(.text)
    _float_epilogue                          0x0800159f   Thumb Code    92  fepilogue.o(.text)
    BusFault_Handler                         0x080015fb   Thumb Code     2  stm32h7xx_it.o(i.BusFault_Handler)
    CmdTask                                  0x080015fd   Thumb Code   638  cmd.o(i.CmdTask)
    DMA1_Stream0_IRQHandler                  0x080018d1   Thumb Code     6  stm32h7xx_it.o(i.DMA1_Stream0_IRQHandler)
    DMA1_Stream1_IRQHandler                  0x080018dd   Thumb Code     6  stm32h7xx_it.o(i.DMA1_Stream1_IRQHandler)
    DebugMon_Handler                         0x08001d21   Thumb Code     2  stm32h7xx_it.o(i.DebugMon_Handler)
    Error_Handler                            0x08001d23   Thumb Code     4  main.o(i.Error_Handler)
    HAL_DMA_Abort                            0x08001d29   Thumb Code   836  stm32h7xx_hal_dma.o(i.HAL_DMA_Abort)
    HAL_DMA_Abort_IT                         0x08002089   Thumb Code   602  stm32h7xx_hal_dma.o(i.HAL_DMA_Abort_IT)
    HAL_DMA_IRQHandler                       0x0800230d   Thumb Code  1756  stm32h7xx_hal_dma.o(i.HAL_DMA_IRQHandler)
    HAL_DMA_Init                             0x080029f5   Thumb Code   926  stm32h7xx_hal_dma.o(i.HAL_DMA_Init)
    HAL_DMA_Start_IT                         0x08002db9   Thumb Code   628  stm32h7xx_hal_dma.o(i.HAL_DMA_Start_IT)
    HAL_GPIO_Init                            0x08003055   Thumb Code   506  stm32h7xx_hal_gpio.o(i.HAL_GPIO_Init)
    HAL_GPIO_TogglePin                       0x08003281   Thumb Code    16  stm32h7xx_hal_gpio.o(i.HAL_GPIO_TogglePin)
    HAL_GPIO_WritePin                        0x08003291   Thumb Code    10  stm32h7xx_hal_gpio.o(i.HAL_GPIO_WritePin)
    HAL_GetREVID                             0x0800329d   Thumb Code     8  stm32h7xx_hal.o(i.HAL_GetREVID)
    HAL_GetTick                              0x080032a9   Thumb Code     6  stm32h7xx_hal.o(i.HAL_GetTick)
    HAL_IncTick                              0x080032b5   Thumb Code    12  stm32h7xx_hal.o(i.HAL_IncTick)
    HAL_Init                                 0x080032c5   Thumb Code    74  stm32h7xx_hal.o(i.HAL_Init)
    HAL_InitTick                             0x08003321   Thumb Code   110  stm32h7xx_hal_timebase_tim.o(i.HAL_InitTick)
    HAL_MPU_ConfigRegion                     0x080033a5   Thumb Code    86  stm32h7xx_hal_cortex.o(i.HAL_MPU_ConfigRegion)
    HAL_MPU_Disable                          0x08003401   Thumb Code    24  stm32h7xx_hal_cortex.o(i.HAL_MPU_Disable)
    HAL_MPU_Enable                           0x0800341d   Thumb Code    30  stm32h7xx_hal_cortex.o(i.HAL_MPU_Enable)
    HAL_MspInit                              0x08003441   Thumb Code    32  stm32h7xx_hal_msp.o(i.HAL_MspInit)
    HAL_NVIC_EnableIRQ                       0x08003465   Thumb Code    26  stm32h7xx_hal_cortex.o(i.HAL_NVIC_EnableIRQ)
    HAL_NVIC_SetPriority                     0x08003481   Thumb Code    60  stm32h7xx_hal_cortex.o(i.HAL_NVIC_SetPriority)
    HAL_NVIC_SetPriorityGrouping             0x080034c1   Thumb Code    28  stm32h7xx_hal_cortex.o(i.HAL_NVIC_SetPriorityGrouping)
    HAL_PWREx_ConfigSupply                   0x080034e5   Thumb Code    78  stm32h7xx_hal_pwr_ex.o(i.HAL_PWREx_ConfigSupply)
    HAL_RCCEx_GetD3PCLK1Freq                 0x08003539   Thumb Code    26  stm32h7xx_hal_rcc_ex.o(i.HAL_RCCEx_GetD3PCLK1Freq)
    HAL_RCCEx_GetPLL2ClockFreq               0x0800355d   Thumb Code   296  stm32h7xx_hal_rcc_ex.o(i.HAL_RCCEx_GetPLL2ClockFreq)
    HAL_RCCEx_GetPLL3ClockFreq               0x080036a1   Thumb Code   296  stm32h7xx_hal_rcc_ex.o(i.HAL_RCCEx_GetPLL3ClockFreq)
    HAL_RCCEx_PeriphCLKConfig                0x080037e5   Thumb Code  2472  stm32h7xx_hal_rcc_ex.o(i.HAL_RCCEx_PeriphCLKConfig)
    HAL_RCC_ClockConfig                      0x08004191   Thumb Code   580  stm32h7xx_hal_rcc.o(i.HAL_RCC_ClockConfig)
    HAL_RCC_GetClockConfig                   0x080043ed   Thumb Code    84  stm32h7xx_hal_rcc.o(i.HAL_RCC_GetClockConfig)
    HAL_RCC_GetHCLKFreq                      0x08004449   Thumb Code    52  stm32h7xx_hal_rcc.o(i.HAL_RCC_GetHCLKFreq)
    HAL_RCC_GetPCLK1Freq                     0x0800448d   Thumb Code    26  stm32h7xx_hal_rcc.o(i.HAL_RCC_GetPCLK1Freq)
    HAL_RCC_GetPCLK2Freq                     0x080044b1   Thumb Code    26  stm32h7xx_hal_rcc.o(i.HAL_RCC_GetPCLK2Freq)
    HAL_RCC_GetSysClockFreq                  0x080044d5   Thumb Code   278  stm32h7xx_hal_rcc.o(i.HAL_RCC_GetSysClockFreq)
    HAL_RCC_OscConfig                        0x0800460d   Thumb Code  1410  stm32h7xx_hal_rcc.o(i.HAL_RCC_OscConfig)
    HAL_TIMEx_Break2Callback                 0x08004b8f   Thumb Code     2  stm32h7xx_hal_tim_ex.o(i.HAL_TIMEx_Break2Callback)
    HAL_TIMEx_BreakCallback                  0x08004b91   Thumb Code     2  stm32h7xx_hal_tim_ex.o(i.HAL_TIMEx_BreakCallback)
    HAL_TIMEx_CommutCallback                 0x08004b93   Thumb Code     2  stm32h7xx_hal_tim_ex.o(i.HAL_TIMEx_CommutCallback)
    HAL_TIM_Base_Init                        0x08004b95   Thumb Code    98  stm32h7xx_hal_tim.o(i.HAL_TIM_Base_Init)
    HAL_TIM_Base_MspInit                     0x08004bf7   Thumb Code     2  stm32h7xx_hal_tim.o(i.HAL_TIM_Base_MspInit)
    HAL_TIM_Base_Start_IT                    0x08004bf9   Thumb Code   106  stm32h7xx_hal_tim.o(i.HAL_TIM_Base_Start_IT)
    HAL_TIM_IC_CaptureCallback               0x08004c85   Thumb Code     2  stm32h7xx_hal_tim.o(i.HAL_TIM_IC_CaptureCallback)
    HAL_TIM_IRQHandler                       0x08004c87   Thumb Code   328  stm32h7xx_hal_tim.o(i.HAL_TIM_IRQHandler)
    HAL_TIM_OC_DelayElapsedCallback          0x08004dcf   Thumb Code     2  stm32h7xx_hal_tim.o(i.HAL_TIM_OC_DelayElapsedCallback)
    HAL_TIM_PWM_PulseFinishedCallback        0x08004dd1   Thumb Code     2  stm32h7xx_hal_tim.o(i.HAL_TIM_PWM_PulseFinishedCallback)
    HAL_TIM_PeriodElapsedCallback            0x08004dd5   Thumb Code    14  main.o(i.HAL_TIM_PeriodElapsedCallback)
    HAL_TIM_TriggerCallback                  0x08004de9   Thumb Code     2  stm32h7xx_hal_tim.o(i.HAL_TIM_TriggerCallback)
    HAL_UARTEx_DisableFifoMode               0x08004deb   Thumb Code    64  stm32h7xx_hal_uart_ex.o(i.HAL_UARTEx_DisableFifoMode)
    HAL_UARTEx_ReceiveToIdle_DMA             0x08004e2b   Thumb Code    74  stm32h7xx_hal_uart_ex.o(i.HAL_UARTEx_ReceiveToIdle_DMA)
    HAL_UARTEx_RxEventCallback               0x08004e75   Thumb Code    32  stm32h7xx_it.o(i.HAL_UARTEx_RxEventCallback)
    HAL_UARTEx_RxFifoFullCallback            0x08004ea1   Thumb Code     2  stm32h7xx_hal_uart_ex.o(i.HAL_UARTEx_RxFifoFullCallback)
    HAL_UARTEx_SetRxFifoThreshold            0x08004ea3   Thumb Code    76  stm32h7xx_hal_uart_ex.o(i.HAL_UARTEx_SetRxFifoThreshold)
    HAL_UARTEx_SetTxFifoThreshold            0x08004eef   Thumb Code    76  stm32h7xx_hal_uart_ex.o(i.HAL_UARTEx_SetTxFifoThreshold)
    HAL_UARTEx_TxFifoEmptyCallback           0x08004f3b   Thumb Code     2  stm32h7xx_hal_uart_ex.o(i.HAL_UARTEx_TxFifoEmptyCallback)
    HAL_UARTEx_WakeupCallback                0x08004f3d   Thumb Code     2  stm32h7xx_hal_uart_ex.o(i.HAL_UARTEx_WakeupCallback)
    HAL_UART_AbortCpltCallback               0x08004f3f   Thumb Code     2  stm32h7xx_hal_uart.o(i.HAL_UART_AbortCpltCallback)
    HAL_UART_AbortReceiveCpltCallback        0x08004f41   Thumb Code     2  stm32h7xx_hal_uart.o(i.HAL_UART_AbortReceiveCpltCallback)
    HAL_UART_AbortTransmitCpltCallback       0x08004f43   Thumb Code     2  stm32h7xx_hal_uart.o(i.HAL_UART_AbortTransmitCpltCallback)
    HAL_UART_ErrorCallback                   0x08004f45   Thumb Code     2  stm32h7xx_hal_uart.o(i.HAL_UART_ErrorCallback)
    HAL_UART_GetState                        0x08004f47   Thumb Code    14  stm32h7xx_hal_uart.o(i.HAL_UART_GetState)
    HAL_UART_IRQHandler                      0x08004f55   Thumb Code   872  stm32h7xx_hal_uart.o(i.HAL_UART_IRQHandler)
    HAL_UART_Init                            0x080052d5   Thumb Code   124  stm32h7xx_hal_uart.o(i.HAL_UART_Init)
    HAL_UART_MspInit                         0x08005355   Thumb Code   230  usart.o(i.HAL_UART_MspInit)
    HAL_UART_Receive_DMA                     0x08005451   Thumb Code    66  stm32h7xx_hal_uart.o(i.HAL_UART_Receive_DMA)
    HAL_UART_RxCpltCallback                  0x08005499   Thumb Code     2  stm32h7xx_hal_uart.o(i.HAL_UART_RxCpltCallback)
    HAL_UART_RxHalfCpltCallback              0x0800549b   Thumb Code     2  stm32h7xx_hal_uart.o(i.HAL_UART_RxHalfCpltCallback)
    HAL_UART_Transmit_DMA                    0x0800549d   Thumb Code   132  stm32h7xx_hal_uart.o(i.HAL_UART_Transmit_DMA)
    HAL_UART_TxCpltCallback                  0x0800552d   Thumb Code     2  stm32h7xx_hal_uart.o(i.HAL_UART_TxCpltCallback)
    HAL_UART_TxHalfCpltCallback              0x0800552f   Thumb Code     2  stm32h7xx_hal_uart.o(i.HAL_UART_TxHalfCpltCallback)
    HardFault_Handler                        0x08005531   Thumb Code     2  stm32h7xx_it.o(i.HardFault_Handler)
    MX_DMA_Init                              0x08005535   Thumb Code    56  dma.o(i.MX_DMA_Init)
    MX_FREERTOS_Init                         0x08005571   Thumb Code    56  freertos.o(i.MX_FREERTOS_Init)
    MX_GPIO_Init                             0x080055b9   Thumb Code   118  gpio.o(i.MX_GPIO_Init)
    MX_USART3_UART_Init                      0x08005639   Thumb Code    94  usart.o(i.MX_USART3_UART_Init)
    MemManage_Handler                        0x080056a1   Thumb Code     2  stm32h7xx_it.o(i.MemManage_Handler)
    NMI_Handler                              0x080056a3   Thumb Code     2  stm32h7xx_it.o(i.NMI_Handler)
    StartDefaultTask                         0x080058e5   Thumb Code    26  freertos.o(i.StartDefaultTask)
    SysTick_Handler                          0x08005905   Thumb Code    26  cmsis_os2.o(i.SysTick_Handler)
    SystemClock_Config                       0x08005921   Thumb Code   208  main.o(i.SystemClock_Config)
    SystemInit                               0x080059fd   Thumb Code   180  system_stm32h7xx.o(i.SystemInit)
    TIM17_IRQHandler                         0x08005ad9   Thumb Code     6  stm32h7xx_it.o(i.TIM17_IRQHandler)
    TIM_Base_SetConfig                       0x08005ae5   Thumb Code   176  stm32h7xx_hal_tim.o(i.TIM_Base_SetConfig)
    UART_AdvFeatureConfig                    0x08005bf9   Thumb Code   200  stm32h7xx_hal_uart.o(i.UART_AdvFeatureConfig)
    UART_CheckIdleState                      0x08005cc1   Thumb Code   170  stm32h7xx_hal_uart.o(i.UART_CheckIdleState)
    UART_InitCallbacksToDefault              0x08005f3d   Thumb Code    74  stm32h7xx_hal_uart.o(i.UART_InitCallbacksToDefault)
    UART_SetConfig                           0x08005fb9   Thumb Code   876  stm32h7xx_hal_uart.o(i.UART_SetConfig)
    UART_Start_Receive_DMA                   0x08006365   Thumb Code   156  stm32h7xx_hal_uart.o(i.UART_Start_Receive_DMA)
    UART_WaitOnFlagUntilTimeout              0x0800640d   Thumb Code   148  stm32h7xx_hal_uart.o(i.UART_WaitOnFlagUntilTimeout)
    USART3_IRQHandler                        0x080064a1   Thumb Code     6  stm32h7xx_it.o(i.USART3_IRQHandler)
    UsageFault_Handler                       0x080064ad   Thumb Code     2  stm32h7xx_it.o(i.UsageFault_Handler)
    __0sprintf                               0x080064b1   Thumb Code    34  printfa.o(i.__0sprintf)
    __1sprintf                               0x080064b1   Thumb Code     0  printfa.o(i.__0sprintf)
    __2sprintf                               0x080064b1   Thumb Code     0  printfa.o(i.__0sprintf)
    __c89sprintf                             0x080064b1   Thumb Code     0  printfa.o(i.__0sprintf)
    sprintf                                  0x080064b1   Thumb Code     0  printfa.o(i.__0sprintf)
    free                                     0x080064fd   Thumb Code    88  mallocr.o(i.__free$realloc)
    malloc                                   0x08006559   Thumb Code    64  mallocr.o(i.__malloc$realloc)
    __scatterload_copy                       0x080065a9   Thumb Code    14  handlers.o(i.__scatterload_copy)
    __scatterload_null                       0x080065b7   Thumb Code     2  handlers.o(i.__scatterload_null)
    __scatterload_zeroinit                   0x080065b9   Thumb Code    14  handlers.o(i.__scatterload_zeroinit)
    _is_digit                                0x0800674d   Thumb Code    14  scanf_fp.o(i._is_digit)
    cJSON_AddStringToObject                  0x08006f21   Thumb Code    44  cjson.o(i.cJSON_AddStringToObject)
    cJSON_CreateObject                       0x08006f51   Thumb Code    18  cjson.o(i.cJSON_CreateObject)
    cJSON_CreateString                       0x08006f69   Thumb Code    44  cjson.o(i.cJSON_CreateString)
    cJSON_Delete                             0x08006f99   Thumb Code    66  cjson.o(i.cJSON_Delete)
    cJSON_GetNumberValue                     0x08006fe1   Thumb Code    22  cjson.o(i.cJSON_GetNumberValue)
    cJSON_GetObjectItem                      0x08007001   Thumb Code     6  cjson.o(i.cJSON_GetObjectItem)
    cJSON_GetStringValue                     0x08007007   Thumb Code    16  cjson.o(i.cJSON_GetStringValue)
    cJSON_IsNumber                           0x08007017   Thumb Code    18  cjson.o(i.cJSON_IsNumber)
    cJSON_IsString                           0x08007029   Thumb Code    18  cjson.o(i.cJSON_IsString)
    cJSON_ParseWithLength                    0x08007053   Thumb Code     8  cjson.o(i.cJSON_ParseWithLength)
    cJSON_ParseWithLengthOpts                0x0800705d   Thumb Code   210  cjson.o(i.cJSON_ParseWithLengthOpts)
    cJSON_Print                              0x08007139   Thumb Code     8  cjson.o(i.cJSON_Print)
    cJSON_ReplaceItemInObject                0x08007145   Thumb Code     6  cjson.o(i.cJSON_ReplaceItemInObject)
    cJSON_ReplaceItemViaPointer              0x0800714b   Thumb Code    82  cjson.o(i.cJSON_ReplaceItemViaPointer)
    cJSON_free                               0x0800719d   Thumb Code     6  cjson.o(i.cJSON_free)
    fabs                                     0x080072ab   Thumb Code    24  fabs.o(i.fabs)
    main                                     0x0800738d   Thumb Code   110  main.o(i.main)
    osDelay                                  0x080073fb   Thumb Code    28  cmsis_os2.o(i.osDelay)
    osKernelInitialize                       0x08007419   Thumb Code    32  cmsis_os2.o(i.osKernelInitialize)
    osKernelStart                            0x0800743d   Thumb Code    48  cmsis_os2.o(i.osKernelStart)
    osMutexAcquire                           0x08007475   Thumb Code    82  cmsis_os2.o(i.osMutexAcquire)
    osMutexNew                               0x080074c7   Thumb Code   104  cmsis_os2.o(i.osMutexNew)
    osMutexRelease                           0x0800752f   Thumb Code    66  cmsis_os2.o(i.osMutexRelease)
    osSemaphoreAcquire                       0x08007571   Thumb Code    92  cmsis_os2.o(i.osSemaphoreAcquire)
    osSemaphoreNew                           0x080075d1   Thumb Code   152  cmsis_os2.o(i.osSemaphoreNew)
    osSemaphoreRelease                       0x08007669   Thumb Code    86  cmsis_os2.o(i.osSemaphoreRelease)
    osThreadNew                              0x080076c5   Thumb Code   144  cmsis_os2.o(i.osThreadNew)
    pvPortMalloc                             0x080089ad   Thumb Code   216  heap_4.o(i.pvPortMalloc)
    pvTaskIncrementMutexHeldCount            0x08008a89   Thumb Code    18  tasks.o(i.pvTaskIncrementMutexHeldCount)
    pxPortInitialiseStack                    0x08008aa1   Thumb Code    42  port.o(i.pxPortInitialiseStack)
    realloc                                  0x08008ad1   Thumb Code   102  mallocr.o(i.realloc)
    strtod                                   0x08008b99   Thumb Code    34  strtod.o(i.strtod)
    sum                                      0x08008bc9   Thumb Code   182  cmd.o(i.sum)
    usart3Printf                             0x08008ccd   Thumb Code    72  cmd.o(i.usart3Printf)
    uxListRemove                             0x08008df9   Thumb Code    38  list.o(i.uxListRemove)
    vApplicationGetIdleTaskMemory            0x08008e21   Thumb Code    18  cmsis_os2.o(i.vApplicationGetIdleTaskMemory)
    vApplicationGetTimerTaskMemory           0x08008e39   Thumb Code    20  cmsis_os2.o(i.vApplicationGetTimerTaskMemory)
    vListInitialise                          0x08008e51   Thumb Code    22  list.o(i.vListInitialise)
    vListInitialiseItem                      0x08008e67   Thumb Code     6  list.o(i.vListInitialiseItem)
    vListInsert                              0x08008e6d   Thumb Code    48  list.o(i.vListInsert)
    vListInsertEnd                           0x08008e9d   Thumb Code    24  list.o(i.vListInsertEnd)
    vPortEnterCritical                       0x08008eb5   Thumb Code    54  port.o(i.vPortEnterCritical)
    vPortExitCritical                        0x08008ef5   Thumb Code    34  port.o(i.vPortExitCritical)
    vPortFree                                0x08008f1d   Thumb Code    94  heap_4.o(i.vPortFree)
    vPortSetupTimerInterrupt                 0x08008f81   Thumb Code    32  port.o(i.vPortSetupTimerInterrupt)
    vPortValidateInterruptPriority           0x08008fa5   Thumb Code    74  port.o(i.vPortValidateInterruptPriority)
    vQueueAddToRegistry                      0x08008ff9   Thumb Code    34  queue.o(i.vQueueAddToRegistry)
    vQueueDelete                             0x08009021   Thumb Code    46  queue.o(i.vQueueDelete)
    vQueueUnregisterQueue                    0x08009051   Thumb Code    36  queue.o(i.vQueueUnregisterQueue)
    vQueueWaitForMessageRestricted           0x08009079   Thumb Code    68  queue.o(i.vQueueWaitForMessageRestricted)
    vTaskDelay                               0x080090bd   Thumb Code    66  tasks.o(i.vTaskDelay)
    vTaskInternalSetTimeOutState             0x08009109   Thumb Code    12  tasks.o(i.vTaskInternalSetTimeOutState)
    vTaskMissedYield                         0x08009119   Thumb Code     8  tasks.o(i.vTaskMissedYield)
    vTaskPlaceOnEventList                    0x08009125   Thumb Code    44  tasks.o(i.vTaskPlaceOnEventList)
    vTaskPlaceOnEventListRestricted          0x08009155   Thumb Code    52  tasks.o(i.vTaskPlaceOnEventListRestricted)
    vTaskPriorityDisinheritAfterTimeout      0x0800918d   Thumb Code   136  tasks.o(i.vTaskPriorityDisinheritAfterTimeout)
    vTaskStartScheduler                      0x0800921d   Thumb Code   118  tasks.o(i.vTaskStartScheduler)
    vTaskSuspendAll                          0x080092a5   Thumb Code    10  tasks.o(i.vTaskSuspendAll)
    vTaskSwitchContext                       0x080092b5   Thumb Code    90  tasks.o(i.vTaskSwitchContext)
    xPortStartScheduler                      0x08009319   Thumb Code   222  port.o(i.xPortStartScheduler)
    xPortSysTickHandler                      0x0800940d   Thumb Code    38  port.o(i.xPortSysTickHandler)
    xQueueCreateCountingSemaphore            0x08009439   Thumb Code    58  queue.o(i.xQueueCreateCountingSemaphore)
    xQueueCreateCountingSemaphoreStatic      0x08009473   Thumb Code    64  queue.o(i.xQueueCreateCountingSemaphoreStatic)
    xQueueCreateMutex                        0x080094b3   Thumb Code    22  queue.o(i.xQueueCreateMutex)
    xQueueCreateMutexStatic                  0x080094c9   Thumb Code    26  queue.o(i.xQueueCreateMutexStatic)
    xQueueGenericCreate                      0x080094e3   Thumb Code    66  queue.o(i.xQueueGenericCreate)
    xQueueGenericCreateStatic                0x08009525   Thumb Code   102  queue.o(i.xQueueGenericCreateStatic)
    xQueueGenericReset                       0x0800958d   Thumb Code   144  queue.o(i.xQueueGenericReset)
    xQueueGenericSend                        0x08009621   Thumb Code   346  queue.o(i.xQueueGenericSend)
    xQueueGenericSendFromISR                 0x08009781   Thumb Code   190  queue.o(i.xQueueGenericSendFromISR)
    xQueueGiveFromISR                        0x0800983f   Thumb Code   156  queue.o(i.xQueueGiveFromISR)
    xQueueGiveMutexRecursive                 0x080098db   Thumb Code    62  queue.o(i.xQueueGiveMutexRecursive)
    xQueueReceive                            0x08009919   Thumb Code   310  queue.o(i.xQueueReceive)
    xQueueReceiveFromISR                     0x08009a55   Thumb Code   156  queue.o(i.xQueueReceiveFromISR)
    xQueueSemaphoreTake                      0x08009af1   Thumb Code   376  queue.o(i.xQueueSemaphoreTake)
    xQueueTakeMutexRecursive                 0x08009c6d   Thumb Code    60  queue.o(i.xQueueTakeMutexRecursive)
    xTaskCheckForTimeOut                     0x08009ca9   Thumb Code   116  tasks.o(i.xTaskCheckForTimeOut)
    xTaskCreate                              0x08009d21   Thumb Code    90  tasks.o(i.xTaskCreate)
    xTaskCreateStatic                        0x08009d7b   Thumb Code    86  tasks.o(i.xTaskCreateStatic)
    xTaskGetCurrentTaskHandle                0x08009dd1   Thumb Code     6  tasks.o(i.xTaskGetCurrentTaskHandle)
    xTaskGetSchedulerState                   0x08009ddd   Thumb Code    22  tasks.o(i.xTaskGetSchedulerState)
    xTaskGetTickCount                        0x08009df9   Thumb Code     6  tasks.o(i.xTaskGetTickCount)
    xTaskIncrementTick                       0x08009e05   Thumb Code   192  tasks.o(i.xTaskIncrementTick)
    xTaskPriorityDisinherit                  0x08009ecd   Thumb Code   116  tasks.o(i.xTaskPriorityDisinherit)
    xTaskPriorityInherit                     0x08009f49   Thumb Code   114  tasks.o(i.xTaskPriorityInherit)
    xTaskRemoveFromEventList                 0x08009fc5   Thumb Code   100  tasks.o(i.xTaskRemoveFromEventList)
    xTaskResumeAll                           0x0800a035   Thumb Code   184  tasks.o(i.xTaskResumeAll)
    xTimerCreateTimerTask                    0x0800a0f9   Thumb Code    78  timers.o(i.xTimerCreateTimerTask)
    xTimerGenericCommand                     0x0800a159   Thumb Code    98  timers.o(i.xTimerGenericCommand)
    defaultTask_attributes                   0x0800a1c0   Data          36  freertos.o(.constdata)
    cmdTask_attributes                       0x0800a1e4   Data          36  freertos.o(.constdata)
    usart3Mutex_attributes                   0x0800a208   Data          16  freertos.o(.constdata)
    cmdRxBinarySem_attributes                0x0800a218   Data          16  freertos.o(.constdata)
    UARTPrescTable                           0x0800a230   Data          24  stm32h7xx_hal_uart.o(.constdata)
    D1CorePrescTable                         0x0800a258   Data          16  system_stm32h7xx.o(.constdata)
    __ctype_categories                       0x0800a268   Data          64  ctype_c.o(.constdata)
    Region$$Table$$Base                      0x0800a2dc   Number         0  anon$$obj.o(Region$$Table)
    Region$$Table$$Limit                     0x0800a2fc   Number         0  anon$$obj.o(Region$$Table)
    error_root                               0x24000000   Data           4  cmd.o(.data)
    callbacks                                0x24000004   Data           8  cmd.o(.data)
    defaultTaskHandle                        0x24000020   Data           4  freertos.o(.data)
    cmdTaskHandle                            0x24000024   Data           4  freertos.o(.data)
    usart3MutexHandle                        0x24000028   Data           4  freertos.o(.data)
    cmdRxBinarySemHandle                     0x2400002c   Data           4  freertos.o(.data)
    uwTickFreq                               0x24000030   Data           1  stm32h7xx_hal.o(.data)
    uwTickPrio                               0x24000034   Data           4  stm32h7xx_hal.o(.data)
    uwTick                                   0x24000038   Data           4  stm32h7xx_hal.o(.data)
    SystemCoreClock                          0x2400003c   Data           4  system_stm32h7xx.o(.data)
    SystemD2Clock                            0x24000040   Data           4  system_stm32h7xx.o(.data)
    pxCurrentTCB                             0x24000044   Data           4  tasks.o(.data)
    __microlib_freelist                      0x240000c4   Data           4  mvars.o(.data)
    __microlib_freelist_initialised          0x240000c8   Data           4  mvars.o(.data)
    rx_buf                                   0x240000cc   Data         128  cmd.o(.bss)
    huart3                                   0x2400014c   Data         204  usart.o(.bss)
    hdma_usart3_rx                           0x24000218   Data         120  usart.o(.bss)
    hdma_usart3_tx                           0x24000290   Data         120  usart.o(.bss)
    htim17                                   0x24000308   Data          76  stm32h7xx_hal_timebase_tim.o(.bss)
    xQueueRegistry                           0x24000354   Data          64  queue.o(.bss)
    __heap_base                              0x24004c28   Data           0  startup_stm32h750xx.o(HEAP)
    __heap_limit                             0x24005c28   Data           0  startup_stm32h750xx.o(HEAP)
    __initial_sp                             0x24006028   Data           0  startup_stm32h750xx.o(STACK)



==============================================================================

Memory Map of the image

  Image Entry point : 0x08000299

  Load Region LR_IROM1 (Base: 0x08000000, Size: 0x0000a3c8, Max: 0x00020000, ABSOLUTE)

    Execution Region ER_IROM1 (Exec base: 0x08000000, Load base: 0x08000000, Size: 0x0000a2fc, Max: 0x00020000, ABSOLUTE)

    Exec Addr    Load Addr    Size         Type   Attr      Idx    E Section Name        Object

    0x08000000   0x08000000   0x00000298   Data   RO            3    RESET               startup_stm32h750xx.o
    0x08000298   0x08000298   0x00000000   Code   RO         7163  * .ARM.Collect$$$$00000000  mc_w.l(entry.o)
    0x08000298   0x08000298   0x00000004   Code   RO         7485    .ARM.Collect$$$$00000001  mc_w.l(entry2.o)
    0x0800029c   0x0800029c   0x00000004   Code   RO         7488    .ARM.Collect$$$$00000004  mc_w.l(entry5.o)
    0x080002a0   0x080002a0   0x00000000   Code   RO         7490    .ARM.Collect$$$$00000008  mc_w.l(entry7b.o)
    0x080002a0   0x080002a0   0x00000000   Code   RO         7492    .ARM.Collect$$$$0000000A  mc_w.l(entry8b.o)
    0x080002a0   0x080002a0   0x00000008   Code   RO         7493    .ARM.Collect$$$$0000000B  mc_w.l(entry9a.o)
    0x080002a8   0x080002a8   0x00000004   Code   RO         7500    .ARM.Collect$$$$0000000E  mc_w.l(entry12b.o)
    0x080002ac   0x080002ac   0x00000000   Code   RO         7495    .ARM.Collect$$$$0000000F  mc_w.l(entry10a.o)
    0x080002ac   0x080002ac   0x00000000   Code   RO         7497    .ARM.Collect$$$$00000011  mc_w.l(entry11a.o)
    0x080002ac   0x080002ac   0x00000004   Code   RO         7486    .ARM.Collect$$$$00002712  mc_w.l(entry2.o)
    0x080002b0   0x080002b0   0x000000be   Code   RO         7074    .emb_text           port.o
    0x0800036e   0x0800036e   0x00000002   PAD
    0x08000370   0x08000370   0x00000024   Code   RO            4    .text               startup_stm32h750xx.o
    0x08000394   0x08000394   0x00000062   Code   RO         7166    .text               mc_w.l(uldiv.o)
    0x080003f6   0x080003f6   0x0000000c   Code   RO         7168    .text               mc_w.l(tolower.o)
    0x08000402   0x08000402   0x00000028   Code   RO         7170    .text               mc_w.l(memcpy.o)
    0x0800042a   0x0800042a   0x00000024   Code   RO         7176    .text               mc_w.l(memseta.o)
    0x0800044e   0x0800044e   0x00000018   Code   RO         7178    .text               mc_w.l(strcat.o)
    0x08000466   0x08000466   0x0000000e   Code   RO         7180    .text               mc_w.l(strlen.o)
    0x08000474   0x08000474   0x0000001c   Code   RO         7182    .text               mc_w.l(strcmp.o)
    0x08000490   0x08000490   0x00000012   Code   RO         7184    .text               mc_w.l(strcpy.o)
    0x080004a2   0x080004a2   0x0000001e   Code   RO         7186    .text               mc_w.l(strncmp.o)
    0x080004c0   0x080004c0   0x00000038   Code   RO         7483    .text               mc_w.l(sscanf.o)
    0x080004f8   0x080004f8   0x0000002c   Code   RO         7504    .text               mc_w.l(uidiv.o)
    0x08000524   0x08000524   0x0000001e   Code   RO         7506    .text               mc_w.l(llshl.o)
    0x08000542   0x08000542   0x00000020   Code   RO         7508    .text               mc_w.l(llushr.o)
    0x08000562   0x08000562   0x00000156   Code   RO         7512    .text               mc_w.l(_scanf_longlong.o)
    0x080006b8   0x080006b8   0x0000014c   Code   RO         7514    .text               mc_w.l(_scanf_int.o)
    0x08000804   0x08000804   0x000000e0   Code   RO         7516    .text               mc_w.l(_scanf_str.o)
    0x080008e4   0x080008e4   0x00000360   Code   RO         7518    .text               mc_w.l(scanf_fp.o)
    0x08000c44   0x08000c44   0x00000028   Code   RO         7522    .text               mc_w.l(scanf_char.o)
    0x08000c6c   0x08000c6c   0x00000040   Code   RO         7524    .text               mc_w.l(_sgetc.o)
    0x08000cac   0x08000cac   0x0000009c   Code   RO         7526    .text               mc_w.l(strtod.o)
    0x08000d48   0x08000d48   0x00000000   Code   RO         7528    .text               mc_w.l(iusefp.o)
    0x08000d48   0x08000d48   0x0000014e   Code   RO         7529    .text               mf_w.l(dadd.o)
    0x08000e96   0x08000e96   0x000000e4   Code   RO         7531    .text               mf_w.l(dmul.o)
    0x08000f7a   0x08000f7a   0x000000de   Code   RO         7533    .text               mf_w.l(ddiv.o)
    0x08001058   0x08001058   0x00000030   Code   RO         7535    .text               mf_w.l(dfixul.o)
    0x08001088   0x08001088   0x00000030   Code   RO         7537    .text               mf_w.l(cdrcmple.o)
    0x080010b8   0x080010b8   0x00000024   Code   RO         7539    .text               mc_w.l(init.o)
    0x080010dc   0x080010dc   0x00000024   Code   RO         7542    .text               mc_w.l(llsshr.o)
    0x08001100   0x08001100   0x0000000a   Code   RO         7544    .text               mc_w.l(isspace_c.o)
    0x0800110a   0x0800110a   0x0000001c   Code   RO         7546    .text               mc_w.l(_chval.o)
    0x08001126   0x08001126   0x00000002   PAD
    0x08001128   0x08001128   0x00000330   Code   RO         7548    .text               mc_w.l(_scanf.o)
    0x08001458   0x08001458   0x000000ba   Code   RO         7551    .text               mf_w.l(depilogue.o)
    0x08001512   0x08001512   0x00000018   Code   RO         7553    .text               mf_w.l(dfltul.o)
    0x0800152a   0x0800152a   0x00000038   Code   RO         7555    .text               mf_w.l(d2f.o)
    0x08001562   0x08001562   0x00000002   PAD
    0x08001564   0x08001564   0x00000028   Code   RO         7557    .text               mc_w.l(ctype_c.o)
    0x0800158c   0x0800158c   0x0000006e   Code   RO         7560    .text               mf_w.l(fepilogue.o)
    0x080015fa   0x080015fa   0x00000002   Code   RO         1246    i.BusFault_Handler  stm32h7xx_it.o
    0x080015fc   0x080015fc   0x000002d4   Code   RO           13    i.CmdTask           cmd.o
    0x080018d0   0x080018d0   0x0000000c   Code   RO         1247    i.DMA1_Stream0_IRQHandler  stm32h7xx_it.o
    0x080018dc   0x080018dc   0x0000000c   Code   RO         1248    i.DMA1_Stream1_IRQHandler  stm32h7xx_it.o
    0x080018e8   0x080018e8   0x000000b4   Code   RO         2170    i.DMA_CalcBaseAndBitshift  stm32h7xx_hal_dma.o
    0x0800199c   0x0800199c   0x0000009c   Code   RO         2171    i.DMA_CalcDMAMUXChannelBaseAndMask  stm32h7xx_hal_dma.o
    0x08001a38   0x08001a38   0x00000074   Code   RO         2172    i.DMA_CalcDMAMUXRequestGenBaseAndMask  stm32h7xx_hal_dma.o
    0x08001aac   0x08001aac   0x00000054   Code   RO         2173    i.DMA_CheckFifoParam  stm32h7xx_hal_dma.o
    0x08001b00   0x08001b00   0x00000220   Code   RO         2174    i.DMA_SetConfig     stm32h7xx_hal_dma.o
    0x08001d20   0x08001d20   0x00000002   Code   RO         1249    i.DebugMon_Handler  stm32h7xx_it.o
    0x08001d22   0x08001d22   0x00000004   Code   RO         1051    i.Error_Handler     main.o
    0x08001d26   0x08001d26   0x00000002   PAD
    0x08001d28   0x08001d28   0x00000360   Code   RO         2175    i.HAL_DMA_Abort     stm32h7xx_hal_dma.o
    0x08002088   0x08002088   0x00000284   Code   RO         2176    i.HAL_DMA_Abort_IT  stm32h7xx_hal_dma.o
    0x0800230c   0x0800230c   0x000006e8   Code   RO         2180    i.HAL_DMA_IRQHandler  stm32h7xx_hal_dma.o
    0x080029f4   0x080029f4   0x000003c4   Code   RO         2181    i.HAL_DMA_Init      stm32h7xx_hal_dma.o
    0x08002db8   0x08002db8   0x0000029c   Code   RO         2185    i.HAL_DMA_Start_IT  stm32h7xx_hal_dma.o
    0x08003054   0x08003054   0x0000022c   Code   RO         2023    i.HAL_GPIO_Init     stm32h7xx_hal_gpio.o
    0x08003280   0x08003280   0x00000010   Code   RO         2026    i.HAL_GPIO_TogglePin  stm32h7xx_hal_gpio.o
    0x08003290   0x08003290   0x0000000a   Code   RO         2027    i.HAL_GPIO_WritePin  stm32h7xx_hal_gpio.o
    0x0800329a   0x0800329a   0x00000002   PAD
    0x0800329c   0x0800329c   0x0000000c   Code   RO         2895    i.HAL_GetREVID      stm32h7xx_hal.o
    0x080032a8   0x080032a8   0x0000000c   Code   RO         2896    i.HAL_GetTick       stm32h7xx_hal.o
    0x080032b4   0x080032b4   0x00000010   Code   RO         2902    i.HAL_IncTick       stm32h7xx_hal.o
    0x080032c4   0x080032c4   0x0000005c   Code   RO         2903    i.HAL_Init          stm32h7xx_hal.o
    0x08003320   0x08003320   0x00000084   Code   RO         1358    i.HAL_InitTick      stm32h7xx_hal_timebase_tim.o
    0x080033a4   0x080033a4   0x0000005c   Code   RO         1398    i.HAL_MPU_ConfigRegion  stm32h7xx_hal_cortex.o
    0x08003400   0x08003400   0x0000001c   Code   RO         1399    i.HAL_MPU_Disable   stm32h7xx_hal_cortex.o
    0x0800341c   0x0800341c   0x00000024   Code   RO         1401    i.HAL_MPU_Enable    stm32h7xx_hal_cortex.o
    0x08003440   0x08003440   0x00000024   Code   RO         1334    i.HAL_MspInit       stm32h7xx_hal_msp.o
    0x08003464   0x08003464   0x0000001a   Code   RO         1405    i.HAL_NVIC_EnableIRQ  stm32h7xx_hal_cortex.o
    0x0800347e   0x0800347e   0x00000002   PAD
    0x08003480   0x08003480   0x00000040   Code   RO         1411    i.HAL_NVIC_SetPriority  stm32h7xx_hal_cortex.o
    0x080034c0   0x080034c0   0x00000024   Code   RO         1412    i.HAL_NVIC_SetPriorityGrouping  stm32h7xx_hal_cortex.o
    0x080034e4   0x080034e4   0x00000054   Code   RO         2624    i.HAL_PWREx_ConfigSupply  stm32h7xx_hal_pwr_ex.o
    0x08003538   0x08003538   0x00000024   Code   RO         1666    i.HAL_RCCEx_GetD3PCLK1Freq  stm32h7xx_hal_rcc_ex.o
    0x0800355c   0x0800355c   0x00000144   Code   RO         1668    i.HAL_RCCEx_GetPLL2ClockFreq  stm32h7xx_hal_rcc_ex.o
    0x080036a0   0x080036a0   0x00000144   Code   RO         1669    i.HAL_RCCEx_GetPLL3ClockFreq  stm32h7xx_hal_rcc_ex.o
    0x080037e4   0x080037e4   0x000009ac   Code   RO         1675    i.HAL_RCCEx_PeriphCLKConfig  stm32h7xx_hal_rcc_ex.o
    0x08004190   0x08004190   0x0000025c   Code   RO         1551    i.HAL_RCC_ClockConfig  stm32h7xx_hal_rcc.o
    0x080043ec   0x080043ec   0x0000005c   Code   RO         1555    i.HAL_RCC_GetClockConfig  stm32h7xx_hal_rcc.o
    0x08004448   0x08004448   0x00000044   Code   RO         1556    i.HAL_RCC_GetHCLKFreq  stm32h7xx_hal_rcc.o
    0x0800448c   0x0800448c   0x00000024   Code   RO         1558    i.HAL_RCC_GetPCLK1Freq  stm32h7xx_hal_rcc.o
    0x080044b0   0x080044b0   0x00000024   Code   RO         1559    i.HAL_RCC_GetPCLK2Freq  stm32h7xx_hal_rcc.o
    0x080044d4   0x080044d4   0x00000138   Code   RO         1560    i.HAL_RCC_GetSysClockFreq  stm32h7xx_hal_rcc.o
    0x0800460c   0x0800460c   0x00000582   Code   RO         1563    i.HAL_RCC_OscConfig  stm32h7xx_hal_rcc.o
    0x08004b8e   0x08004b8e   0x00000002   Code   RO         4503    i.HAL_TIMEx_Break2Callback  stm32h7xx_hal_tim_ex.o
    0x08004b90   0x08004b90   0x00000002   Code   RO         4504    i.HAL_TIMEx_BreakCallback  stm32h7xx_hal_tim_ex.o
    0x08004b92   0x08004b92   0x00000002   Code   RO         4505    i.HAL_TIMEx_CommutCallback  stm32h7xx_hal_tim_ex.o
    0x08004b94   0x08004b94   0x00000062   Code   RO         3789    i.HAL_TIM_Base_Init  stm32h7xx_hal_tim.o
    0x08004bf6   0x08004bf6   0x00000002   Code   RO         3791    i.HAL_TIM_Base_MspInit  stm32h7xx_hal_tim.o
    0x08004bf8   0x08004bf8   0x0000008c   Code   RO         3794    i.HAL_TIM_Base_Start_IT  stm32h7xx_hal_tim.o
    0x08004c84   0x08004c84   0x00000002   Code   RO         3823    i.HAL_TIM_IC_CaptureCallback  stm32h7xx_hal_tim.o
    0x08004c86   0x08004c86   0x00000148   Code   RO         3837    i.HAL_TIM_IRQHandler  stm32h7xx_hal_tim.o
    0x08004dce   0x08004dce   0x00000002   Code   RO         3840    i.HAL_TIM_OC_DelayElapsedCallback  stm32h7xx_hal_tim.o
    0x08004dd0   0x08004dd0   0x00000002   Code   RO         3867    i.HAL_TIM_PWM_PulseFinishedCallback  stm32h7xx_hal_tim.o
    0x08004dd2   0x08004dd2   0x00000002   PAD
    0x08004dd4   0x08004dd4   0x00000014   Code   RO         1052    i.HAL_TIM_PeriodElapsedCallback  main.o
    0x08004de8   0x08004de8   0x00000002   Code   RO         3880    i.HAL_TIM_TriggerCallback  stm32h7xx_hal_tim.o
    0x08004dea   0x08004dea   0x00000040   Code   RO         5244    i.HAL_UARTEx_DisableFifoMode  stm32h7xx_hal_uart_ex.o
    0x08004e2a   0x08004e2a   0x0000004a   Code   RO         5250    i.HAL_UARTEx_ReceiveToIdle_DMA  stm32h7xx_hal_uart_ex.o
    0x08004e74   0x08004e74   0x0000002c   Code   RO         1250    i.HAL_UARTEx_RxEventCallback  stm32h7xx_it.o
    0x08004ea0   0x08004ea0   0x00000002   Code   RO         5252    i.HAL_UARTEx_RxFifoFullCallback  stm32h7xx_hal_uart_ex.o
    0x08004ea2   0x08004ea2   0x0000004c   Code   RO         5253    i.HAL_UARTEx_SetRxFifoThreshold  stm32h7xx_hal_uart_ex.o
    0x08004eee   0x08004eee   0x0000004c   Code   RO         5254    i.HAL_UARTEx_SetTxFifoThreshold  stm32h7xx_hal_uart_ex.o
    0x08004f3a   0x08004f3a   0x00000002   Code   RO         5256    i.HAL_UARTEx_TxFifoEmptyCallback  stm32h7xx_hal_uart_ex.o
    0x08004f3c   0x08004f3c   0x00000002   Code   RO         5257    i.HAL_UARTEx_WakeupCallback  stm32h7xx_hal_uart_ex.o
    0x08004f3e   0x08004f3e   0x00000002   Code   RO         4805    i.HAL_UART_AbortCpltCallback  stm32h7xx_hal_uart.o
    0x08004f40   0x08004f40   0x00000002   Code   RO         4807    i.HAL_UART_AbortReceiveCpltCallback  stm32h7xx_hal_uart.o
    0x08004f42   0x08004f42   0x00000002   Code   RO         4810    i.HAL_UART_AbortTransmitCpltCallback  stm32h7xx_hal_uart.o
    0x08004f44   0x08004f44   0x00000002   Code   RO         4819    i.HAL_UART_ErrorCallback  stm32h7xx_hal_uart.o
    0x08004f46   0x08004f46   0x0000000e   Code   RO         4821    i.HAL_UART_GetState  stm32h7xx_hal_uart.o
    0x08004f54   0x08004f54   0x00000380   Code   RO         4822    i.HAL_UART_IRQHandler  stm32h7xx_hal_uart.o
    0x080052d4   0x080052d4   0x00000080   Code   RO         4823    i.HAL_UART_Init     stm32h7xx_hal_uart.o
    0x08005354   0x08005354   0x000000fc   Code   RO         1195    i.HAL_UART_MspInit  usart.o
    0x08005450   0x08005450   0x00000048   Code   RO         4827    i.HAL_UART_Receive_DMA  stm32h7xx_hal_uart.o
    0x08005498   0x08005498   0x00000002   Code   RO         4832    i.HAL_UART_RxCpltCallback  stm32h7xx_hal_uart.o
    0x0800549a   0x0800549a   0x00000002   Code   RO         4833    i.HAL_UART_RxHalfCpltCallback  stm32h7xx_hal_uart.o
    0x0800549c   0x0800549c   0x00000090   Code   RO         4835    i.HAL_UART_Transmit_DMA  stm32h7xx_hal_uart.o
    0x0800552c   0x0800552c   0x00000002   Code   RO         4837    i.HAL_UART_TxCpltCallback  stm32h7xx_hal_uart.o
    0x0800552e   0x0800552e   0x00000002   Code   RO         4838    i.HAL_UART_TxHalfCpltCallback  stm32h7xx_hal_uart.o
    0x08005530   0x08005530   0x00000002   Code   RO         1251    i.HardFault_Handler  stm32h7xx_it.o
    0x08005532   0x08005532   0x00000002   PAD
    0x08005534   0x08005534   0x0000003c   Code   RO         1170    i.MX_DMA_Init       dma.o
    0x08005570   0x08005570   0x00000048   Code   RO         1127    i.MX_FREERTOS_Init  freertos.o
    0x080055b8   0x080055b8   0x00000080   Code   RO         1103    i.MX_GPIO_Init      gpio.o
    0x08005638   0x08005638   0x00000068   Code   RO         1196    i.MX_USART3_UART_Init  usart.o
    0x080056a0   0x080056a0   0x00000002   Code   RO         1252    i.MemManage_Handler  stm32h7xx_it.o
    0x080056a2   0x080056a2   0x00000002   Code   RO         1253    i.NMI_Handler       stm32h7xx_it.o
    0x080056a4   0x080056a4   0x00000120   Code   RO         1678    i.RCCEx_PLL2_Config  stm32h7xx_hal_rcc_ex.o
    0x080057c4   0x080057c4   0x00000120   Code   RO         1679    i.RCCEx_PLL3_Config  stm32h7xx_hal_rcc_ex.o
    0x080058e4   0x080058e4   0x00000020   Code   RO         1128    i.StartDefaultTask  freertos.o
    0x08005904   0x08005904   0x0000001a   Code   RO         6506    i.SysTick_Handler   cmsis_os2.o
    0x0800591e   0x0800591e   0x00000002   PAD
    0x08005920   0x08005920   0x000000dc   Code   RO         1053    i.SystemClock_Config  main.o
    0x080059fc   0x080059fc   0x000000dc   Code   RO         5363    i.SystemInit        system_stm32h7xx.o
    0x08005ad8   0x08005ad8   0x0000000c   Code   RO         1254    i.TIM17_IRQHandler  stm32h7xx_it.o
    0x08005ae4   0x08005ae4   0x000000d0   Code   RO         3882    i.TIM_Base_SetConfig  stm32h7xx_hal_tim.o
    0x08005bb4   0x08005bb4   0x00000044   Code   RO         5258    i.UARTEx_SetNbDataToProcess  stm32h7xx_hal_uart_ex.o
    0x08005bf8   0x08005bf8   0x000000c8   Code   RO         4841    i.UART_AdvFeatureConfig  stm32h7xx_hal_uart.o
    0x08005cc0   0x08005cc0   0x000000aa   Code   RO         4842    i.UART_CheckIdleState  stm32h7xx_hal_uart.o
    0x08005d6a   0x08005d6a   0x00000012   Code   RO         4843    i.UART_DMAAbortOnError  stm32h7xx_hal_uart.o
    0x08005d7c   0x08005d7c   0x00000052   Code   RO         4844    i.UART_DMAError     stm32h7xx_hal_uart.o
    0x08005dce   0x08005dce   0x00000086   Code   RO         4845    i.UART_DMAReceiveCplt  stm32h7xx_hal_uart.o
    0x08005e54   0x08005e54   0x0000001e   Code   RO         4847    i.UART_DMARxHalfCplt  stm32h7xx_hal_uart.o
    0x08005e72   0x08005e72   0x0000003e   Code   RO         4849    i.UART_DMATransmitCplt  stm32h7xx_hal_uart.o
    0x08005eb0   0x08005eb0   0x00000008   Code   RO         4851    i.UART_DMATxHalfCplt  stm32h7xx_hal_uart.o
    0x08005eb8   0x08005eb8   0x00000054   Code   RO         4853    i.UART_EndRxTransfer  stm32h7xx_hal_uart.o
    0x08005f0c   0x08005f0c   0x0000002e   Code   RO         4854    i.UART_EndTxTransfer  stm32h7xx_hal_uart.o
    0x08005f3a   0x08005f3a   0x00000002   PAD
    0x08005f3c   0x08005f3c   0x0000007c   Code   RO         4855    i.UART_InitCallbacksToDefault  stm32h7xx_hal_uart.o
    0x08005fb8   0x08005fb8   0x000003ac   Code   RO         4860    i.UART_SetConfig    stm32h7xx_hal_uart.o
    0x08006364   0x08006364   0x000000a8   Code   RO         4861    i.UART_Start_Receive_DMA  stm32h7xx_hal_uart.o
    0x0800640c   0x0800640c   0x00000094   Code   RO         4867    i.UART_WaitOnFlagUntilTimeout  stm32h7xx_hal_uart.o
    0x080064a0   0x080064a0   0x0000000c   Code   RO         1255    i.USART3_IRQHandler  stm32h7xx_it.o
    0x080064ac   0x080064ac   0x00000002   Code   RO         1256    i.UsageFault_Handler  stm32h7xx_it.o
    0x080064ae   0x080064ae   0x00000002   PAD
    0x080064b0   0x080064b0   0x00000028   Code   RO         7429    i.__0sprintf        mc_w.l(printfa.o)
    0x080064d8   0x080064d8   0x00000022   Code   RO         1418    i.__NVIC_SetPriority  stm32h7xx_hal_cortex.o
    0x080064fa   0x080064fa   0x00000002   PAD
    0x080064fc   0x080064fc   0x0000005c   Code   RO         7459    i.__free$realloc    mc_w.l(mallocr.o)
    0x08006558   0x08006558   0x00000050   Code   RO         7460    i.__malloc$realloc  mc_w.l(mallocr.o)
    0x080065a8   0x080065a8   0x0000000e   Code   RO         7564    i.__scatterload_copy  mc_w.l(handlers.o)
    0x080065b6   0x080065b6   0x00000002   Code   RO         7565    i.__scatterload_null  mc_w.l(handlers.o)
    0x080065b8   0x080065b8   0x0000000e   Code   RO         7566    i.__scatterload_zeroinit  mc_w.l(handlers.o)
    0x080065c6   0x080065c6   0x00000002   PAD
    0x080065c8   0x080065c8   0x00000184   Code   RO         7434    i._fp_digits        mc_w.l(printfa.o)
    0x0800674c   0x0800674c   0x0000000e   Code   RO         7520    i._is_digit         mc_w.l(scanf_fp.o)
    0x0800675a   0x0800675a   0x00000002   PAD
    0x0800675c   0x0800675c   0x000006b4   Code   RO         7435    i._printf_core      mc_w.l(printfa.o)
    0x08006e10   0x08006e10   0x00000024   Code   RO         7436    i._printf_post_padding  mc_w.l(printfa.o)
    0x08006e34   0x08006e34   0x0000002e   Code   RO         7437    i._printf_pre_padding  mc_w.l(printfa.o)
    0x08006e62   0x08006e62   0x0000000a   Code   RO         7439    i._sputc            mc_w.l(printfa.o)
    0x08006e6c   0x08006e6c   0x0000002a   Code   RO          226    i.add_item_to_array  cjson.o
    0x08006e96   0x08006e96   0x0000005a   Code   RO          227    i.add_item_to_object  cjson.o
    0x08006ef0   0x08006ef0   0x00000030   Code   RO          228    i.buffer_skip_whitespace  cjson.o
    0x08006f20   0x08006f20   0x00000030   Code   RO          241    i.cJSON_AddStringToObject  cjson.o
    0x08006f50   0x08006f50   0x00000018   Code   RO          253    i.cJSON_CreateObject  cjson.o
    0x08006f68   0x08006f68   0x00000030   Code   RO          256    i.cJSON_CreateString  cjson.o
    0x08006f98   0x08006f98   0x00000048   Code   RO          260    i.cJSON_Delete      cjson.o
    0x08006fe0   0x08006fe0   0x00000020   Code   RO          272    i.cJSON_GetNumberValue  cjson.o
    0x08007000   0x08007000   0x00000006   Code   RO          273    i.cJSON_GetObjectItem  cjson.o
    0x08007006   0x08007006   0x00000010   Code   RO          275    i.cJSON_GetStringValue  cjson.o
    0x08007016   0x08007016   0x00000012   Code   RO          284    i.cJSON_IsNumber    cjson.o
    0x08007028   0x08007028   0x00000012   Code   RO          287    i.cJSON_IsString    cjson.o
    0x0800703a   0x0800703a   0x00000018   Code   RO          290    i.cJSON_New_Item    cjson.o
    0x08007052   0x08007052   0x00000008   Code   RO          292    i.cJSON_ParseWithLength  cjson.o
    0x0800705a   0x0800705a   0x00000002   PAD
    0x0800705c   0x0800705c   0x000000dc   Code   RO          293    i.cJSON_ParseWithLengthOpts  cjson.o
    0x08007138   0x08007138   0x0000000c   Code   RO          295    i.cJSON_Print       cjson.o
    0x08007144   0x08007144   0x00000006   Code   RO          300    i.cJSON_ReplaceItemInObject  cjson.o
    0x0800714a   0x0800714a   0x00000052   Code   RO          302    i.cJSON_ReplaceItemViaPointer  cjson.o
    0x0800719c   0x0800719c   0x0000000c   Code   RO          306    i.cJSON_free        cjson.o
    0x080071a8   0x080071a8   0x00000028   Code   RO          308    i.cJSON_strdup      cjson.o
    0x080071d0   0x080071d0   0x00000050   Code   RO          309    i.compare_double    cjson.o
    0x08007220   0x08007220   0x0000008a   Code   RO          311    i.ensure            cjson.o
    0x080072aa   0x080072aa   0x00000018   Code   RO         7153    i.fabs              m_wv.l(fabs.o)
    0x080072c2   0x080072c2   0x0000007a   Code   RO          313    i.get_object_item   cjson.o
    0x0800733c   0x0800733c   0x00000050   Code   RO         7461    i.internal_alloc    mc_w.l(mallocr.o)
    0x0800738c   0x0800738c   0x0000006e   Code   RO         1054    i.main              main.o
    0x080073fa   0x080073fa   0x0000001c   Code   RO         6508    i.osDelay           cmsis_os2.o
    0x08007416   0x08007416   0x00000002   PAD
    0x08007418   0x08007418   0x00000024   Code   RO         6522    i.osKernelInitialize  cmsis_os2.o
    0x0800743c   0x0800743c   0x00000038   Code   RO         6525    i.osKernelStart     cmsis_os2.o
    0x08007474   0x08007474   0x00000052   Code   RO         6545    i.osMutexAcquire    cmsis_os2.o
    0x080074c6   0x080074c6   0x00000068   Code   RO         6548    i.osMutexNew        cmsis_os2.o
    0x0800752e   0x0800752e   0x00000042   Code   RO         6549    i.osMutexRelease    cmsis_os2.o
    0x08007570   0x08007570   0x00000060   Code   RO         6550    i.osSemaphoreAcquire  cmsis_os2.o
    0x080075d0   0x080075d0   0x00000098   Code   RO         6553    i.osSemaphoreNew    cmsis_os2.o
    0x08007668   0x08007668   0x0000005c   Code   RO         6554    i.osSemaphoreRelease  cmsis_os2.o
    0x080076c4   0x080076c4   0x00000090   Code   RO         6567    i.osThreadNew       cmsis_os2.o
    0x08007754   0x08007754   0x000000d2   Code   RO          315    i.parse_array       cjson.o
    0x08007826   0x08007826   0x00000040   Code   RO          316    i.parse_hex4        cjson.o
    0x08007866   0x08007866   0x00000002   PAD
    0x08007868   0x08007868   0x000000e8   Code   RO          317    i.parse_number      cjson.o
    0x08007950   0x08007950   0x0000010e   Code   RO          318    i.parse_object      cjson.o
    0x08007a5e   0x08007a5e   0x00000122   Code   RO          319    i.parse_string      cjson.o
    0x08007b80   0x08007b80   0x000000fc   Code   RO          320    i.parse_value       cjson.o
    0x08007c7c   0x08007c7c   0x0000009a   Code   RO          321    i.print             cjson.o
    0x08007d16   0x08007d16   0x00000096   Code   RO          322    i.print_array       cjson.o
    0x08007dac   0x08007dac   0x0000012c   Code   RO          323    i.print_number      cjson.o
    0x08007ed8   0x08007ed8   0x00000138   Code   RO          324    i.print_object      cjson.o
    0x08008010   0x08008010   0x0000011c   Code   RO          325    i.print_string_ptr  cjson.o
    0x0800812c   0x0800812c   0x000000d0   Code   RO          326    i.print_value       cjson.o
    0x080081fc   0x080081fc   0x0000005c   Code   RO         5967    i.prvAddCurrentTaskToDelayedList  tasks.o
    0x08008258   0x08008258   0x000000d0   Code   RO         5968    i.prvAddNewTaskToReadyList  tasks.o
    0x08008328   0x08008328   0x00000058   Code   RO         6332    i.prvCheckForValidListAndQueue  timers.o
    0x08008380   0x08008380   0x00000026   Code   RO         5567    i.prvCopyDataFromQueue  queue.o
    0x080083a6   0x080083a6   0x0000006c   Code   RO         5568    i.prvCopyDataToQueue  queue.o
    0x08008412   0x08008412   0x00000034   Code   RO         5969    i.prvDeleteTCB      tasks.o
    0x08008446   0x08008446   0x00000002   PAD
    0x08008448   0x08008448   0x00000050   Code   RO         7019    i.prvHeapInit       heap_4.o
    0x08008498   0x08008498   0x00000060   Code   RO         5970    i.prvIdleTask       tasks.o
    0x080084f8   0x080084f8   0x00000016   Code   RO         5569    i.prvInitialiseMutex  queue.o
    0x0800850e   0x0800850e   0x00000002   PAD
    0x08008510   0x08008510   0x00000022   Code   RO         5570    i.prvInitialiseNewQueue  queue.o
    0x08008532   0x08008532   0x000000b0   Code   RO         5971    i.prvInitialiseNewTask  tasks.o
    0x080085e2   0x080085e2   0x00000002   PAD
    0x080085e4   0x080085e4   0x0000004c   Code   RO         7020    i.prvInsertBlockIntoFreeList  heap_4.o
    0x08008630   0x08008630   0x0000003c   Code   RO         6334    i.prvInsertTimerInActiveList  timers.o
    0x0800866c   0x0800866c   0x0000001c   Code   RO         5571    i.prvIsQueueEmpty   queue.o
    0x08008688   0x08008688   0x000000f8   Code   RO         6335    i.prvProcessReceivedCommands  timers.o
    0x08008780   0x08008780   0x000000c0   Code   RO         6336    i.prvProcessTimerOrBlockTask  timers.o
    0x08008840   0x08008840   0x00000020   Code   RO         5973    i.prvResetNextTaskUnblockTime  tasks.o
    0x08008860   0x08008860   0x00000028   Code   RO         6337    i.prvSampleTimeNow  timers.o
    0x08008888   0x08008888   0x0000006c   Code   RO         6338    i.prvSwitchTimerLists  timers.o
    0x080088f4   0x080088f4   0x00000028   Code   RO         7075    i.prvTaskExitError  port.o
    0x0800891c   0x0800891c   0x00000024   Code   RO         6339    i.prvTimerTask      timers.o
    0x08008940   0x08008940   0x0000006a   Code   RO         5572    i.prvUnlockQueue    queue.o
    0x080089aa   0x080089aa   0x00000002   PAD
    0x080089ac   0x080089ac   0x000000dc   Code   RO         7021    i.pvPortMalloc      heap_4.o
    0x08008a88   0x08008a88   0x00000018   Code   RO         5976    i.pvTaskIncrementMutexHeldCount  tasks.o
    0x08008aa0   0x08008aa0   0x00000030   Code   RO         7076    i.pxPortInitialiseStack  port.o
    0x08008ad0   0x08008ad0   0x0000006c   Code   RO         7462    i.realloc           mc_w.l(mallocr.o)
    0x08008b3c   0x08008b3c   0x00000058   Code   RO          327    i.replace_item_in_object  cjson.o
    0x08008b94   0x08008b94   0x00000004   PAD
    0x08008b98   0x08008b98   0x00000030   Code   RO         7159    i.strtod            m_wv.l(strtod.o)
    0x08008bc8   0x08008bc8   0x000000e8   Code   RO           14    i.sum               cmd.o
    0x08008cb0   0x08008cb0   0x0000001c   Code   RO          328    i.update_offset     cjson.o
    0x08008ccc   0x08008ccc   0x00000054   Code   RO           15    i.usart3Printf      cmd.o
    0x08008d20   0x08008d20   0x000000d8   Code   RO          329    i.utf16_literal_to_utf8  cjson.o
    0x08008df8   0x08008df8   0x00000026   Code   RO         5527    i.uxListRemove      list.o
    0x08008e1e   0x08008e1e   0x00000002   PAD
    0x08008e20   0x08008e20   0x00000018   Code   RO         6579    i.vApplicationGetIdleTaskMemory  cmsis_os2.o
    0x08008e38   0x08008e38   0x00000018   Code   RO         6580    i.vApplicationGetTimerTaskMemory  cmsis_os2.o
    0x08008e50   0x08008e50   0x00000016   Code   RO         5528    i.vListInitialise   list.o
    0x08008e66   0x08008e66   0x00000006   Code   RO         5529    i.vListInitialiseItem  list.o
    0x08008e6c   0x08008e6c   0x00000030   Code   RO         5530    i.vListInsert       list.o
    0x08008e9c   0x08008e9c   0x00000018   Code   RO         5531    i.vListInsertEnd    list.o
    0x08008eb4   0x08008eb4   0x00000040   Code   RO         7078    i.vPortEnterCritical  port.o
    0x08008ef4   0x08008ef4   0x00000028   Code   RO         7079    i.vPortExitCritical  port.o
    0x08008f1c   0x08008f1c   0x00000064   Code   RO         7022    i.vPortFree         heap_4.o
    0x08008f80   0x08008f80   0x00000024   Code   RO         7080    i.vPortSetupTimerInterrupt  port.o
    0x08008fa4   0x08008fa4   0x00000054   Code   RO         7081    i.vPortValidateInterruptPriority  port.o
    0x08008ff8   0x08008ff8   0x00000028   Code   RO         5578    i.vQueueAddToRegistry  queue.o
    0x08009020   0x08009020   0x0000002e   Code   RO         5579    i.vQueueDelete      queue.o
    0x0800904e   0x0800904e   0x00000002   PAD
    0x08009050   0x08009050   0x00000028   Code   RO         5581    i.vQueueUnregisterQueue  queue.o
    0x08009078   0x08009078   0x00000044   Code   RO         5582    i.vQueueWaitForMessageRestricted  queue.o
    0x080090bc   0x080090bc   0x0000004c   Code   RO         5986    i.vTaskDelay        tasks.o
    0x08009108   0x08009108   0x00000010   Code   RO         5991    i.vTaskInternalSetTimeOutState  tasks.o
    0x08009118   0x08009118   0x0000000c   Code   RO         5992    i.vTaskMissedYield  tasks.o
    0x08009124   0x08009124   0x00000030   Code   RO         5994    i.vTaskPlaceOnEventList  tasks.o
    0x08009154   0x08009154   0x00000038   Code   RO         5995    i.vTaskPlaceOnEventListRestricted  tasks.o
    0x0800918c   0x0800918c   0x00000090   Code   RO         5997    i.vTaskPriorityDisinheritAfterTimeout  tasks.o
    0x0800921c   0x0800921c   0x00000088   Code   RO         6003    i.vTaskStartScheduler  tasks.o
    0x080092a4   0x080092a4   0x00000010   Code   RO         6005    i.vTaskSuspendAll   tasks.o
    0x080092b4   0x080092b4   0x00000064   Code   RO         6006    i.vTaskSwitchContext  tasks.o
    0x08009318   0x08009318   0x000000f4   Code   RO         7082    i.xPortStartScheduler  port.o
    0x0800940c   0x0800940c   0x0000002c   Code   RO         7083    i.xPortSysTickHandler  port.o
    0x08009438   0x08009438   0x0000003a   Code   RO         5583    i.xQueueCreateCountingSemaphore  queue.o
    0x08009472   0x08009472   0x00000040   Code   RO         5584    i.xQueueCreateCountingSemaphoreStatic  queue.o
    0x080094b2   0x080094b2   0x00000016   Code   RO         5585    i.xQueueCreateMutex  queue.o
    0x080094c8   0x080094c8   0x0000001a   Code   RO         5586    i.xQueueCreateMutexStatic  queue.o
    0x080094e2   0x080094e2   0x00000042   Code   RO         5587    i.xQueueGenericCreate  queue.o
    0x08009524   0x08009524   0x00000066   Code   RO         5588    i.xQueueGenericCreateStatic  queue.o
    0x0800958a   0x0800958a   0x00000002   PAD
    0x0800958c   0x0800958c   0x00000094   Code   RO         5589    i.xQueueGenericReset  queue.o
    0x08009620   0x08009620   0x00000160   Code   RO         5590    i.xQueueGenericSend  queue.o
    0x08009780   0x08009780   0x000000be   Code   RO         5591    i.xQueueGenericSendFromISR  queue.o
    0x0800983e   0x0800983e   0x0000009c   Code   RO         5594    i.xQueueGiveFromISR  queue.o
    0x080098da   0x080098da   0x0000003e   Code   RO         5595    i.xQueueGiveMutexRecursive  queue.o
    0x08009918   0x08009918   0x0000013c   Code   RO         5600    i.xQueueReceive     queue.o
    0x08009a54   0x08009a54   0x0000009c   Code   RO         5601    i.xQueueReceiveFromISR  queue.o
    0x08009af0   0x08009af0   0x0000017c   Code   RO         5602    i.xQueueSemaphoreTake  queue.o
    0x08009c6c   0x08009c6c   0x0000003c   Code   RO         5603    i.xQueueTakeMutexRecursive  queue.o
    0x08009ca8   0x08009ca8   0x00000078   Code   RO         6008    i.xTaskCheckForTimeOut  tasks.o
    0x08009d20   0x08009d20   0x0000005a   Code   RO         6009    i.xTaskCreate       tasks.o
    0x08009d7a   0x08009d7a   0x00000056   Code   RO         6010    i.xTaskCreateStatic  tasks.o
    0x08009dd0   0x08009dd0   0x0000000c   Code   RO         6013    i.xTaskGetCurrentTaskHandle  tasks.o
    0x08009ddc   0x08009ddc   0x0000001c   Code   RO         6014    i.xTaskGetSchedulerState  tasks.o
    0x08009df8   0x08009df8   0x0000000c   Code   RO         6015    i.xTaskGetTickCount  tasks.o
    0x08009e04   0x08009e04   0x000000c8   Code   RO         6017    i.xTaskIncrementTick  tasks.o
    0x08009ecc   0x08009ecc   0x0000007c   Code   RO         6020    i.xTaskPriorityDisinherit  tasks.o
    0x08009f48   0x08009f48   0x0000007c   Code   RO         6021    i.xTaskPriorityInherit  tasks.o
    0x08009fc4   0x08009fc4   0x00000070   Code   RO         6022    i.xTaskRemoveFromEventList  tasks.o
    0x0800a034   0x0800a034   0x000000c4   Code   RO         6023    i.xTaskResumeAll    tasks.o
    0x0800a0f8   0x0800a0f8   0x00000060   Code   RO         6348    i.xTimerCreateTimerTask  timers.o
    0x0800a158   0x0800a158   0x00000068   Code   RO         6349    i.xTimerGenericCommand  timers.o
    0x0800a1c0   0x0800a1c0   0x00000068   Data   RO         1129    .constdata          freertos.o
    0x0800a228   0x0800a228   0x00000008   Data   RO         2187    .constdata          stm32h7xx_hal_dma.o
    0x0800a230   0x0800a230   0x00000018   Data   RO         4868    .constdata          stm32h7xx_hal_uart.o
    0x0800a248   0x0800a248   0x00000010   Data   RO         5259    .constdata          stm32h7xx_hal_uart_ex.o
    0x0800a258   0x0800a258   0x00000010   Data   RO         5364    .constdata          system_stm32h7xx.o
    0x0800a268   0x0800a268   0x00000040   Data   RO         7558    .constdata          mc_w.l(ctype_c.o)
    0x0800a2a8   0x0800a2a8   0x00000004   Data   RO           17    .conststring        cmd.o
    0x0800a2ac   0x0800a2ac   0x00000030   Data   RO         1130    .conststring        freertos.o
    0x0800a2dc   0x0800a2dc   0x00000020   Data   RO         7562    Region$$Table       anon$$obj.o


    Execution Region RW_IRAM1 (Exec base: 0x20000000, Load base: 0x0800a2fc, Size: 0x00000000, Max: 0x00020000, ABSOLUTE)

    **** No section assigned to this execution region ****


    Execution Region RW_IRAM2 (Exec base: 0x24000000, Load base: 0x0800a2fc, Size: 0x00006028, Max: 0x00080000, ABSOLUTE)

    Exec Addr    Load Addr    Size         Type   Attr      Idx    E Section Name        Object

    0x24000000   0x0800a2fc   0x0000000c   Data   RW           18    .data               cmd.o
    0x2400000c   0x0800a308   0x00000014   Data   RW          331    .data               cjson.o
    0x24000020   0x0800a31c   0x00000010   Data   RW         1131    .data               freertos.o
    0x24000030   0x0800a32c   0x0000000c   Data   RW         2925    .data               stm32h7xx_hal.o
    0x2400003c   0x0800a338   0x00000008   Data   RW         5365    .data               system_stm32h7xx.o
    0x24000044   0x0800a340   0x0000003c   Data   RW         6026    .data               tasks.o
    0x24000080   0x0800a37c   0x00000014   Data   RW         6357    .data               timers.o
    0x24000094   0x0800a390   0x00000004   Data   RW         6582    .data               cmsis_os2.o
    0x24000098   0x0800a394   0x00000020   Data   RW         7028    .data               heap_4.o
    0x240000b8   0x0800a3b4   0x0000000c   Data   RW         7084    .data               port.o
    0x240000c4   0x0800a3c0   0x00000004   Data   RW         7510    .data               mc_w.l(mvars.o)
    0x240000c8   0x0800a3c4   0x00000004   Data   RW         7511    .data               mc_w.l(mvars.o)
    0x240000cc        -       0x00000080   Zero   RW           16    .bss                cmd.o
    0x2400014c        -       0x000001bc   Zero   RW         1198    .bss                usart.o
    0x24000308        -       0x0000004c   Zero   RW         1361    .bss                stm32h7xx_hal_timebase_tim.o
    0x24000354        -       0x00000040   Zero   RW         5604    .bss                queue.o
    0x24000394        -       0x000004c4   Zero   RW         6025    .bss                tasks.o
    0x24000858        -       0x00000118   Zero   RW         6356    .bss                timers.o
    0x24000970        -       0x000006b8   Zero   RW         6581    .bss                cmsis_os2.o
    0x24001028        -       0x00003c00   Zero   RW         7027    .bss                heap_4.o
    0x24004c28        -       0x00001000   Zero   RW            2    HEAP                startup_stm32h750xx.o
    0x24005c28        -       0x00000400   Zero   RW            1    STACK               startup_stm32h750xx.o


==============================================================================

Image component sizes


      Code (inc. data)   RO Data    RW Data    ZI Data      Debug   Object Name

      4264        200          0         20          0      40322   cjson.o
      1040        148          4         12        128    1314722   cmd.o
       930         32          0          4       1720      76849   cmsis_os2.o
        60          4          0          0          0        890   dma.o
         0          0          0          0          0      19360   event_groups.o
       104         22        152         16          0       2182   freertos.o
       128         10          0          0          0       1043   gpio.o
       476         24          0         32      15360       4931   heap_4.o
       138          0          0          0          0       3618   list.o
       354         18          0          0          0       2944   main.o
       790         84          0         12          0      11529   port.o
      2688         30          0          0         64      30156   queue.o
        36          8        664          0       5120        828   startup_stm32h750xx.o
       132         32          0         12          0      22033   stm32h7xx_hal.o
       316         28          0          0          0      41004   stm32h7xx_hal_cortex.o
      5988        246          8          0          0      11842   stm32h7xx_hal_dma.o
       582         50          0          0          0       2929   stm32h7xx_hal_gpio.o
        36          4          0          0          0        930   stm32h7xx_hal_msp.o
        84          6          0          0          0        781   stm32h7xx_hal_pwr_ex.o
      2558        110          0          0          0       7813   stm32h7xx_hal_rcc.o
      3736        118          0          0          0       7833   stm32h7xx_hal_rcc_ex.o
       784         66          0          0          0       7600   stm32h7xx_hal_tim.o
         6          0          0          0          0       2284   stm32h7xx_hal_tim_ex.o
       132         22          0          0         76       1560   stm32h7xx_hal_timebase_tim.o
      3484        220         24          0          0      41421   stm32h7xx_hal_uart.o
       364          6         16          0          0       6353   stm32h7xx_hal_uart_ex.o
       104         36          0          0          0       5189   stm32h7xx_it.o
       220         40         16          8          0       1470   system_stm32h7xx.o
      2388        192          0         60       1220      29913   tasks.o
       972         84          0         20        280      32063   timers.o
       356         32          0          0        444       2156   usart.o

    ----------------------------------------------------------------------
     33294       1876        916        196      24412    1734548   Object Totals
         0          0         32          0          0          0   (incl. Generated)
        44          4          0          0          0          0   (incl. Padding)

    ----------------------------------------------------------------------

      Code (inc. data)   RO Data    RW Data    ZI Data      Debug   Library Member Name

        24          0          0          0          0        124   fabs.o
        48         14          0          0          0        128   strtod.o
        28          0          0          0          0         68   _chval.o
       816          6          0          0          0        112   _scanf.o
       332          0          0          0          0         96   _scanf_int.o
       342          0          0          0          0        100   _scanf_longlong.o
       224          0          0          0          0         96   _scanf_str.o
        64          0          0          0          0         84   _sgetc.o
        40          6         64          0          0         68   ctype_c.o
         0          0          0          0          0          0   entry.o
         0          0          0          0          0          0   entry10a.o
         0          0          0          0          0          0   entry11a.o
         4          0          0          0          0          0   entry12b.o
         8          4          0          0          0          0   entry2.o
         4          0          0          0          0          0   entry5.o
         0          0          0          0          0          0   entry7b.o
         0          0          0          0          0          0   entry8b.o
         8          4          0          0          0          0   entry9a.o
        30          0          0          0          0          0   handlers.o
        36          8          0          0          0         68   init.o
        10          0          0          0          0         68   isspace_c.o
         0          0          0          0          0          0   iusefp.o
        30          0          0          0          0         68   llshl.o
        36          0          0          0          0         68   llsshr.o
        32          0          0          0          0         68   llushr.o
       360         30          0          0          0        356   mallocr.o
        40          0          0          0          0         76   memcpy.o
        36          0          0          0          0        108   memseta.o
         0          0          0          8          0          0   mvars.o
      2236         86          0          0          0        532   printfa.o
        40          8          0          0          0         84   scanf_char.o
       878         12          0          0          0        216   scanf_fp.o
        56          8          0          0          0         84   sscanf.o
        24          0          0          0          0         68   strcat.o
        28          0          0          0          0         76   strcmp.o
        18          0          0          0          0         68   strcpy.o
        14          0          0          0          0         68   strlen.o
        30          0          0          0          0         80   strncmp.o
       156         12          0          0          0        120   strtod.o
        12          0          0          0          0         68   tolower.o
        44          0          0          0          0         80   uidiv.o
        98          0          0          0          0         92   uldiv.o
        48          0          0          0          0         68   cdrcmple.o
        56          0          0          0          0         88   d2f.o
       334          0          0          0          0        148   dadd.o
       222          0          0          0          0        100   ddiv.o
       186          0          0          0          0        176   depilogue.o
        48          0          0          0          0         68   dfixul.o
        24          0          0          0          0         76   dfltul.o
       228          0          0          0          0         96   dmul.o
       110          0          0          0          0        168   fepilogue.o

    ----------------------------------------------------------------------
      7450        198         64          8          0       4380   Library Totals
         8          0          0          0          0          0   (incl. Padding)

    ----------------------------------------------------------------------

      Code (inc. data)   RO Data    RW Data    ZI Data      Debug   Library Name

        72         14          0          0          0        252   m_wv.l
      6114        184         64          8          0       3140   mc_w.l
      1256          0          0          0          0        988   mf_w.l

    ----------------------------------------------------------------------
      7450        198         64          8          0       4380   Library Totals

    ----------------------------------------------------------------------

==============================================================================


      Code (inc. data)   RO Data    RW Data    ZI Data      Debug   

     40744       2074        980        204      24412    1713596   Grand Totals
     40744       2074        980        204      24412    1713596   ELF Image Totals
     40744       2074        980        204          0          0   ROM Totals

==============================================================================

    Total RO  Size (Code + RO Data)                41724 (  40.75kB)
    Total RW  Size (RW Data + ZI Data)             24616 (  24.04kB)
    Total ROM Size (Code + RO Data + RW Data)      41928 (  40.95kB)

==============================================================================

