Component: ARM Compiler 5.06 update 7 (build 960) Tool: armlink [4d3601]

==============================================================================

Section Cross References

    startup_stm32h750xx.o(RESET) refers to startup_stm32h750xx.o(STACK) for __initial_sp
    startup_stm32h750xx.o(RESET) refers to startup_stm32h750xx.o(.text) for Reset_Handler
    startup_stm32h750xx.o(RESET) refers to stm32h7xx_it.o(i.NMI_Handler) for NMI_Handler
    startup_stm32h750xx.o(RESET) refers to stm32h7xx_it.o(i.HardFault_Handler) for HardFault_Handler
    startup_stm32h750xx.o(RESET) refers to stm32h7xx_it.o(i.MemManage_Handler) for MemManage_Handler
    startup_stm32h750xx.o(RESET) refers to stm32h7xx_it.o(i.BusFault_Handler) for BusFault_Handler
    startup_stm32h750xx.o(RESET) refers to stm32h7xx_it.o(i.UsageFault_Handler) for UsageFault_Handler
    startup_stm32h750xx.o(RESET) refers to port.o(.emb_text) for SVC_Handler
    startup_stm32h750xx.o(RESET) refers to stm32h7xx_it.o(i.DebugMon_Handler) for DebugMon_Handler
    startup_stm32h750xx.o(RESET) refers to cmsis_os2.o(i.SysTick_Handler) for SysTick_Handler
    startup_stm32h750xx.o(RESET) refers to stm32h7xx_it.o(i.DMA1_Stream0_IRQHandler) for DMA1_Stream0_IRQHandler
    startup_stm32h750xx.o(RESET) refers to stm32h7xx_it.o(i.DMA1_Stream1_IRQHandler) for DMA1_Stream1_IRQHandler
    startup_stm32h750xx.o(RESET) refers to stm32h7xx_it.o(i.USART3_IRQHandler) for USART3_IRQHandler
    startup_stm32h750xx.o(RESET) refers to stm32h7xx_it.o(i.TIM17_IRQHandler) for TIM17_IRQHandler
    startup_stm32h750xx.o(.text) refers to system_stm32h7xx.o(i.SystemInit) for SystemInit
    startup_stm32h750xx.o(.text) refers to entry.o(.ARM.Collect$$$$00000000) for __main
    cmd.o(i.CmdTask) refers to stm32h7xx_hal_uart_ex.o(i.HAL_UARTEx_ReceiveToIdle_DMA) for HAL_UARTEx_ReceiveToIdle_DMA
    cmd.o(i.CmdTask) refers to stm32h7xx_hal_uart.o(i.HAL_UART_Receive_DMA) for HAL_UART_Receive_DMA
    cmd.o(i.CmdTask) refers to cmd.o(i.usart3Printf) for usart3Printf
    cmd.o(i.CmdTask) refers to memseta.o(.text) for __aeabi_memclr
    cmd.o(i.CmdTask) refers to cmsis_os2.o(i.osSemaphoreAcquire) for osSemaphoreAcquire
    cmd.o(i.CmdTask) refers to cmd.o(.bss) for .bss
    cmd.o(i.CmdTask) refers to usart.o(.bss) for huart3
    cmd.o(i.CmdTask) refers to freertos.o(.data) for cmdRxBinarySemHandle
    cmd.o(i.usart3Printf) refers to cmsis_os2.o(i.osMutexAcquire) for osMutexAcquire
    cmd.o(i.usart3Printf) refers to stm32h7xx_hal_uart.o(i.HAL_UART_Transmit_DMA) for HAL_UART_Transmit_DMA
    cmd.o(i.usart3Printf) refers to cmsis_os2.o(i.osDelay) for osDelay
    cmd.o(i.usart3Printf) refers to stm32h7xx_hal_uart.o(i.HAL_UART_GetState) for HAL_UART_GetState
    cmd.o(i.usart3Printf) refers to cmsis_os2.o(i.osMutexRelease) for osMutexRelease
    cmd.o(i.usart3Printf) refers to freertos.o(.data) for usart3MutexHandle
    cmd.o(i.usart3Printf) refers to usart.o(.bss) for huart3
    main.o(i.HAL_TIM_PeriodElapsedCallback) refers to stm32h7xx_hal.o(i.HAL_IncTick) for HAL_IncTick
    main.o(i.SystemClock_Config) refers to memseta.o(.text) for __aeabi_memclr4
    main.o(i.SystemClock_Config) refers to stm32h7xx_hal_pwr_ex.o(i.HAL_PWREx_ConfigSupply) for HAL_PWREx_ConfigSupply
    main.o(i.SystemClock_Config) refers to stm32h7xx_hal_rcc.o(i.HAL_RCC_OscConfig) for HAL_RCC_OscConfig
    main.o(i.SystemClock_Config) refers to stm32h7xx_hal_rcc.o(i.HAL_RCC_ClockConfig) for HAL_RCC_ClockConfig
    main.o(i.main) refers to stm32h7xx_hal_cortex.o(i.HAL_MPU_Disable) for HAL_MPU_Disable
    main.o(i.main) refers to stm32h7xx_hal_cortex.o(i.HAL_MPU_ConfigRegion) for HAL_MPU_ConfigRegion
    main.o(i.main) refers to stm32h7xx_hal_cortex.o(i.HAL_MPU_Enable) for HAL_MPU_Enable
    main.o(i.main) refers to stm32h7xx_hal.o(i.HAL_Init) for HAL_Init
    main.o(i.main) refers to main.o(i.SystemClock_Config) for SystemClock_Config
    main.o(i.main) refers to gpio.o(i.MX_GPIO_Init) for MX_GPIO_Init
    main.o(i.main) refers to dma.o(i.MX_DMA_Init) for MX_DMA_Init
    main.o(i.main) refers to usart.o(i.MX_USART3_UART_Init) for MX_USART3_UART_Init
    main.o(i.main) refers to cmsis_os2.o(i.osKernelInitialize) for osKernelInitialize
    main.o(i.main) refers to freertos.o(i.MX_FREERTOS_Init) for MX_FREERTOS_Init
    main.o(i.main) refers to cmsis_os2.o(i.osKernelStart) for osKernelStart
    gpio.o(i.MX_GPIO_Init) refers to memseta.o(.text) for __aeabi_memclr4
    gpio.o(i.MX_GPIO_Init) refers to stm32h7xx_hal_gpio.o(i.HAL_GPIO_WritePin) for HAL_GPIO_WritePin
    gpio.o(i.MX_GPIO_Init) refers to stm32h7xx_hal_gpio.o(i.HAL_GPIO_Init) for HAL_GPIO_Init
    freertos.o(i.MX_FREERTOS_Init) refers to cmsis_os2.o(i.osMutexNew) for osMutexNew
    freertos.o(i.MX_FREERTOS_Init) refers to cmsis_os2.o(i.osSemaphoreNew) for osSemaphoreNew
    freertos.o(i.MX_FREERTOS_Init) refers to cmsis_os2.o(i.osThreadNew) for osThreadNew
    freertos.o(i.MX_FREERTOS_Init) refers to freertos.o(.constdata) for .constdata
[...]
    UART_EndRxTransfer                       0x08004ca1   Thumb Code    78  stm32h7xx_hal_uart.o(i.UART_EndRxTransfer)
    i.UART_EndTxTransfer                     0x08004cf4   Section        0  stm32h7xx_hal_uart.o(i.UART_EndTxTransfer)
    UART_EndTxTransfer                       0x08004cf5   Thumb Code    46  stm32h7xx_hal_uart.o(i.UART_EndTxTransfer)
    i.UART_InitCallbacksToDefault            0x08004d24   Section        0  stm32h7xx_hal_uart.o(i.UART_InitCallbacksToDefault)
    i.UART_SetConfig                         0x08004da0   Section        0  stm32h7xx_hal_uart.o(i.UART_SetConfig)
    i.UART_Start_Receive_DMA                 0x0800514c   Section        0  stm32h7xx_hal_uart.o(i.UART_Start_Receive_DMA)
    i.UART_WaitOnFlagUntilTimeout            0x080051f4   Section        0  stm32h7xx_hal_uart.o(i.UART_WaitOnFlagUntilTimeout)
    i.USART3_IRQHandler                      0x08005288   Section        0  stm32h7xx_it.o(i.USART3_IRQHandler)
    i.UsageFault_Handler                     0x08005294   Section        0  stm32h7xx_it.o(i.UsageFault_Handler)
    i.__NVIC_SetPriority                     0x08005296   Section        0  stm32h7xx_hal_cortex.o(i.__NVIC_SetPriority)
    __NVIC_SetPriority                       0x08005297   Thumb Code    34  stm32h7xx_hal_cortex.o(i.__NVIC_SetPriority)
    i.__scatterload_copy                     0x080052b8   Section       14  handlers.o(i.__scatterload_copy)
    i.__scatterload_null                     0x080052c6   Section        2  handlers.o(i.__scatterload_null)
    i.__scatterload_zeroinit                 0x080052c8   Section       14  handlers.o(i.__scatterload_zeroinit)
    i.main                                   0x080052d6   Section        0  main.o(i.main)
    i.osDelay                                0x08005344   Section        0  cmsis_os2.o(i.osDelay)
    i.osKernelInitialize                     0x08005360   Section        0  cmsis_os2.o(i.osKernelInitialize)
    i.osKernelStart                          0x08005384   Section        0  cmsis_os2.o(i.osKernelStart)
    i.osMutexAcquire                         0x080053bc   Section        0  cmsis_os2.o(i.osMutexAcquire)
    i.osMutexNew                             0x0800540e   Section        0  cmsis_os2.o(i.osMutexNew)
    i.osMutexRelease                         0x08005476   Section        0  cmsis_os2.o(i.osMutexRelease)
    i.osSemaphoreAcquire                     0x080054b8   Section        0  cmsis_os2.o(i.osSemaphoreAcquire)
    i.osSemaphoreNew                         0x08005518   Section        0  cmsis_os2.o(i.osSemaphoreNew)
    i.osSemaphoreRelease                     0x080055b0   Section        0  cmsis_os2.o(i.osSemaphoreRelease)
    i.osThreadNew                            0x0800560c   Section        0  cmsis_os2.o(i.osThreadNew)
    i.prvAddCurrentTaskToDelayedList         0x0800569c   Section        0  tasks.o(i.prvAddCurrentTaskToDelayedList)
    prvAddCurrentTaskToDelayedList           0x0800569d   Thumb Code    84  tasks.o(i.prvAddCurrentTaskToDelayedList)
    i.prvAddNewTaskToReadyList               0x080056f8   Section        0  tasks.o(i.prvAddNewTaskToReadyList)
    prvAddNewTaskToReadyList                 0x080056f9   Thumb Code   190  tasks.o(i.prvAddNewTaskToReadyList)
    i.prvCheckForValidListAndQueue           0x080057c8   Section        0  timers.o(i.prvCheckForValidListAndQueue)
    prvCheckForValidListAndQueue             0x080057c9   Thumb Code    72  timers.o(i.prvCheckForValidListAndQueue)
    i.prvCopyDataFromQueue                   0x08005820   Section        0  queue.o(i.prvCopyDataFromQueue)
    prvCopyDataFromQueue                     0x08005821   Thumb Code    38  queue.o(i.prvCopyDataFromQueue)
    i.prvCopyDataToQueue                     0x08005846   Section        0  queue.o(i.prvCopyDataToQueue)
    prvCopyDataToQueue                       0x08005847   Thumb Code   108  queue.o(i.prvCopyDataToQueue)
    i.prvDeleteTCB                           0x080058b2   Section        0  tasks.o(i.prvDeleteTCB)
    prvDeleteTCB                             0x080058b3   Thumb Code    52  tasks.o(i.prvDeleteTCB)
    i.prvHeapInit                            0x080058e8   Section        0  heap_4.o(i.prvHeapInit)
    prvHeapInit                              0x080058e9   Thumb Code    70  heap_4.o(i.prvHeapInit)
    i.prvIdleTask                            0x08005938   Section        0  tasks.o(i.prvIdleTask)
    prvIdleTask                              0x08005939   Thumb Code    82  tasks.o(i.prvIdleTask)
    i.prvInitialiseMutex                     0x08005998   Section        0  queue.o(i.prvInitialiseMutex)
    prvInitialiseMutex                       0x08005999   Thumb Code    22  queue.o(i.prvInitialiseMutex)
    i.prvInitialiseNewQueue                  0x080059b0   Section        0  queue.o(i.prvInitialiseNewQueue)
    prvInitialiseNewQueue                    0x080059b1   Thumb Code    34  queue.o(i.prvInitialiseNewQueue)
    i.prvInitialiseNewTask                   0x080059d2   Section        0  tasks.o(i.prvInitialiseNewTask)
    prvInitialiseNewTask                     0x080059d3   Thumb Code   176  tasks.o(i.prvInitialiseNewTask)
    i.prvInsertBlockIntoFreeList             0x08005a84   Section        0  heap_4.o(i.prvInsertBlockIntoFreeList)
    prvInsertBlockIntoFreeList               0x08005a85   Thumb Code    72  heap_4.o(i.prvInsertBlockIntoFreeList)
    i.prvInsertTimerInActiveList             0x08005ad0   Section        0  timers.o(i.prvInsertTimerInActiveList)
    prvInsertTimerInActiveList               0x08005ad1   Thumb Code    54  timers.o(i.prvInsertTimerInActiveList)
    i.prvIsQueueEmpty                        0x08005b0c   Section        0  queue.o(i.prvIsQueueEmpty)
    prvIsQueueEmpty                          0x08005b0d   Thumb Code    28  queue.o(i.prvIsQueueEmpty)
    i.prvProcessReceivedCommands             0x08005b28   Section        0  timers.o(i.prvProcessReceivedCommands)
    prvProcessReceivedCommands               0x08005b29   Thumb Code   242  timers.o(i.prvProcessReceivedCommands)
    i.prvProcessTimerOrBlockTask             0x08005c20   Section        0  timers.o(i.prvProcessTimerOrBlockTask)
    prvProcessTimerOrBlockTask               0x08005c21   Thumb Code   182  timers.o(i.prvProcessTimerOrBlockTask)
    i.prvResetNextTaskUnblockTime            0x08005ce0   Section        0  tasks.o(i.prvResetNextTaskUnblockTime)
    prvResetNextTaskUnblockTime              0x08005ce1   Thumb Code    26  tasks.o(i.prvResetNextTaskUnblockTime)
    i.prvSampleTimeNow                       0x08005d00   Section        0  timers.o(i.prvSampleTimeNow)
    prvSampleTimeNow                         0x08005d01   Thumb Code    36  timers.o(i.prvSampleTimeNow)
    i.prvSwitchTimerLists                    0x08005d28   Section        0  timers.o(i.prvSwitchTimerLists)
    prvSwitchTimerLists                      0x08005d29   Thumb Code   104  timers.o(i.prvSwitchTimerLists)
    i.prvTaskExitError                       0x08005d94   Section        0  port.o(i.prvTaskExitError)
    prvTaskExitError                         0x08005d95   Thumb Code    36  port.o(i.prvTaskExitError)
    i.prvTimerTask                           0x08005dbc   Section        0  timers.o(i.prvTimerTask)
    prvTimerTask                             0x08005dbd   Thumb Code    32  timers.o(i.prvTimerTask)
    i.prvUnlockQueue                         0x08005de0   Section        0  queue.o(i.prvUnlockQueue)
    prvUnlockQueue                           0x08005de1   Thumb Code   106  queue.o(i.prvUnlockQueue)
    i.pvPortMalloc                           0x08005e4c   Section        0  heap_4.o(i.pvPortMalloc)
    i.pvTaskIncrementMutexHeldCount          0x08005f28   Section        0  tasks.o(i.pvTaskIncrementMutexHeldCount)
    i.pxPortInitialiseStack                  0x08005f40   Section        0  port.o(i.pxPortInitialiseStack)
    i.usart3Printf                           0x08005f70   Section        0  cmd.o(i.usart3Printf)
    i.uxListRemove                           0x08005fb8   Section        0  list.o(i.uxListRemove)
    i.vApplicationGetIdleTaskMemory          0x08005fe0   Section        0  cmsis_os2.o(i.vApplicationGetIdleTaskMemory)
    i.vApplicationGetTimerTaskMemory         0x08005ff8   Section        0  cmsis_os2.o(i.vApplicationGetTimerTaskMemory)
    i.vListInitialise                        0x08006010   Section        0  list.o(i.vListInitialise)
    i.vListInitialiseItem                    0x08006026   Section        0  list.o(i.vListInitialiseItem)
    i.vListInsert                            0x0800602c   Section        0  list.o(i.vListInsert)
    i.vListInsertEnd                         0x0800605c   Section        0  list.o(i.vListInsertEnd)
    i.vPortEnterCritical                     0x08006074   Section        0  port.o(i.vPortEnterCritical)
    i.vPortExitCritical                      0x080060b4   Section        0  port.o(i.vPortExitCritical)
    i.vPortFree                              0x080060dc   Section        0  heap_4.o(i.vPortFree)
    i.vPortSetupTimerInterrupt               0x08006140   Section        0  port.o(i.vPortSetupTimerInterrupt)
    i.vPortValidateInterruptPriority         0x08006164   Section        0  port.o(i.vPortValidateInterruptPriority)
    i.vQueueAddToRegistry                    0x080061b8   Section        0  queue.o(i.vQueueAddToRegistry)
    i.vQueueDelete                           0x080061e0   Section        0  queue.o(i.vQueueDelete)
    i.vQueueUnregisterQueue                  0x08006210   Section        0  queue.o(i.vQueueUnregisterQueue)
    i.vQueueWaitForMessageRestricted         0x08006238   Section        0  queue.o(i.vQueueWaitForMessageRestricted)
    i.vTaskDelay                             0x0800627c   Section        0  tasks.o(i.vTaskDelay)
    i.vTaskInternalSetTimeOutState           0x080062c8   Section        0  tasks.o(i.vTaskInternalSetTimeOutState)
    i.vTaskMissedYield                       0x080062d8   Section        0  tasks.o(i.vTaskMissedYield)
    i.vTaskPlaceOnEventList                  0x080062e4   Section        0  tasks.o(i.vTaskPlaceOnEventList)
    i.vTaskPlaceOnEventListRestricted        0x08006314   Section        0  tasks.o(i.vTaskPlaceOnEventListRestricted)
    i.vTaskPriorityDisinheritAfterTimeout    0x0800634c   Section        0  tasks.o(i.vTaskPriorityDisinheritAfterTimeout)
    i.vTaskStartScheduler                    0x080063dc   Section        0  tasks.o(i.vTaskStartScheduler)
    i.vTaskSuspendAll                        0x08006464   Section        0  tasks.o(i.vTaskSuspendAll)
    i.vTaskSwitchContext                     0x08006474   Section        0  tasks.o(i.vTaskSwitchContext)
    i.xPortStartScheduler                    0x080064d8   Section        0  port.o(i.xPortStartScheduler)
    i.xPortSysTickHandler                    0x080065cc   Section        0  port.o(i.xPortSysTickHandler)
    i.xQueueCreateCountingSemaphore          0x080065f8   Section        0  queue.o(i.xQueueCreateCountingSemaphore)
    i.xQueueCreateCountingSemaphoreStatic    0x08006632   Section        0  queue.o(i.xQueueCreateCountingSemaphoreStatic)
    i.xQueueCreateMutex                      0x08006672   Section        0  queue.o(i.xQueueCreateMutex)
    i.xQueueCreateMutexStatic                0x08006688   Section        0  queue.o(i.xQueueCreateMutexStatic)
    i.xQueueGenericCreate                    0x080066a2   Section        0  queue.o(i.xQueueGenericCreate)
    i.xQueueGenericCreateStatic              0x080066e4   Section        0  queue.o(i.xQueueGenericCreateStatic)
    i.xQueueGenericReset                     0x0800674c   Section        0  queue.o(i.xQueueGenericReset)
    i.xQueueGenericSend                      0x080067e0   Section        0  queue.o(i.xQueueGenericSend)
    i.xQueueGenericSendFromISR               0x08006940   Section        0  queue.o(i.xQueueGenericSendFromISR)
    i.xQueueGiveFromISR                      0x080069fe   Section        0  queue.o(i.xQueueGiveFromISR)
    i.xQueueGiveMutexRecursive               0x08006a9a   Section        0  queue.o(i.xQueueGiveMutexRecursive)
    i.xQueueReceive                          0x08006ad8   Section        0  queue.o(i.xQueueReceive)
    i.xQueueReceiveFromISR                   0x08006c14   Section        0  queue.o(i.xQueueReceiveFromISR)
    i.xQueueSemaphoreTake                    0x08006cb0   Section        0  queue.o(i.xQueueSemaphoreTake)
    i.xQueueTakeMutexRecursive               0x08006e2c   Section        0  queue.o(i.xQueueTakeMutexRecursive)
    i.xTaskCheckForTimeOut                   0x08006e68   Section        0  tasks.o(i.xTaskCheckForTimeOut)
    i.xTaskCreate                            0x08006ee0   Section        0  tasks.o(i.xTaskCreate)
    i.xTaskCreateStatic                      0x08006f3a   Section        0  tasks.o(i.xTaskCreateStatic)
    i.xTaskGetCurrentTaskHandle              0x08006f90   Section        0  tasks.o(i.xTaskGetCurrentTaskHandle)
    i.xTaskGetSchedulerState                 0x08006f9c   Section        0  tasks.o(i.xTaskGetSchedulerState)
    i.xTaskGetTickCount                      0x08006fb8   Section        0  tasks.o(i.xTaskGetTickCount)
    i.xTaskIncrementTick                     0x08006fc4   Section        0  tasks.o(i.xTaskIncrementTick)
    i.xTaskPriorityDisinherit                0x0800708c   Section        0  tasks.o(i.xTaskPriorityDisinherit)
    i.xTaskPriorityInherit                   0x08007108   Section        0  tasks.o(i.xTaskPriorityInherit)
    i.xTaskRemoveFromEventList               0x08007184   Section        0  tasks.o(i.xTaskRemoveFromEventList)
    i.xTaskResumeAll                         0x080071f4   Section        0  tasks.o(i.xTaskResumeAll)
    i.xTimerCreateTimerTask                  0x080072b8   Section        0  timers.o(i.xTimerCreateTimerTask)
    i.xTimerGenericCommand                   0x08007318   Section        0  timers.o(i.xTimerGenericCommand)
    .constdata                               0x08007380   Section      104  freertos.o(.constdata)
    .constdata                               0x080073e8   Section        8  stm32h7xx_hal_dma.o(.constdata)
    flagBitshiftOffset                       0x080073e8   Data           8  stm32h7xx_hal_dma.o(.constdata)
    .constdata                               0x080073f0   Section       24  stm32h7xx_hal_uart.o(.constdata)
    .constdata                               0x08007408   Section       16  stm32h7xx_hal_uart_ex.o(.constdata)
    numerator                                0x08007408   Data           8  stm32h7xx_hal_uart_ex.o(.constdata)
    denominator                              0x08007410   Data           8  stm32h7xx_hal_uart_ex.o(.constdata)
    .constdata                               0x08007418   Section       16  system_stm32h7xx.o(.constdata)
    .conststring                             0x08007428   Section       48  freertos.o(.conststring)
    .data                                    0x24000000   Section       16  freertos.o(.data)
    .data                                    0x24000010   Section       12  stm32h7xx_hal.o(.data)
    .data                                    0x2400001c   Section        8  system_stm32h7xx.o(.data)
    .data                                    0x24000024   Section       60  tasks.o(.data)
    uxDeletedTasksWaitingCleanUp             0x24000028   Data           4  tasks.o(.data)
    uxCurrentNumberOfTasks                   0x2400002c   Data           4  tasks.o(.data)
    xTickCount                               0x24000030   Data           4  tasks.o(.data)
    uxTopReadyPriority                       0x24000034   Data           4  tasks.o(.data)
    xSchedulerRunning                        0x24000038   Data           4  tasks.o(.data)
    xPendedTicks                             0x2400003c   Data           4  tasks.o(.data)
    xYieldPending                            0x24000040   Data           4  tasks.o(.data)
    xNumOfOverflows                          0x24000044   Data           4  tasks.o(.data)
    uxTaskNumber                             0x24000048   Data           4  tasks.o(.data)
    xNextTaskUnblockTime                     0x2400004c   Data           4  tasks.o(.data)
    xIdleTaskHandle                          0x24000050   Data           4  tasks.o(.data)
    uxSchedulerSuspended                     0x24000054   Data           4  tasks.o(.data)
    pxDelayedTaskList                        0x24000058   Data           4  tasks.o(.data)
    pxOverflowDelayedTaskList                0x2400005c   Data           4  tasks.o(.data)
    .data                                    0x24000060   Section       20  timers.o(.data)
    xTimerQueue                              0x24000060   Data           4  timers.o(.data)
    xTimerTaskHandle                         0x24000064   Data           4  timers.o(.data)
    xLastTime                                0x24000068   Data           4  timers.o(.data)
    pxCurrentTimerList                       0x2400006c   Data           4  timers.o(.data)
    pxOverflowTimerList                      0x24000070   Data           4  timers.o(.data)
    .data                                    0x24000074   Section        4  cmsis_os2.o(.data)
    KernelState                              0x24000074   Data           4  cmsis_os2.o(.data)
    .data                                    0x24000078   Section       32  heap_4.o(.data)
    pxEnd                                    0x24000078   Data           4  heap_4.o(.data)
    xFreeBytesRemaining                      0x2400007c   Data           4  heap_4.o(.data)
    xMinimumEverFreeBytesRemaining           0x24000080   Data           4  heap_4.o(.data)
    xNumberOfSuccessfulAllocations           0x24000084   Data           4  heap_4.o(.data)
    xNumberOfSuccessfulFrees                 0x24000088   Data           4  heap_4.o(.data)
    xBlockAllocatedBit                       0x2400008c   Data           4  heap_4.o(.data)
    xStart                                   0x24000090   Data           8  heap_4.o(.data)
    .data                                    0x24000098   Section       12  port.o(.data)
    ucMaxSysCallPriority                     0x24000098   Data           1  port.o(.data)
    uxCriticalNesting                        0x2400009c   Data           4  port.o(.data)
    ulMaxPRIGROUPValue                       0x240000a0   Data           4  port.o(.data)
    .bss                                     0x240000a4   Section      128  cmd.o(.bss)
    .bss                                     0x24000124   Section      444  usart.o(.bss)
    .bss                                     0x240002e0   Section       76  stm32h7xx_hal_timebase_tim.o(.bss)
    .bss                                     0x2400032c   Section       64  queue.o(.bss)
    .bss                                     0x2400036c   Section     1220  tasks.o(.bss)
    pxReadyTasksLists                        0x2400036c   Data        1120  tasks.o(.bss)
    xDelayedTaskList1                        0x240007cc   Data          20  tasks.o(.bss)
    xDelayedTaskList2                        0x240007e0   Data          20  tasks.o(.bss)
    xPendingReadyList                        0x240007f4   Data          20  tasks.o(.bss)
    xTasksWaitingTermination                 0x24000808   Data          20  tasks.o(.bss)
    xSuspendedTaskList                       0x2400081c   Data          20  tasks.o(.bss)
    .bss                                     0x24000830   Section      280  timers.o(.bss)
    xStaticTimerQueue                        0x24000830   Data          80  timers.o(.bss)
    ucStaticTimerQueueStorage                0x24000880   Data         160  timers.o(.bss)
    xActiveTimerList1                        0x24000920   Data          20  timers.o(.bss)
    xActiveTimerList2                        0x24000934   Data          20  timers.o(.bss)
    .bss                                     0x24000948   Section     1720  cmsis_os2.o(.bss)
    Idle_TCB                                 0x24000948   Data          92  cmsis_os2.o(.bss)
    Idle_Stack                               0x240009a4   Data         512  cmsis_os2.o(.bss)
    Timer_TCB                                0x24000ba4   Data          92  cmsis_os2.o(.bss)
    Timer_Stack                              0x24000c00   Data        1024  cmsis_os2.o(.bss)
    .bss                                     0x24001000   Section    15360  heap_4.o(.bss)
    ucHeap                                   0x24001000   Data       15360  heap_4.o(.bss)
    STACK                                    0x24004c00   Section     1024  startup_stm32h750xx.o(STACK)

    Global Symbols

    Symbol Name                              Value     Ov Type        Size  Object(Section)

    BuildAttributes$$THM_ISAv4$E$P$D$K$B$S$7EM$VFPv5_D16$PE$PLD8$A:L22UL41UL21$X:L11$S22US41US21$IEEE1$IW$USESV6$~STKCKD$USESV7$~SHL$OSPACE$EBA8$MICROLIB$REQ8$PRES8$EABIv2 0x00000000   Number         0  anon$$obj.o ABSOLUTE
    __ARM_use_no_argv                        0x00000000   Number         0  main.o ABSOLUTE
    __arm_fini_                               - Undefined Weak Reference
    __cpp_initialize__aeabi_                  - Undefined Weak Reference
    __cxa_finalize                            - Undefined Weak Reference
    __decompress                              - Undefined Weak Reference
    _clock_init                               - Undefined Weak Reference
    _microlib_exit                            - Undefined Weak Reference
    __Vectors_Size                           0x00000298   Number         0  startup_stm32h750xx.o ABSOLUTE
    __Vectors                                0x08000000   Data           4  startup_stm32h750xx.o(RESET)
    __Vectors_End                            0x08000298   Data           0  startup_stm32h750xx.o(RESET)
    __main                                   0x08000299   Thumb Code     0  entry.o(.ARM.Collect$$$$00000000)
    _main_stk                                0x08000299   Thumb Code     0  entry2.o(.ARM.Collect$$$$00000001)
    _main_scatterload                        0x0800029d   Thumb Code     0  entry5.o(.ARM.Collect$$$$00000004)
    __main_after_scatterload                 0x080002a1   Thumb Code     0  entry5.o(.ARM.Collect$$$$00000004)
    _main_clock                              0x080002a1   Thumb Code     0  entry7b.o(.ARM.Collect$$$$00000008)
    _main_cpp_init                           0x080002a1   Thumb Code     0  entry8b.o(.ARM.Collect$$$$0000000A)
    _main_init                               0x080002a1   Thumb Code     0  entry9a.o(.ARM.Collect$$$$0000000B)
    __rt_lib_shutdown_fini                   0x080002a9   Thumb Code     0  entry12b.o(.ARM.Collect$$$$0000000E)
    __rt_final_cpp                           0x080002ad   Thumb Code     0  entry10a.o(.ARM.Collect$$$$0000000F)
    __rt_final_exit                          0x080002ad   Thumb Code     0  entry11a.o(.ARM.Collect$$$$00000011)
    SVC_Handler                              0x080002b1   Thumb Code    28  port.o(.emb_text)
    __asm___6_port_c_39a90d8d__prvStartFirstTask 0x080002d1   Thumb Code    36  port.o(.emb_text)
    __asm___6_port_c_39a90d8d__prvEnableVFP  0x080002f9   Thumb Code    16  port.o(.emb_text)
    PendSV_Handler                           0x0800030d   Thumb Code    88  port.o(.emb_text)
    vPortGetIPSR                             0x08000369   Thumb Code     6  port.o(.emb_text)
    Reset_Handler                            0x08000371   Thumb Code     8  startup_stm32h750xx.o(.text)
    ADC3_IRQHandler                          0x0800038b   Thumb Code     0  startup_stm32h750xx.o(.text)
    ADC_IRQHandler                           0x0800038b   Thumb Code     0  startup_stm32h750xx.o(.text)
    BDMA_Channel0_IRQHandler                 0x0800038b   Thumb Code     0  startup_stm32h750xx.o(.text)
    BDMA_Channel1_IRQHandler                 0x0800038b   Thumb Code     0  startup_stm32h750xx.o(.text)
    BDMA_Channel2_IRQHandler                 0x0800038b   Thumb Code     0  startup_stm32h750xx.o(.text)
    BDMA_Channel3_IRQHandler                 0x0800038b   Thumb Code     0  startup_stm32h750xx.o(.text)
    BDMA_Channel4_IRQHandler                 0x0800038b   Thumb Code     0  startup_stm32h750xx.o(.text)
    BDMA_Channel5_IRQHandler                 0x0800038b   Thumb Code     0  startup_stm32h750xx.o(.text)
    BDMA_Channel6_IRQHandler                 0x0800038b   Thumb Code     0  startup_stm32h750xx.o(.text)
    BDMA_Channel7_IRQHandler                 0x0800038b   Thumb Code     0  startup_stm32h750xx.o(.text)
    CEC_IRQHandler                           0x0800038b   Thumb Code     0  startup_stm32h750xx.o(.text)
    COMP1_IRQHandler                         0x0800038b   Thumb Code     0  startup_stm32h750xx.o(.text)
    CRS_IRQHandler                           0x0800038b   Thumb Code     0  startup_stm32h750xx.o(.text)
    CRYP_IRQHandler                          0x0800038b   Thumb Code     0  startup_stm32h750xx.o(.text)
    DCMI_IRQHandler                          0x0800038b   Thumb Code     0  startup_stm32h750xx.o(.text)
    DFSDM1_FLT0_IRQHandler                   0x0800038b   Thumb Code     0  startup_stm32h750xx.o(.text)
    DFSDM1_FLT1_IRQHandler                   0x0800038b   Thumb Code     0  startup_stm32h750xx.o(.text)
    DFSDM1_FLT2_IRQHandler                   0x0800038b   Thumb Code     0  startup_stm32h750xx.o(.text)
    DFSDM1_FLT3_IRQHandler                   0x0800038b   Thumb Code     0  startup_stm32h750xx.o(.text)
    DMA1_Stream2_IRQHandler                  0x0800038b   Thumb Code     0  startup_stm32h750xx.o(.text)
    DMA1_Stream3_IRQHandler                  0x0800038b   Thumb Code     0  startup_stm32h750xx.o(.text)
    DMA1_Stream4_IRQHandler                  0x0800038b   Thumb Code     0  startup_stm32h750xx.o(.text)
    DMA1_Stream5_IRQHandler                  0x0800038b   Thumb Code     0  startup_stm32h750xx.o(.text)
    DMA1_Stream6_IRQHandler                  0x0800038b   Thumb Code     0  startup_stm32h750xx.o(.text)
    DMA1_Stream7_IRQHandler                  0x0800038b   Thumb Code     0  startup_stm32h750xx.o(.text)
    DMA2D_IRQHandler                         0x0800038b   Thumb Code     0  startup_stm32h750xx.o(.text)
    DMA2_Stream0_IRQHandler                  0x0800038b   Thumb Code     0  startup_stm32h750xx.o(.text)
    DMA2_Stream1_IRQHandler                  0x0800038b   Thumb Code     0  startup_stm32h750xx.o(.text)
    DMA2_Stream2_IRQHandler                  0x0800038b   Thumb Code     0  startup_stm32h750xx.o(.text)
    DMA2_Stream3_IRQHandler                  0x0800038b   Thumb Code     0  startup_stm32h750xx.o(.text)
    DMA2_Stream4_IRQHandler                  0x0800038b   Thumb Code     0  startup_stm32h750xx.o(.text)
    DMA2_Stream5_IRQHandler                  0x0800038b   Thumb Code     0  startup_stm32h750xx.o(.text)
    DMA2_Stream6_IRQHandler                  0x0800038b   Thumb Code     0  startup_stm32h750xx.o(.text)
    DMA2_Stream7_IRQHandler                  0x0800038b   Thumb Code     0  startup_stm32h750xx.o(.text)
    DMAMUX1_OVR_IRQHandler                   0x0800038b   Thumb Code     0  startup_stm32h750xx.o(.text)
    DMAMUX2_OVR_IRQHandler                   0x0800038b   Thumb Code     0  startup_stm32h750xx.o(.text)
    ECC_IRQHandler                           0x0800038b   Thumb Code     0  startup_stm32h750xx.o(.text)
    ETH_IRQHandler                           0x0800038b   Thumb Code     0  startup_stm32h750xx.o(.text)
    ETH_WKUP_IRQHandler                      0x0800038b   Thumb Code     0  startup_stm32h750xx.o(.text)
    EXTI0_IRQHandler                         0x0800038b   Thumb Code     0  startup_stm32h750xx.o(.text)
    EXTI15_10_IRQHandler                     0x0800038b   Thumb Code     0  startup_stm32h750xx.o(.text)
    EXTI1_IRQHandler                         0x0800038b   Thumb Code     0  startup_stm32h750xx.o(.text)
    EXTI2_IRQHandler                         0x0800038b   Thumb Code     0  startup_stm32h750xx.o(.text)
    EXTI3_IRQHandler                         0x0800038b   Thumb Code     0  startup_stm32h750xx.o(.text)
    EXTI4_IRQHandler                         0x0800038b   Thumb Code     0  startup_stm32h750xx.o(.text)
    EXTI9_5_IRQHandler                       0x0800038b   Thumb Code     0  startup_stm32h750xx.o(.text)
    FDCAN1_IT0_IRQHandler                    0x0800038b   Thumb Code     0  startup_stm32h750xx.o(.text)
    FDCAN1_IT1_IRQHandler                    0x0800038b   Thumb Code     0  startup_stm32h750xx.o(.text)
    FDCAN2_IT0_IRQHandler                    0x0800038b   Thumb Code     0  startup_stm32h750xx.o(.text)
    FDCAN2_IT1_IRQHandler                    0x0800038b   Thumb Code     0  startup_stm32h750xx.o(.text)
    FDCAN_CAL_IRQHandler                     0x0800038b   Thumb Code     0  startup_stm32h750xx.o(.text)
    FLASH_IRQHandler                         0x0800038b   Thumb Code     0  startup_stm32h750xx.o(.text)
    FMC_IRQHandler                           0x0800038b   Thumb Code     0  startup_stm32h750xx.o(.text)
    FPU_IRQHandler                           0x0800038b   Thumb Code     0  startup_stm32h750xx.o(.text)
    HASH_RNG_IRQHandler                      0x0800038b   Thumb Code     0  startup_stm32h750xx.o(.text)
    HRTIM1_FLT_IRQHandler                    0x0800038b   Thumb Code     0  startup_stm32h750xx.o(.text)
    HRTIM1_Master_IRQHandler                 0x0800038b   Thumb Code     0  startup_stm32h750xx.o(.text)
    HRTIM1_TIMA_IRQHandler                   0x0800038b   Thumb Code     0  startup_stm32h750xx.o(.text)
    HRTIM1_TIMB_IRQHandler                   0x0800038b   Thumb Code     0  startup_stm32h750xx.o(.text)
    HRTIM1_TIMC_IRQHandler                   0x0800038b   Thumb Code     0  startup_stm32h750xx.o(.text)
    HRTIM1_TIMD_IRQHandler                   0x0800038b   Thumb Code     0  startup_stm32h750xx.o(.text)
    HRTIM1_TIME_IRQHandler                   0x0800038b   Thumb Code     0  startup_stm32h750xx.o(.text)
    HSEM1_IRQHandler                         0x0800038b   Thumb Code     0  startup_stm32h750xx.o(.text)
    I2C1_ER_IRQHandler                       0x0800038b   Thumb Code     0  startup_stm32h750xx.o(.text)
    I2C1_EV_IRQHandler                       0x0800038b   Thumb Code     0  startup_stm32h750xx.o(.text)
    I2C2_ER_IRQHandler                       0x0800038b   Thumb Code     0  startup_stm32h750xx.o(.text)
    I2C2_EV_IRQHandler                       0x0800038b   Thumb Code     0  startup_stm32h750xx.o(.text)
    I2C3_ER_IRQHandler                       0x0800038b   Thumb Code     0  startup_stm32h750xx.o(.text)
    I2C3_EV_IRQHandler                       0x0800038b   Thumb Code     0  startup_stm32h750xx.o(.text)
    I2C4_ER_IRQHandler                       0x0800038b   Thumb Code     0  startup_stm32h750xx.o(.text)
    I2C4_EV_IRQHandler                       0x0800038b   Thumb Code     0  startup_stm32h750xx.o(.text)
    JPEG_IRQHandler                          0x0800038b   Thumb Code     0  startup_stm32h750xx.o(.text)
    LPTIM1_IRQHandler                        0x0800038b   Thumb Code     0  startup_stm32h750xx.o(.text)
    LPTIM2_IRQHandler                        0x0800038b   Thumb Code     0  startup_stm32h750xx.o(.text)
    LPTIM3_IRQHandler                        0x0800038b   Thumb Code     0  startup_stm32h750xx.o(.text)
    LPTIM4_IRQHandler                        0x0800038b   Thumb Code     0  startup_stm32h750xx.o(.text)
    LPTIM5_IRQHandler                        0x0800038b   Thumb Code     0  startup_stm32h750xx.o(.text)
    LPUART1_IRQHandler                       0x0800038b   Thumb Code     0  startup_stm32h750xx.o(.text)
    LTDC_ER_IRQHandler                       0x0800038b   Thumb Code     0  startup_stm32h750xx.o(.text)
    LTDC_IRQHandler                          0x0800038b   Thumb Code     0  startup_stm32h750xx.o(.text)
    MDIOS_IRQHandler                         0x0800038b   Thumb Code     0  startup_stm32h750xx.o(.text)
    MDIOS_WKUP_IRQHandler                    0x0800038b   Thumb Code     0  startup_stm32h750xx.o(.text)
    MDMA_IRQHandler                          0x0800038b   Thumb Code     0  startup_stm32h750xx.o(.text)
    OTG_FS_EP1_IN_IRQHandler                 0x0800038b   Thumb Code     0  startup_stm32h750xx.o(.text)
    OTG_FS_EP1_OUT_IRQHandler                0x0800038b   Thumb Code     0  startup_stm32h750xx.o(.text)
    OTG_FS_IRQHandler                        0x0800038b   Thumb Code     0  startup_stm32h750xx.o(.text)
    OTG_FS_WKUP_IRQHandler                   0x0800038b   Thumb Code     0  startup_stm32h750xx.o(.text)
    OTG_HS_EP1_IN_IRQHandler                 0x0800038b   Thumb Code     0  startup_stm32h750xx.o(.text)
    OTG_HS_EP1_OUT_IRQHandler                0x0800038b   Thumb Code     0  startup_stm32h750xx.o(.text)
    OTG_HS_IRQHandler                        0x0800038b   Thumb Code     0  startup_stm32h750xx.o(.text)
    OTG_HS_WKUP_IRQHandler                   0x0800038b   Thumb Code     0  startup_stm32h750xx.o(.text)
    PVD_AVD_IRQHandler                       0x0800038b   Thumb Code     0  startup_stm32h750xx.o(.text)
    QUADSPI_IRQHandler                       0x0800038b   Thumb Code     0  startup_stm32h750xx.o(.text)
    RCC_IRQHandler                           0x0800038b   Thumb Code     0  startup_stm32h750xx.o(.text)
    RTC_Alarm_IRQHandler                     0x0800038b   Thumb Code     0  startup_stm32h750xx.o(.text)
    RTC_WKUP_IRQHandler                      0x0800038b   Thumb Code     0  startup_stm32h750xx.o(.text)
    SAI1_IRQHandler                          0x0800038b   Thumb Code     0  startup_stm32h750xx.o(.text)
    SAI2_IRQHandler                          0x0800038b   Thumb Code     0  startup_stm32h750xx.o(.text)
    SAI3_IRQHandler                          0x0800038b   Thumb Code     0  startup_stm32h750xx.o(.text)
    SAI4_IRQHandler                          0x0800038b   Thumb Code     0  startup_stm32h750xx.o(.text)
    SDMMC1_IRQHandler                        0x0800038b   Thumb Code     0  startup_stm32h750xx.o(.text)
    SDMMC2_IRQHandler                        0x0800038b   Thumb Code     0  startup_stm32h750xx.o(.text)
    SPDIF_RX_IRQHandler                      0x0800038b   Thumb Code     0  startup_stm32h750xx.o(.text)
    SPI1_IRQHandler                          0x0800038b   Thumb Code     0  startup_stm32h750xx.o(.text)
    SPI2_IRQHandler                          0x0800038b   Thumb Code     0  startup_stm32h750xx.o(.text)
    SPI3_IRQHandler                          0x0800038b   Thumb Code     0  startup_stm32h750xx.o(.text)
    SPI4_IRQHandler                          0x0800038b   Thumb Code     0  startup_stm32h750xx.o(.text)
    SPI5_IRQHandler                          0x0800038b   Thumb Code     0  startup_stm32h750xx.o(.text)
    SPI6_IRQHandler                          0x0800038b   Thumb Code     0  startup_stm32h750xx.o(.text)
    SWPMI1_IRQHandler                        0x0800038b   Thumb Code     0  startup_stm32h750xx.o(.text)
    TAMP_STAMP_IRQHandler                    0x0800038b   Thumb Code     0  startup_stm32h750xx.o(.text)
    TIM15_IRQHandler                         0x0800038b   Thumb Code     0  startup_stm32h750xx.o(.text)
    TIM16_IRQHandler                         0x0800038b   Thumb Code     0  startup_stm32h750xx.o(.text)
    TIM1_BRK_IRQHandler                      0x0800038b   Thumb Code     0  startup_stm32h750xx.o(.text)
    TIM1_CC_IRQHandler                       0x0800038b   Thumb Code     0  startup_stm32h750xx.o(.text)
    TIM1_TRG_COM_IRQHandler                  0x0800038b   Thumb Code     0  startup_stm32h750xx.o(.text)
    TIM1_UP_IRQHandler                       0x0800038b   Thumb Code     0  startup_stm32h750xx.o(.text)
    TIM2_IRQHandler                          0x0800038b   Thumb Code     0  startup_stm32h750xx.o(.text)
    TIM3_IRQHandler                          0x0800038b   Thumb Code     0  startup_stm32h750xx.o(.text)
    TIM4_IRQHandler                          0x0800038b   Thumb Code     0  startup_stm32h750xx.o(.text)
    TIM5_IRQHandler                          0x0800038b   Thumb Code     0  startup_stm32h750xx.o(.text)
    TIM6_DAC_IRQHandler                      0x0800038b   Thumb Code     0  startup_stm32h750xx.o(.text)
    TIM7_IRQHandler                          0x0800038b   Thumb Code     0  startup_stm32h750xx.o(.text)
    TIM8_BRK_TIM12_IRQHandler                0x0800038b   Thumb Code     0  startup_stm32h750xx.o(.text)
    TIM8_CC_IRQHandler                       0x0800038b   Thumb Code     0  startup_stm32h750xx.o(.text)
    TIM8_TRG_COM_TIM14_IRQHandler            0x0800038b   Thumb Code     0  startup_stm32h750xx.o(.text)
    TIM8_UP_TIM13_IRQHandler                 0x0800038b   Thumb Code     0  startup_stm32h750xx.o(.text)
    UART4_IRQHandler                         0x0800038b   Thumb Code     0  startup_stm32h750xx.o(.text)
    UART5_IRQHandler                         0x0800038b   Thumb Code     0  startup_stm32h750xx.o(.text)
    UART7_IRQHandler                         0x0800038b   Thumb Code     0  startup_stm32h750xx.o(.text)
    UART8_IRQHandler                         0x0800038b   Thumb Code     0  startup_stm32h750xx.o(.text)
    USART1_IRQHandler                        0x0800038b   Thumb Code     0  startup_stm32h750xx.o(.text)
    USART2_IRQHandler                        0x0800038b   Thumb Code     0  startup_stm32h750xx.o(.text)
    USART6_IRQHandler                        0x0800038b   Thumb Code     0  startup_stm32h750xx.o(.text)
    WAKEUP_PIN_IRQHandler                    0x0800038b   Thumb Code     0  startup_stm32h750xx.o(.text)
    WWDG_IRQHandler                          0x0800038b   Thumb Code     0  startup_stm32h750xx.o(.text)
    __aeabi_uldivmod                         0x08000395   Thumb Code    98  uldiv.o(.text)
    __aeabi_memcpy                           0x080003f7   Thumb Code    36  memcpya.o(.text)
    __aeabi_memcpy4                          0x080003f7   Thumb Code     0  memcpya.o(.text)
    __aeabi_memcpy8                          0x080003f7   Thumb Code     0  memcpya.o(.text)
    __aeabi_memset                           0x0800041b   Thumb Code    14  memseta.o(.text)
    __aeabi_memset4                          0x0800041b   Thumb Code     0  memseta.o(.text)
    __aeabi_memset8                          0x0800041b   Thumb Code     0  memseta.o(.text)
    __aeabi_memclr                           0x08000429   Thumb Code     4  memseta.o(.text)
    __aeabi_memclr4                          0x08000429   Thumb Code     0  memseta.o(.text)
    __aeabi_memclr8                          0x08000429   Thumb Code     0  memseta.o(.text)
    memset                                   0x0800042d   Thumb Code    18  memseta.o(.text)
    __aeabi_llsl                             0x0800043f   Thumb Code    30  llshl.o(.text)
    _ll_shift_l                              0x0800043f   Thumb Code     0  llshl.o(.text)
    __aeabi_llsr                             0x0800045d   Thumb Code    32  llushr.o(.text)
    _ll_ushift_r                             0x0800045d   Thumb Code     0  llushr.o(.text)
    __scatterload                            0x0800047d   Thumb Code    28  init.o(.text)
    __scatterload_rt2                        0x0800047d   Thumb Code     0  init.o(.text)
    BusFault_Handler                         0x080004a1   Thumb Code     2  stm32h7xx_it.o(i.BusFault_Handler)
    CmdTask                                  0x080004a5   Thumb Code   474  cmd.o(i.CmdTask)
    DMA1_Stream0_IRQHandler                  0x08000699   Thumb Code     6  stm32h7xx_it.o(i.DMA1_Stream0_IRQHandler)
    DMA1_Stream1_IRQHandler                  0x080006a5   Thumb Code     6  stm32h7xx_it.o(i.DMA1_Stream1_IRQHandler)
    DebugMon_Handler                         0x08000ae9   Thumb Code     2  stm32h7xx_it.o(i.DebugMon_Handler)
    Error_Handler                            0x08000aeb   Thumb Code     4  main.o(i.Error_Handler)
    HAL_DMA_Abort                            0x08000af1   Thumb Code   836  stm32h7xx_hal_dma.o(i.HAL_DMA_Abort)
    HAL_DMA_Abort_IT                         0x08000e51   Thumb Code   602  stm32h7xx_hal_dma.o(i.HAL_DMA_Abort_IT)
    HAL_DMA_IRQHandler                       0x080010d5   Thumb Code  1756  stm32h7xx_hal_dma.o(i.HAL_DMA_IRQHandler)
    HAL_DMA_Init                             0x080017bd   Thumb Code   926  stm32h7xx_hal_dma.o(i.HAL_DMA_Init)
    HAL_DMA_Start_IT                         0x08001b81   Thumb Code   628  stm32h7xx_hal_dma.o(i.HAL_DMA_Start_IT)
    HAL_GPIO_Init                            0x08001e1d   Thumb Code   506  stm32h7xx_hal_gpio.o(i.HAL_GPIO_Init)
    HAL_GPIO_TogglePin                       0x08002049   Thumb Code    16  stm32h7xx_hal_gpio.o(i.HAL_GPIO_TogglePin)
    HAL_GPIO_WritePin                        0x08002059   Thumb Code    10  stm32h7xx_hal_gpio.o(i.HAL_GPIO_WritePin)
    HAL_GetREVID                             0x08002065   Thumb Code     8  stm32h7xx_hal.o(i.HAL_GetREVID)
    HAL_GetTick                              0x08002071   Thumb Code     6  stm32h7xx_hal.o(i.HAL_GetTick)
    HAL_IncTick                              0x0800207d   Thumb Code    12  stm32h7xx_hal.o(i.HAL_IncTick)
    HAL_Init                                 0x0800208d   Thumb Code    74  stm32h7xx_hal.o(i.HAL_Init)
    HAL_InitTick                             0x080020e9   Thumb Code   110  stm32h7xx_hal_timebase_tim.o(i.HAL_InitTick)
    HAL_MPU_ConfigRegion                     0x0800216d   Thumb Code    86  stm32h7xx_hal_cortex.o(i.HAL_MPU_ConfigRegion)
    HAL_MPU_Disable                          0x080021c9   Thumb Code    24  stm32h7xx_hal_cortex.o(i.HAL_MPU_Disable)
    HAL_MPU_Enable                           0x080021e5   Thumb Code    30  stm32h7xx_hal_cortex.o(i.HAL_MPU_Enable)
    HAL_MspInit                              0x08002209   Thumb Code    32  stm32h7xx_hal_msp.o(i.HAL_MspInit)
    HAL_NVIC_EnableIRQ                       0x0800222d   Thumb Code    26  stm32h7xx_hal_cortex.o(i.HAL_NVIC_EnableIRQ)
    HAL_NVIC_SetPriority                     0x08002249   Thumb Code    60  stm32h7xx_hal_cortex.o(i.HAL_NVIC_SetPriority)
    HAL_NVIC_SetPriorityGrouping             0x08002289   Thumb Code    28  stm32h7xx_hal_cortex.o(i.HAL_NVIC_SetPriorityGrouping)
    HAL_PWREx_ConfigSupply                   0x080022ad   Thumb Code    78  stm32h7xx_hal_pwr_ex.o(i.HAL_PWREx_ConfigSupply)
    HAL_RCCEx_GetD3PCLK1Freq                 0x08002301   Thumb Code    26  stm32h7xx_hal_rcc_ex.o(i.HAL_RCCEx_GetD3PCLK1Freq)
    HAL_RCCEx_GetPLL2ClockFreq               0x08002325   Thumb Code   296  stm32h7xx_hal_rcc_ex.o(i.HAL_RCCEx_GetPLL2ClockFreq)
    HAL_RCCEx_GetPLL3ClockFreq               0x08002469   Thumb Code   296  stm32h7xx_hal_rcc_ex.o(i.HAL_RCCEx_GetPLL3ClockFreq)
    HAL_RCCEx_PeriphCLKConfig                0x080025ad   Thumb Code  2472  stm32h7xx_hal_rcc_ex.o(i.HAL_RCCEx_PeriphCLKConfig)
    HAL_RCC_ClockConfig                      0x08002f59   Thumb Code   580  stm32h7xx_hal_rcc.o(i.HAL_RCC_ClockConfig)
    HAL_RCC_GetClockConfig                   0x080031b5   Thumb Code    84  stm32h7xx_hal_rcc.o(i.HAL_RCC_GetClockConfig)
    HAL_RCC_GetHCLKFreq                      0x08003211   Thumb Code    52  stm32h7xx_hal_rcc.o(i.HAL_RCC_GetHCLKFreq)
    HAL_RCC_GetPCLK1Freq                     0x08003255   Thumb Code    26  stm32h7xx_hal_rcc.o(i.HAL_RCC_GetPCLK1Freq)
    HAL_RCC_GetPCLK2Freq                     0x08003279   Thumb Code    26  stm32h7xx_hal_rcc.o(i.HAL_RCC_GetPCLK2Freq)
    HAL_RCC_GetSysClockFreq                  0x0800329d   Thumb Code   278  stm32h7xx_hal_rcc.o(i.HAL_RCC_GetSysClockFreq)
    HAL_RCC_OscConfig                        0x080033d5   Thumb Code  1410  stm32h7xx_hal_rcc.o(i.HAL_RCC_OscConfig)
    HAL_TIMEx_Break2Callback                 0x08003957   Thumb Code     2  stm32h7xx_hal_tim_ex.o(i.HAL_TIMEx_Break2Callback)
    HAL_TIMEx_BreakCallback                  0x08003959   Thumb Code     2  stm32h7xx_hal_tim_ex.o(i.HAL_TIMEx_BreakCallback)
    HAL_TIMEx_CommutCallback                 0x0800395b   Thumb Code     2  stm32h7xx_hal_tim_ex.o(i.HAL_TIMEx_CommutCallback)
    HAL_TIM_Base_Init                        0x0800395d   Thumb Code    98  stm32h7xx_hal_tim.o(i.HAL_TIM_Base_Init)
    HAL_TIM_Base_MspInit                     0x080039bf   Thumb Code     2  stm32h7xx_hal_tim.o(i.HAL_TIM_Base_MspInit)
    HAL_TIM_Base_Start_IT                    0x080039c1   Thumb Code   106  stm32h7xx_hal_tim.o(i.HAL_TIM_Base_Start_IT)
    HAL_TIM_IC_CaptureCallback               0x08003a4d   Thumb Code     2  stm32h7xx_hal_tim.o(i.HAL_TIM_IC_CaptureCallback)
    HAL_TIM_IRQHandler                       0x08003a4f   Thumb Code   328  stm32h7xx_hal_tim.o(i.HAL_TIM_IRQHandler)
    HAL_TIM_OC_DelayElapsedCallback          0x08003b97   Thumb Code     2  stm32h7xx_hal_tim.o(i.HAL_TIM_OC_DelayElapsedCallback)
    HAL_TIM_PWM_PulseFinishedCallback        0x08003b99   Thumb Code     2  stm32h7xx_hal_tim.o(i.HAL_TIM_PWM_PulseFinishedCallback)
    HAL_TIM_PeriodElapsedCallback            0x08003b9d   Thumb Code    14  main.o(i.HAL_TIM_PeriodElapsedCallback)
    HAL_TIM_TriggerCallback                  0x08003bb1   Thumb Code     2  stm32h7xx_hal_tim.o(i.HAL_TIM_TriggerCallback)
    HAL_UARTEx_DisableFifoMode               0x08003bb3   Thumb Code    64  stm32h7xx_hal_uart_ex.o(i.HAL_UARTEx_DisableFifoMode)
    HAL_UARTEx_ReceiveToIdle_DMA             0x08003bf3   Thumb Code    74  stm32h7xx_hal_uart_ex.o(i.HAL_UARTEx_ReceiveToIdle_DMA)
    HAL_UARTEx_RxEventCallback               0x08003c3d   Thumb Code    32  stm32h7xx_it.o(i.HAL_UARTEx_RxEventCallback)
    HAL_UARTEx_RxFifoFullCallback            0x08003c69   Thumb Code     2  stm32h7xx_hal_uart_ex.o(i.HAL_UARTEx_RxFifoFullCallback)
    HAL_UARTEx_SetRxFifoThreshold            0x08003c6b   Thumb Code    76  stm32h7xx_hal_uart_ex.o(i.HAL_UARTEx_SetRxFifoThreshold)
    HAL_UARTEx_SetTxFifoThreshold            0x08003cb7   Thumb Code    76  stm32h7xx_hal_uart_ex.o(i.HAL_UARTEx_SetTxFifoThreshold)
    HAL_UARTEx_TxFifoEmptyCallback           0x08003d03   Thumb Code     2  stm32h7xx_hal_uart_ex.o(i.HAL_UARTEx_TxFifoEmptyCallback)
    HAL_UARTEx_WakeupCallback                0x08003d05   Thumb Code     2  stm32h7xx_hal_uart_ex.o(i.HAL_UARTEx_WakeupCallback)
    HAL_UART_AbortCpltCallback               0x08003d07   Thumb Code     2  stm32h7xx_hal_uart.o(i.HAL_UART_AbortCpltCallback)
    HAL_UART_AbortReceiveCpltCallback        0x08003d09   Thumb Code     2  stm32h7xx_hal_uart.o(i.HAL_UART_AbortReceiveCpltCallback)
    HAL_UART_AbortTransmitCpltCallback       0x08003d0b   Thumb Code     2  stm32h7xx_hal_uart.o(i.HAL_UART_AbortTransmitCpltCallback)
    HAL_UART_ErrorCallback                   0x08003d0d   Thumb Code     2  stm32h7xx_hal_uart.o(i.HAL_UART_ErrorCallback)
    HAL_UART_GetState                        0x08003d0f   Thumb Code    14  stm32h7xx_hal_uart.o(i.HAL_UART_GetState)
    HAL_UART_IRQHandler                      0x08003d1d   Thumb Code   872  stm32h7xx_hal_uart.o(i.HAL_UART_IRQHandler)
    HAL_UART_Init                            0x0800409d   Thumb Code   124  stm32h7xx_hal_uart.o(i.HAL_UART_Init)
    HAL_UART_MspInit                         0x0800411d   Thumb Code   230  usart.o(i.HAL_UART_MspInit)
    HAL_UART_Receive_DMA                     0x08004219   Thumb Code    66  stm32h7xx_hal_uart.o(i.HAL_UART_Receive_DMA)
    HAL_UART_RxCpltCallback                  0x08004261   Thumb Code     2  stm32h7xx_hal_uart.o(i.HAL_UART_RxCpltCallback)
    HAL_UART_RxHalfCpltCallback              0x08004263   Thumb Code     2  stm32h7xx_hal_uart.o(i.HAL_UART_RxHalfCpltCallback)
    HAL_UART_Transmit_DMA                    0x08004265   Thumb Code   132  stm32h7xx_hal_uart.o(i.HAL_UART_Transmit_DMA)
    HAL_UART_TxCpltCallback                  0x080042f5   Thumb Code     2  stm32h7xx_hal_uart.o(i.HAL_UART_TxCpltCallback)
    HAL_UART_TxHalfCpltCallback              0x080042f7   Thumb Code     2  stm32h7xx_hal_uart.o(i.HAL_UART_TxHalfCpltCallback)
    HardFault_Handler                        0x080042f9   Thumb Code     2  stm32h7xx_it.o(i.HardFault_Handler)
    MX_DMA_Init                              0x080042fd   Thumb Code    56  dma.o(i.MX_DMA_Init)
    MX_FREERTOS_Init                         0x08004339   Thumb Code    56  freertos.o(i.MX_FREERTOS_Init)
    MX_GPIO_Init                             0x08004381   Thumb Code   118  gpio.o(i.MX_GPIO_Init)
    MX_USART3_UART_Init                      0x08004401   Thumb Code    94  usart.o(i.MX_USART3_UART_Init)
    MemManage_Handler                        0x08004469   Thumb Code     2  stm32h7xx_it.o(i.MemManage_Handler)
    NMI_Handler                              0x0800446b   Thumb Code     2  stm32h7xx_it.o(i.NMI_Handler)
    StartDefaultTask                         0x080046ad   Thumb Code    44  freertos.o(i.StartDefaultTask)
    SysTick_Handler                          0x080046ed   Thumb Code    26  cmsis_os2.o(i.SysTick_Handler)
    SystemClock_Config                       0x08004709   Thumb Code   208  main.o(i.SystemClock_Config)
    SystemInit                               0x080047e5   Thumb Code   180  system_stm32h7xx.o(i.SystemInit)
    TIM17_IRQHandler                         0x080048c1   Thumb Code     6  stm32h7xx_it.o(i.TIM17_IRQHandler)
    TIM_Base_SetConfig                       0x080048cd   Thumb Code   176  stm32h7xx_hal_tim.o(i.TIM_Base_SetConfig)
    UART_AdvFeatureConfig                    0x080049e1   Thumb Code   200  stm32h7xx_hal_uart.o(i.UART_AdvFeatureConfig)
    UART_CheckIdleState                      0x08004aa9   Thumb Code   170  stm32h7xx_hal_uart.o(i.UART_CheckIdleState)
    UART_InitCallbacksToDefault              0x08004d25   Thumb Code    74  stm32h7xx_hal_uart.o(i.UART_InitCallbacksToDefault)
    UART_SetConfig                           0x08004da1   Thumb Code   876  stm32h7xx_hal_uart.o(i.UART_SetConfig)
    UART_Start_Receive_DMA                   0x0800514d   Thumb Code   156  stm32h7xx_hal_uart.o(i.UART_Start_Receive_DMA)
    UART_WaitOnFlagUntilTimeout              0x080051f5   Thumb Code   148  stm32h7xx_hal_uart.o(i.UART_WaitOnFlagUntilTimeout)
    USART3_IRQHandler                        0x08005289   Thumb Code     6  stm32h7xx_it.o(i.USART3_IRQHandler)
    UsageFault_Handler                       0x08005295   Thumb Code     2  stm32h7xx_it.o(i.UsageFault_Handler)
    __scatterload_copy                       0x080052b9   Thumb Code    14  handlers.o(i.__scatterload_copy)
    __scatterload_null                       0x080052c7   Thumb Code     2  handlers.o(i.__scatterload_null)
    __scatterload_zeroinit                   0x080052c9   Thumb Code    14  handlers.o(i.__scatterload_zeroinit)
    main                                     0x080052d7   Thumb Code   110  main.o(i.main)
    osDelay                                  0x08005345   Thumb Code    28  cmsis_os2.o(i.osDelay)
    osKernelInitialize                       0x08005361   Thumb Code    32  cmsis_os2.o(i.osKernelInitialize)
    osKernelStart                            0x08005385   Thumb Code    48  cmsis_os2.o(i.osKernelStart)
    osMutexAcquire                           0x080053bd   Thumb Code    82  cmsis_os2.o(i.osMutexAcquire)
    osMutexNew                               0x0800540f   Thumb Code   104  cmsis_os2.o(i.osMutexNew)
    osMutexRelease                           0x08005477   Thumb Code    66  cmsis_os2.o(i.osMutexRelease)
    osSemaphoreAcquire                       0x080054b9   Thumb Code    92  cmsis_os2.o(i.osSemaphoreAcquire)
    osSemaphoreNew                           0x08005519   Thumb Code   152  cmsis_os2.o(i.osSemaphoreNew)
    osSemaphoreRelease                       0x080055b1   Thumb Code    86  cmsis_os2.o(i.osSemaphoreRelease)
    osThreadNew                              0x0800560d   Thumb Code   144  cmsis_os2.o(i.osThreadNew)
    pvPortMalloc                             0x08005e4d   Thumb Code   216  heap_4.o(i.pvPortMalloc)
    pvTaskIncrementMutexHeldCount            0x08005f29   Thumb Code    18  tasks.o(i.pvTaskIncrementMutexHeldCount)
    pxPortInitialiseStack                    0x08005f41   Thumb Code    42  port.o(i.pxPortInitialiseStack)
    usart3Printf                             0x08005f71   Thumb Code    62  cmd.o(i.usart3Printf)
    uxListRemove                             0x08005fb9   Thumb Code    38  list.o(i.uxListRemove)
    vApplicationGetIdleTaskMemory            0x08005fe1   Thumb Code    18  cmsis_os2.o(i.vApplicationGetIdleTaskMemory)
    vApplicationGetTimerTaskMemory           0x08005ff9   Thumb Code    20  cmsis_os2.o(i.vApplicationGetTimerTaskMemory)
    vListInitialise                          0x08006011   Thumb Code    22  list.o(i.vListInitialise)
    vListInitialiseItem                      0x08006027   Thumb Code     6  list.o(i.vListInitialiseItem)
    vListInsert                              0x0800602d   Thumb Code    48  list.o(i.vListInsert)
    vListInsertEnd                           0x0800605d   Thumb Code    24  list.o(i.vListInsertEnd)
    vPortEnterCritical                       0x08006075   Thumb Code    54  port.o(i.vPortEnterCritical)
    vPortExitCritical                        0x080060b5   Thumb Code    34  port.o(i.vPortExitCritical)
    vPortFree                                0x080060dd   Thumb Code    94  heap_4.o(i.vPortFree)
    vPortSetupTimerInterrupt                 0x08006141   Thumb Code    32  port.o(i.vPortSetupTimerInterrupt)
    vPortValidateInterruptPriority           0x08006165   Thumb Code    74  port.o(i.vPortValidateInterruptPriority)
    vQueueAddToRegistry                      0x080061b9   Thumb Code    34  queue.o(i.vQueueAddToRegistry)
    vQueueDelete                             0x080061e1   Thumb Code    46  queue.o(i.vQueueDelete)
    vQueueUnregisterQueue                    0x08006211   Thumb Code    36  queue.o(i.vQueueUnregisterQueue)
    vQueueWaitForMessageRestricted           0x08006239   Thumb Code    68  queue.o(i.vQueueWaitForMessageRestricted)
    vTaskDelay                               0x0800627d   Thumb Code    66  tasks.o(i.vTaskDelay)
    vTaskInternalSetTimeOutState             0x080062c9   Thumb Code    12  tasks.o(i.vTaskInternalSetTimeOutState)
    vTaskMissedYield                         0x080062d9   Thumb Code     8  tasks.o(i.vTaskMissedYield)
    vTaskPlaceOnEventList                    0x080062e5   Thumb Code    44  tasks.o(i.vTaskPlaceOnEventList)
    vTaskPlaceOnEventListRestricted          0x08006315   Thumb Code    52  tasks.o(i.vTaskPlaceOnEventListRestricted)
    vTaskPriorityDisinheritAfterTimeout      0x0800634d   Thumb Code   136  tasks.o(i.vTaskPriorityDisinheritAfterTimeout)
    vTaskStartScheduler                      0x080063dd   Thumb Code   118  tasks.o(i.vTaskStartScheduler)
    vTaskSuspendAll                          0x08006465   Thumb Code    10  tasks.o(i.vTaskSuspendAll)
    vTaskSwitchContext                       0x08006475   Thumb Code    90  tasks.o(i.vTaskSwitchContext)
    xPortStartScheduler                      0x080064d9   Thumb Code   222  port.o(i.xPortStartScheduler)
    xPortSysTickHandler                      0x080065cd   Thumb Code    38  port.o(i.xPortSysTickHandler)
    xQueueCreateCountingSemaphore            0x080065f9   Thumb Code    58  queue.o(i.xQueueCreateCountingSemaphore)
    xQueueCreateCountingSemaphoreStatic      0x08006633   Thumb Code    64  queue.o(i.xQueueCreateCountingSemaphoreStatic)
    xQueueCreateMutex                        0x08006673   Thumb Code    22  queue.o(i.xQueueCreateMutex)
    xQueueCreateMutexStatic                  0x08006689   Thumb Code    26  queue.o(i.xQueueCreateMutexStatic)
    xQueueGenericCreate                      0x080066a3   Thumb Code    66  queue.o(i.xQueueGenericCreate)
    xQueueGenericCreateStatic                0x080066e5   Thumb Code   102  queue.o(i.xQueueGenericCreateStatic)
    xQueueGenericReset                       0x0800674d   Thumb Code   144  queue.o(i.xQueueGenericReset)
    xQueueGenericSend                        0x080067e1   Thumb Code   346  queue.o(i.xQueueGenericSend)
    xQueueGenericSendFromISR                 0x08006941   Thumb Code   190  queue.o(i.xQueueGenericSendFromISR)
    xQueueGiveFromISR                        0x080069ff   Thumb Code   156  queue.o(i.xQueueGiveFromISR)
    xQueueGiveMutexRecursive                 0x08006a9b   Thumb Code    62  queue.o(i.xQueueGiveMutexRecursive)
    xQueueReceive                            0x08006ad9   Thumb Code   310  queue.o(i.xQueueReceive)
    xQueueReceiveFromISR                     0x08006c15   Thumb Code   156  queue.o(i.xQueueReceiveFromISR)
    xQueueSemaphoreTake                      0x08006cb1   Thumb Code   376  queue.o(i.xQueueSemaphoreTake)
    xQueueTakeMutexRecursive                 0x08006e2d   Thumb Code    60  queue.o(i.xQueueTakeMutexRecursive)
    xTaskCheckForTimeOut                     0x08006e69   Thumb Code   116  tasks.o(i.xTaskCheckForTimeOut)
    xTaskCreate                              0x08006ee1   Thumb Code    90  tasks.o(i.xTaskCreate)
    xTaskCreateStatic                        0x08006f3b   Thumb Code    86  tasks.o(i.xTaskCreateStatic)
    xTaskGetCurrentTaskHandle                0x08006f91   Thumb Code     6  tasks.o(i.xTaskGetCurrentTaskHandle)
    xTaskGetSchedulerState                   0x08006f9d   Thumb Code    22  tasks.o(i.xTaskGetSchedulerState)
    xTaskGetTickCount                        0x08006fb9   Thumb Code     6  tasks.o(i.xTaskGetTickCount)
    xTaskIncrementTick                       0x08006fc5   Thumb Code   192  tasks.o(i.xTaskIncrementTick)
    xTaskPriorityDisinherit                  0x0800708d   Thumb Code   116  tasks.o(i.xTaskPriorityDisinherit)
    xTaskPriorityInherit                     0x08007109   Thumb Code   114  tasks.o(i.xTaskPriorityInherit)
    xTaskRemoveFromEventList                 0x08007185   Thumb Code   100  tasks.o(i.xTaskRemoveFromEventList)
    xTaskResumeAll                           0x080071f5   Thumb Code   184  tasks.o(i.xTaskResumeAll)
    xTimerCreateTimerTask                    0x080072b9   Thumb Code    78  timers.o(i.xTimerCreateTimerTask)
    xTimerGenericCommand                     0x08007319   Thumb Code    98  timers.o(i.xTimerGenericCommand)
    defaultTask_attributes                   0x08007380   Data          36  freertos.o(.constdata)
    cmdTask_attributes                       0x080073a4   Data          36  freertos.o(.constdata)
    usart3Mutex_attributes                   0x080073c8   Data          16  freertos.o(.constdata)
    cmdRxBinarySem_attributes                0x080073d8   Data          16  freertos.o(.constdata)
    UARTPrescTable                           0x080073f0   Data          24  stm32h7xx_hal_uart.o(.constdata)
    D1CorePrescTable                         0x08007418   Data          16  system_stm32h7xx.o(.constdata)
    Region$$Table$$Base                      0x08007458   Number         0  anon$$obj.o(Region$$Table)
    Region$$Table$$Limit                     0x08007478   Number         0  anon$$obj.o(Region$$Table)
    defaultTaskHandle                        0x24000000   Data           4  freertos.o(.data)
    cmdTaskHandle                            0x24000004   Data           4  freertos.o(.data)
    usart3MutexHandle                        0x24000008   Data           4  freertos.o(.data)
    cmdRxBinarySemHandle                     0x2400000c   Data           4  freertos.o(.data)
    uwTickFreq                               0x24000010   Data           1  stm32h7xx_hal.o(.data)
    uwTickPrio                               0x24000014   Data           4  stm32h7xx_hal.o(.data)
    uwTick                                   0x24000018   Data           4  stm32h7xx_hal.o(.data)
    SystemCoreClock                          0x2400001c   Data           4  system_stm32h7xx.o(.data)
    SystemD2Clock                            0x24000020   Data           4  system_stm32h7xx.o(.data)
    pxCurrentTCB                             0x24000024   Data           4  tasks.o(.data)
    rx_buf                                   0x240000a4   Data         128  cmd.o(.bss)
    huart3                                   0x24000124   Data         204  usart.o(.bss)
    hdma_usart3_rx                           0x240001f0   Data         120  usart.o(.bss)
    hdma_usart3_tx                           0x24000268   Data         120  usart.o(.bss)
    htim17                                   0x240002e0   Data          76  stm32h7xx_hal_timebase_tim.o(.bss)
    xQueueRegistry                           0x2400032c   Data          64  queue.o(.bss)
    __initial_sp                             0x24005000   Data           0  startup_stm32h750xx.o(STACK)



==============================================================================

Memory Map of the image

  Image Entry point : 0x08000299

  Load Region LR_IROM1 (Base: 0x08000000, Size: 0x0000751c, Max: 0x00020000, ABSOLUTE)

    Execution Region ER_IROM1 (Exec base: 0x08000000, Load base: 0x08000000, Size: 0x00007478, Max: 0x00020000, ABSOLUTE)

    Exec Addr    Load Addr    Size         Type   Attr      Idx    E Section Name        Object

    0x08000000   0x08000000   0x00000298   Data   RO            3    RESET               startup_stm32h750xx.o
    0x08000298   0x08000298   0x00000000   Code   RO         6315  * .ARM.Collect$$$$00000000  mc_w.l(entry.o)
    0x08000298   0x08000298   0x00000004   Code   RO         6328    .ARM.Collect$$$$00000001  mc_w.l(entry2.o)
    0x0800029c   0x0800029c   0x00000004   Code   RO         6331    .ARM.Collect$$$$00000004  mc_w.l(entry5.o)
    0x080002a0   0x080002a0   0x00000000   Code   RO         6333    .ARM.Collect$$$$00000008  mc_w.l(entry7b.o)
    0x080002a0   0x080002a0   0x00000000   Code   RO         6335    .ARM.Collect$$$$0000000A  mc_w.l(entry8b.o)
    0x080002a0   0x080002a0   0x00000008   Code   RO         6336    .ARM.Collect$$$$0000000B  mc_w.l(entry9a.o)
    0x080002a8   0x080002a8   0x00000004   Code   RO         6343    .ARM.Collect$$$$0000000E  mc_w.l(entry12b.o)
    0x080002ac   0x080002ac   0x00000000   Code   RO         6338    .ARM.Collect$$$$0000000F  mc_w.l(entry10a.o)
    0x080002ac   0x080002ac   0x00000000   Code   RO         6340    .ARM.Collect$$$$00000011  mc_w.l(entry11a.o)
    0x080002ac   0x080002ac   0x00000004   Code   RO         6329    .ARM.Collect$$$$00002712  mc_w.l(entry2.o)
    0x080002b0   0x080002b0   0x000000be   Code   RO         6238    .emb_text           port.o
    0x0800036e   0x0800036e   0x00000002   PAD
    0x08000370   0x08000370   0x00000024   Code   RO            4    .text               startup_stm32h750xx.o
    0x08000394   0x08000394   0x00000062   Code   RO         6318    .text               mc_w.l(uldiv.o)
    0x080003f6   0x080003f6   0x00000024   Code   RO         6320    .text               mc_w.l(memcpya.o)
    0x0800041a   0x0800041a   0x00000024   Code   RO         6324    .text               mc_w.l(memseta.o)
    0x0800043e   0x0800043e   0x0000001e   Code   RO         6344    .text               mc_w.l(llshl.o)
    0x0800045c   0x0800045c   0x00000020   Code   RO         6346    .text               mc_w.l(llushr.o)
    0x0800047c   0x0800047c   0x00000024   Code   RO         6348    .text               mc_w.l(init.o)
    0x080004a0   0x080004a0   0x00000002   Code   RO          407    i.BusFault_Handler  stm32h7xx_it.o
    0x080004a2   0x080004a2   0x00000002   PAD
    0x080004a4   0x080004a4   0x000001f4   Code   RO           13    i.CmdTask           cmd.o
    0x08000698   0x08000698   0x0000000c   Code   RO          408    i.DMA1_Stream0_IRQHandler  stm32h7xx_it.o
    0x080006a4   0x080006a4   0x0000000c   Code   RO          409    i.DMA1_Stream1_IRQHandler  stm32h7xx_it.o
    0x080006b0   0x080006b0   0x000000b4   Code   RO         1331    i.DMA_CalcBaseAndBitshift  stm32h7xx_hal_dma.o
    0x08000764   0x08000764   0x0000009c   Code   RO         1332    i.DMA_CalcDMAMUXChannelBaseAndMask  stm32h7xx_hal_dma.o
    0x08000800   0x08000800   0x00000074   Code   RO         1333    i.DMA_CalcDMAMUXRequestGenBaseAndMask  stm32h7xx_hal_dma.o
    0x08000874   0x08000874   0x00000054   Code   RO         1334    i.DMA_CheckFifoParam  stm32h7xx_hal_dma.o
    0x080008c8   0x080008c8   0x00000220   Code   RO         1335    i.DMA_SetConfig     stm32h7xx_hal_dma.o
    0x08000ae8   0x08000ae8   0x00000002   Code   RO          410    i.DebugMon_Handler  stm32h7xx_it.o
    0x08000aea   0x08000aea   0x00000004   Code   RO          212    i.Error_Handler     main.o
    0x08000aee   0x08000aee   0x00000002   PAD
    0x08000af0   0x08000af0   0x00000360   Code   RO         1336    i.HAL_DMA_Abort     stm32h7xx_hal_dma.o
    0x08000e50   0x08000e50   0x00000284   Code   RO         1337    i.HAL_DMA_Abort_IT  stm32h7xx_hal_dma.o
    0x080010d4   0x080010d4   0x000006e8   Code   RO         1341    i.HAL_DMA_IRQHandler  stm32h7xx_hal_dma.o
    0x080017bc   0x080017bc   0x000003c4   Code   RO         1342    i.HAL_DMA_Init      stm32h7xx_hal_dma.o
    0x08001b80   0x08001b80   0x0000029c   Code   RO         1346    i.HAL_DMA_Start_IT  stm32h7xx_hal_dma.o
    0x08001e1c   0x08001e1c   0x0000022c   Code   RO         1184    i.HAL_GPIO_Init     stm32h7xx_hal_gpio.o
    0x08002048   0x08002048   0x00000010   Code   RO         1187    i.HAL_GPIO_TogglePin  stm32h7xx_hal_gpio.o
    0x08002058   0x08002058   0x0000000a   Code   RO         1188    i.HAL_GPIO_WritePin  stm32h7xx_hal_gpio.o
    0x08002062   0x08002062   0x00000002   PAD
    0x08002064   0x08002064   0x0000000c   Code   RO         2056    i.HAL_GetREVID      stm32h7xx_hal.o
    0x08002070   0x08002070   0x0000000c   Code   RO         2057    i.HAL_GetTick       stm32h7xx_hal.o
    0x0800207c   0x0800207c   0x00000010   Code   RO         2063    i.HAL_IncTick       stm32h7xx_hal.o
    0x0800208c   0x0800208c   0x0000005c   Code   RO         2064    i.HAL_Init          stm32h7xx_hal.o
    0x080020e8   0x080020e8   0x00000084   Code   RO          519    i.HAL_InitTick      stm32h7xx_hal_timebase_tim.o
    0x0800216c   0x0800216c   0x0000005c   Code   RO          559    i.HAL_MPU_ConfigRegion  stm32h7xx_hal_cortex.o
    0x080021c8   0x080021c8   0x0000001c   Code   RO          560    i.HAL_MPU_Disable   stm32h7xx_hal_cortex.o
    0x080021e4   0x080021e4   0x00000024   Code   RO          562    i.HAL_MPU_Enable    stm32h7xx_hal_cortex.o
    0x08002208   0x08002208   0x00000024   Code   RO          495    i.HAL_MspInit       stm32h7xx_hal_msp.o
    0x0800222c   0x0800222c   0x0000001a   Code   RO          566    i.HAL_NVIC_EnableIRQ  stm32h7xx_hal_cortex.o
    0x08002246   0x08002246   0x00000002   PAD
    0x08002248   0x08002248   0x00000040   Code   RO          572    i.HAL_NVIC_SetPriority  stm32h7xx_hal_cortex.o
    0x08002288   0x08002288   0x00000024   Code   RO          573    i.HAL_NVIC_SetPriorityGrouping  stm32h7xx_hal_cortex.o
    0x080022ac   0x080022ac   0x00000054   Code   RO         1785    i.HAL_PWREx_ConfigSupply  stm32h7xx_hal_pwr_ex.o
    0x08002300   0x08002300   0x00000024   Code   RO          827    i.HAL_RCCEx_GetD3PCLK1Freq  stm32h7xx_hal_rcc_ex.o
    0x08002324   0x08002324   0x00000144   Code   RO          829    i.HAL_RCCEx_GetPLL2ClockFreq  stm32h7xx_hal_rcc_ex.o
    0x08002468   0x08002468   0x00000144   Code   RO          830    i.HAL_RCCEx_GetPLL3ClockFreq  stm32h7xx_hal_rcc_ex.o
    0x080025ac   0x080025ac   0x000009ac   Code   RO          836    i.HAL_RCCEx_PeriphCLKConfig  stm32h7xx_hal_rcc_ex.o
    0x08002f58   0x08002f58   0x0000025c   Code   RO          712    i.HAL_RCC_ClockConfig  stm32h7xx_hal_rcc.o
    0x080031b4   0x080031b4   0x0000005c   Code   RO          716    i.HAL_RCC_GetClockConfig  stm32h7xx_hal_rcc.o
    0x08003210   0x08003210   0x00000044   Code   RO          717    i.HAL_RCC_GetHCLKFreq  stm32h7xx_hal_rcc.o
    0x08003254   0x08003254   0x00000024   Code   RO          719    i.HAL_RCC_GetPCLK1Freq  stm32h7xx_hal_rcc.o
    0x08003278   0x08003278   0x00000024   Code   RO          720    i.HAL_RCC_GetPCLK2Freq  stm32h7xx_hal_rcc.o
    0x0800329c   0x0800329c   0x00000138   Code   RO          721    i.HAL_RCC_GetSysClockFreq  stm32h7xx_hal_rcc.o
    0x080033d4   0x080033d4   0x00000582   Code   RO          724    i.HAL_RCC_OscConfig  stm32h7xx_hal_rcc.o
    0x08003956   0x08003956   0x00000002   Code   RO         3664    i.HAL_TIMEx_Break2Callback  stm32h7xx_hal_tim_ex.o
    0x08003958   0x08003958   0x00000002   Code   RO         3665    i.HAL_TIMEx_BreakCallback  stm32h7xx_hal_tim_ex.o
    0x0800395a   0x0800395a   0x00000002   Code   RO         3666    i.HAL_TIMEx_CommutCallback  stm32h7xx_hal_tim_ex.o
    0x0800395c   0x0800395c   0x00000062   Code   RO         2950    i.HAL_TIM_Base_Init  stm32h7xx_hal_tim.o
    0x080039be   0x080039be   0x00000002   Code   RO         2952    i.HAL_TIM_Base_MspInit  stm32h7xx_hal_tim.o
    0x080039c0   0x080039c0   0x0000008c   Code   RO         2955    i.HAL_TIM_Base_Start_IT  stm32h7xx_hal_tim.o
    0x08003a4c   0x08003a4c   0x00000002   Code   RO         2984    i.HAL_TIM_IC_CaptureCallback  stm32h7xx_hal_tim.o
    0x08003a4e   0x08003a4e   0x00000148   Code   RO         2998    i.HAL_TIM_IRQHandler  stm32h7xx_hal_tim.o
    0x08003b96   0x08003b96   0x00000002   Code   RO         3001    i.HAL_TIM_OC_DelayElapsedCallback  stm32h7xx_hal_tim.o
    0x08003b98   0x08003b98   0x00000002   Code   RO         3028    i.HAL_TIM_PWM_PulseFinishedCallback  stm32h7xx_hal_tim.o
    0x08003b9a   0x08003b9a   0x00000002   PAD
    0x08003b9c   0x08003b9c   0x00000014   Code   RO          213    i.HAL_TIM_PeriodElapsedCallback  main.o
    0x08003bb0   0x08003bb0   0x00000002   Code   RO         3041    i.HAL_TIM_TriggerCallback  stm32h7xx_hal_tim.o
    0x08003bb2   0x08003bb2   0x00000040   Code   RO         4405    i.HAL_UARTEx_DisableFifoMode  stm32h7xx_hal_uart_ex.o
    0x08003bf2   0x08003bf2   0x0000004a   Code   RO         4411    i.HAL_UARTEx_ReceiveToIdle_DMA  stm32h7xx_hal_uart_ex.o
    0x08003c3c   0x08003c3c   0x0000002c   Code   RO          411    i.HAL_UARTEx_RxEventCallback  stm32h7xx_it.o
    0x08003c68   0x08003c68   0x00000002   Code   RO         4413    i.HAL_UARTEx_RxFifoFullCallback  stm32h7xx_hal_uart_ex.o
    0x08003c6a   0x08003c6a   0x0000004c   Code   RO         4414    i.HAL_UARTEx_SetRxFifoThreshold  stm32h7xx_hal_uart_ex.o
    0x08003cb6   0x08003cb6   0x0000004c   Code   RO         4415    i.HAL_UARTEx_SetTxFifoThreshold  stm32h7xx_hal_uart_ex.o
    0x08003d02   0x08003d02   0x00000002   Code   RO         4417    i.HAL_UARTEx_TxFifoEmptyCallback  stm32h7xx_hal_uart_ex.o
    0x08003d04   0x08003d04   0x00000002   Code   RO         4418    i.HAL_UARTEx_WakeupCallback  stm32h7xx_hal_uart_ex.o
    0x08003d06   0x08003d06   0x00000002   Code   RO         3966    i.HAL_UART_AbortCpltCallback  stm32h7xx_hal_uart.o
    0x08003d08   0x08003d08   0x00000002   Code   RO         3968    i.HAL_UART_AbortReceiveCpltCallback  stm32h7xx_hal_uart.o
    0x08003d0a   0x08003d0a   0x00000002   Code   RO         3971    i.HAL_UART_AbortTransmitCpltCallback  stm32h7xx_hal_uart.o
    0x08003d0c   0x08003d0c   0x00000002   Code   RO         3980    i.HAL_UART_ErrorCallback  stm32h7xx_hal_uart.o
    0x08003d0e   0x08003d0e   0x0000000e   Code   RO         3982    i.HAL_UART_GetState  stm32h7xx_hal_uart.o
    0x08003d1c   0x08003d1c   0x00000380   Code   RO         3983    i.HAL_UART_IRQHandler  stm32h7xx_hal_uart.o
    0x0800409c   0x0800409c   0x00000080   Code   RO         3984    i.HAL_UART_Init     stm32h7xx_hal_uart.o
    0x0800411c   0x0800411c   0x000000fc   Code   RO          356    i.HAL_UART_MspInit  usart.o
    0x08004218   0x08004218   0x00000048   Code   RO         3988    i.HAL_UART_Receive_DMA  stm32h7xx_hal_uart.o
    0x08004260   0x08004260   0x00000002   Code   RO         3993    i.HAL_UART_RxCpltCallback  stm32h7xx_hal_uart.o
    0x08004262   0x08004262   0x00000002   Code   RO         3994    i.HAL_UART_RxHalfCpltCallback  stm32h7xx_hal_uart.o
    0x08004264   0x08004264   0x00000090   Code   RO         3996    i.HAL_UART_Transmit_DMA  stm32h7xx_hal_uart.o
    0x080042f4   0x080042f4   0x00000002   Code   RO         3998    i.HAL_UART_TxCpltCallback  stm32h7xx_hal_uart.o
    0x080042f6   0x080042f6   0x00000002   Code   RO         3999    i.HAL_UART_TxHalfCpltCallback  stm32h7xx_hal_uart.o
    0x080042f8   0x080042f8   0x00000002   Code   RO          412    i.HardFault_Handler  stm32h7xx_it.o
    0x080042fa   0x080042fa   0x00000002   PAD
    0x080042fc   0x080042fc   0x0000003c   Code   RO          331    i.MX_DMA_Init       dma.o
    0x08004338   0x08004338   0x00000048   Code   RO          288    i.MX_FREERTOS_Init  freertos.o
    0x08004380   0x08004380   0x00000080   Code   RO          264    i.MX_GPIO_Init      gpio.o
    0x08004400   0x08004400   0x00000068   Code   RO          357    i.MX_USART3_UART_Init  usart.o
    0x08004468   0x08004468   0x00000002   Code   RO          413    i.MemManage_Handler  stm32h7xx_it.o
    0x0800446a   0x0800446a   0x00000002   Code   RO          414    i.NMI_Handler       stm32h7xx_it.o
    0x0800446c   0x0800446c   0x00000120   Code   RO          839    i.RCCEx_PLL2_Config  stm32h7xx_hal_rcc_ex.o
    0x0800458c   0x0800458c   0x00000120   Code   RO          840    i.RCCEx_PLL3_Config  stm32h7xx_hal_rcc_ex.o
    0x080046ac   0x080046ac   0x00000040   Code   RO          289    i.StartDefaultTask  freertos.o
    0x080046ec   0x080046ec   0x0000001a   Code   RO         5670    i.SysTick_Handler   cmsis_os2.o
    0x08004706   0x08004706   0x00000002   PAD
    0x08004708   0x08004708   0x000000dc   Code   RO          214    i.SystemClock_Config  main.o
    0x080047e4   0x080047e4   0x000000dc   Code   RO         4524    i.SystemInit        system_stm32h7xx.o
    0x080048c0   0x080048c0   0x0000000c   Code   RO          415    i.TIM17_IRQHandler  stm32h7xx_it.o
    0x080048cc   0x080048cc   0x000000d0   Code   RO         3043    i.TIM_Base_SetConfig  stm32h7xx_hal_tim.o
    0x0800499c   0x0800499c   0x00000044   Code   RO         4419    i.UARTEx_SetNbDataToProcess  stm32h7xx_hal_uart_ex.o
    0x080049e0   0x080049e0   0x000000c8   Code   RO         4002    i.UART_AdvFeatureConfig  stm32h7xx_hal_uart.o
    0x08004aa8   0x08004aa8   0x000000aa   Code   RO         4003    i.UART_CheckIdleState  stm32h7xx_hal_uart.o
    0x08004b52   0x08004b52   0x00000012   Code   RO         4004    i.UART_DMAAbortOnError  stm32h7xx_hal_uart.o
    0x08004b64   0x08004b64   0x00000052   Code   RO         4005    i.UART_DMAError     stm32h7xx_hal_uart.o
    0x08004bb6   0x08004bb6   0x00000086   Code   RO         4006    i.UART_DMAReceiveCplt  stm32h7xx_hal_uart.o
    0x08004c3c   0x08004c3c   0x0000001e   Code   RO         4008    i.UART_DMARxHalfCplt  stm32h7xx_hal_uart.o
    0x08004c5a   0x08004c5a   0x0000003e   Code   RO         4010    i.UART_DMATransmitCplt  stm32h7xx_hal_uart.o
    0x08004c98   0x08004c98   0x00000008   Code   RO         4012    i.UART_DMATxHalfCplt  stm32h7xx_hal_uart.o
    0x08004ca0   0x08004ca0   0x00000054   Code   RO         4014    i.UART_EndRxTransfer  stm32h7xx_hal_uart.o
    0x08004cf4   0x08004cf4   0x0000002e   Code   RO         4015    i.UART_EndTxTransfer  stm32h7xx_hal_uart.o
    0x08004d22   0x08004d22   0x00000002   PAD
    0x08004d24   0x08004d24   0x0000007c   Code   RO         4016    i.UART_InitCallbacksToDefault  stm32h7xx_hal_uart.o
    0x08004da0   0x08004da0   0x000003ac   Code   RO         4021    i.UART_SetConfig    stm32h7xx_hal_uart.o
    0x0800514c   0x0800514c   0x000000a8   Code   RO         4022    i.UART_Start_Receive_DMA  stm32h7xx_hal_uart.o
    0x080051f4   0x080051f4   0x00000094   Code   RO         4028    i.UART_WaitOnFlagUntilTimeout  stm32h7xx_hal_uart.o
    0x08005288   0x08005288   0x0000000c   Code   RO          416    i.USART3_IRQHandler  stm32h7xx_it.o
    0x08005294   0x08005294   0x00000002   Code   RO          417    i.UsageFault_Handler  stm32h7xx_it.o
    0x08005296   0x08005296   0x00000022   Code   RO          579    i.__NVIC_SetPriority  stm32h7xx_hal_cortex.o
    0x080052b8   0x080052b8   0x0000000e   Code   RO         6352    i.__scatterload_copy  mc_w.l(handlers.o)
    0x080052c6   0x080052c6   0x00000002   Code   RO         6353    i.__scatterload_null  mc_w.l(handlers.o)
    0x080052c8   0x080052c8   0x0000000e   Code   RO         6354    i.__scatterload_zeroinit  mc_w.l(handlers.o)
    0x080052d6   0x080052d6   0x0000006e   Code   RO          215    i.main              main.o
    0x08005344   0x08005344   0x0000001c   Code   RO         5672    i.osDelay           cmsis_os2.o
    0x08005360   0x08005360   0x00000024   Code   RO         5686    i.osKernelInitialize  cmsis_os2.o
    0x08005384   0x08005384   0x00000038   Code   RO         5689    i.osKernelStart     cmsis_os2.o
    0x080053bc   0x080053bc   0x00000052   Code   RO         5709    i.osMutexAcquire    cmsis_os2.o
    0x0800540e   0x0800540e   0x00000068   Code   RO         5712    i.osMutexNew        cmsis_os2.o
    0x08005476   0x08005476   0x00000042   Code   RO         5713    i.osMutexRelease    cmsis_os2.o
    0x080054b8   0x080054b8   0x00000060   Code   RO         5714    i.osSemaphoreAcquire  cmsis_os2.o
    0x08005518   0x08005518   0x00000098   Code   RO         5717    i.osSemaphoreNew    cmsis_os2.o
    0x080055b0   0x080055b0   0x0000005c   Code   RO         5718    i.osSemaphoreRelease  cmsis_os2.o
    0x0800560c   0x0800560c   0x00000090   Code   RO         5731    i.osThreadNew       cmsis_os2.o
    0x0800569c   0x0800569c   0x0000005c   Code   RO         5131    i.prvAddCurrentTaskToDelayedList  tasks.o
    0x080056f8   0x080056f8   0x000000d0   Code   RO         5132    i.prvAddNewTaskToReadyList  tasks.o
    0x080057c8   0x080057c8   0x00000058   Code   RO         5496    i.prvCheckForValidListAndQueue  timers.o
    0x08005820   0x08005820   0x00000026   Code   RO         4728    i.prvCopyDataFromQueue  queue.o
    0x08005846   0x08005846   0x0000006c   Code   RO         4729    i.prvCopyDataToQueue  queue.o
    0x080058b2   0x080058b2   0x00000034   Code   RO         5133    i.prvDeleteTCB      tasks.o
    0x080058e6   0x080058e6   0x00000002   PAD
    0x080058e8   0x080058e8   0x00000050   Code   RO         6183    i.prvHeapInit       heap_4.o
    0x08005938   0x08005938   0x00000060   Code   RO         5134    i.prvIdleTask       tasks.o
    0x08005998   0x08005998   0x00000016   Code   RO         4730    i.prvInitialiseMutex  queue.o
    0x080059ae   0x080059ae   0x00000002   PAD
    0x080059b0   0x080059b0   0x00000022   Code   RO         4731    i.prvInitialiseNewQueue  queue.o
    0x080059d2   0x080059d2   0x000000b0   Code   RO         5135    i.prvInitialiseNewTask  tasks.o
    0x08005a82   0x08005a82   0x00000002   PAD
    0x08005a84   0x08005a84   0x0000004c   Code   RO         6184    i.prvInsertBlockIntoFreeList  heap_4.o
    0x08005ad0   0x08005ad0   0x0000003c   Code   RO         5498    i.prvInsertTimerInActiveList  timers.o
    0x08005b0c   0x08005b0c   0x0000001c   Code   RO         4732    i.prvIsQueueEmpty   queue.o
    0x08005b28   0x08005b28   0x000000f8   Code   RO         5499    i.prvProcessReceivedCommands  timers.o
    0x08005c20   0x08005c20   0x000000c0   Code   RO         5500    i.prvProcessTimerOrBlockTask  timers.o
    0x08005ce0   0x08005ce0   0x00000020   Code   RO         5137    i.prvResetNextTaskUnblockTime  tasks.o
    0x08005d00   0x08005d00   0x00000028   Code   RO         5501    i.prvSampleTimeNow  timers.o
    0x08005d28   0x08005d28   0x0000006c   Code   RO         5502    i.prvSwitchTimerLists  timers.o
    0x08005d94   0x08005d94   0x00000028   Code   RO         6239    i.prvTaskExitError  port.o
    0x08005dbc   0x08005dbc   0x00000024   Code   RO         5503    i.prvTimerTask      timers.o
    0x08005de0   0x08005de0   0x0000006a   Code   RO         4733    i.prvUnlockQueue    queue.o
    0x08005e4a   0x08005e4a   0x00000002   PAD
    0x08005e4c   0x08005e4c   0x000000dc   Code   RO         6185    i.pvPortMalloc      heap_4.o
    0x08005f28   0x08005f28   0x00000018   Code   RO         5140    i.pvTaskIncrementMutexHeldCount  tasks.o
    0x08005f40   0x08005f40   0x00000030   Code   RO         6240    i.pxPortInitialiseStack  port.o
    0x08005f70   0x08005f70   0x00000048   Code   RO           14    i.usart3Printf      cmd.o
    0x08005fb8   0x08005fb8   0x00000026   Code   RO         4688    i.uxListRemove      list.o
    0x08005fde   0x08005fde   0x00000002   PAD
    0x08005fe0   0x08005fe0   0x00000018   Code   RO         5743    i.vApplicationGetIdleTaskMemory  cmsis_os2.o
    0x08005ff8   0x08005ff8   0x00000018   Code   RO         5744    i.vApplicationGetTimerTaskMemory  cmsis_os2.o
    0x08006010   0x08006010   0x00000016   Code   RO         4689    i.vListInitialise   list.o
    0x08006026   0x08006026   0x00000006   Code   RO         4690    i.vListInitialiseItem  list.o
    0x0800602c   0x0800602c   0x00000030   Code   RO         4691    i.vListInsert       list.o
    0x0800605c   0x0800605c   0x00000018   Code   RO         4692    i.vListInsertEnd    list.o
    0x08006074   0x08006074   0x00000040   Code   RO         6242    i.vPortEnterCritical  port.o
    0x080060b4   0x080060b4   0x00000028   Code   RO         6243    i.vPortExitCritical  port.o
    0x080060dc   0x080060dc   0x00000064   Code   RO         6186    i.vPortFree         heap_4.o
    0x08006140   0x08006140   0x00000024   Code   RO         6244    i.vPortSetupTimerInterrupt  port.o
    0x08006164   0x08006164   0x00000054   Code   RO         6245    i.vPortValidateInterruptPriority  port.o
    0x080061b8   0x080061b8   0x00000028   Code   RO         4739    i.vQueueAddToRegistry  queue.o
    0x080061e0   0x080061e0   0x0000002e   Code   RO         4740    i.vQueueDelete      queue.o
    0x0800620e   0x0800620e   0x00000002   PAD
    0x08006210   0x08006210   0x00000028   Code   RO         4742    i.vQueueUnregisterQueue  queue.o
    0x08006238   0x08006238   0x00000044   Code   RO         4743    i.vQueueWaitForMessageRestricted  queue.o
    0x0800627c   0x0800627c   0x0000004c   Code   RO         5150    i.vTaskDelay        tasks.o
    0x080062c8   0x080062c8   0x00000010   Code   RO         5155    i.vTaskInternalSetTimeOutState  tasks.o
    0x080062d8   0x080062d8   0x0000000c   Code   RO         5156    i.vTaskMissedYield  tasks.o
    0x080062e4   0x080062e4   0x00000030   Code   RO         5158    i.vTaskPlaceOnEventList  tasks.o
    0x08006314   0x08006314   0x00000038   Code   RO         5159    i.vTaskPlaceOnEventListRestricted  tasks.o
    0x0800634c   0x0800634c   0x00000090   Code   RO         5161    i.vTaskPriorityDisinheritAfterTimeout  tasks.o
    0x080063dc   0x080063dc   0x00000088   Code   RO         5167    i.vTaskStartScheduler  tasks.o
    0x08006464   0x08006464   0x00000010   Code   RO         5169    i.vTaskSuspendAll   tasks.o
    0x08006474   0x08006474   0x00000064   Code   RO         5170    i.vTaskSwitchContext  tasks.o
    0x080064d8   0x080064d8   0x000000f4   Code   RO         6246    i.xPortStartScheduler  port.o
    0x080065cc   0x080065cc   0x0000002c   Code   RO         6247    i.xPortSysTickHandler  port.o
    0x080065f8   0x080065f8   0x0000003a   Code   RO         4744    i.xQueueCreateCountingSemaphore  queue.o
    0x08006632   0x08006632   0x00000040   Code   RO         4745    i.xQueueCreateCountingSemaphoreStatic  queue.o
    0x08006672   0x08006672   0x00000016   Code   RO         4746    i.xQueueCreateMutex  queue.o
    0x08006688   0x08006688   0x0000001a   Code   RO         4747    i.xQueueCreateMutexStatic  queue.o
    0x080066a2   0x080066a2   0x00000042   Code   RO         4748    i.xQueueGenericCreate  queue.o
    0x080066e4   0x080066e4   0x00000066   Code   RO         4749    i.xQueueGenericCreateStatic  queue.o
    0x0800674a   0x0800674a   0x00000002   PAD
    0x0800674c   0x0800674c   0x00000094   Code   RO         4750    i.xQueueGenericReset  queue.o
    0x080067e0   0x080067e0   0x00000160   Code   RO         4751    i.xQueueGenericSend  queue.o
    0x08006940   0x08006940   0x000000be   Code   RO         4752    i.xQueueGenericSendFromISR  queue.o
    0x080069fe   0x080069fe   0x0000009c   Code   RO         4755    i.xQueueGiveFromISR  queue.o
    0x08006a9a   0x08006a9a   0x0000003e   Code   RO         4756    i.xQueueGiveMutexRecursive  queue.o
    0x08006ad8   0x08006ad8   0x0000013c   Code   RO         4761    i.xQueueReceive     queue.o
    0x08006c14   0x08006c14   0x0000009c   Code   RO         4762    i.xQueueReceiveFromISR  queue.o
    0x08006cb0   0x08006cb0   0x0000017c   Code   RO         4763    i.xQueueSemaphoreTake  queue.o
    0x08006e2c   0x08006e2c   0x0000003c   Code   RO         4764    i.xQueueTakeMutexRecursive  queue.o
    0x08006e68   0x08006e68   0x00000078   Code   RO         5172    i.xTaskCheckForTimeOut  tasks.o
    0x08006ee0   0x08006ee0   0x0000005a   Code   RO         5173    i.xTaskCreate       tasks.o
    0x08006f3a   0x08006f3a   0x00000056   Code   RO         5174    i.xTaskCreateStatic  tasks.o
    0x08006f90   0x08006f90   0x0000000c   Code   RO         5177    i.xTaskGetCurrentTaskHandle  tasks.o
    0x08006f9c   0x08006f9c   0x0000001c   Code   RO         5178    i.xTaskGetSchedulerState  tasks.o
    0x08006fb8   0x08006fb8   0x0000000c   Code   RO         5179    i.xTaskGetTickCount  tasks.o
    0x08006fc4   0x08006fc4   0x000000c8   Code   RO         5181    i.xTaskIncrementTick  tasks.o
    0x0800708c   0x0800708c   0x0000007c   Code   RO         5184    i.xTaskPriorityDisinherit  tasks.o
    0x08007108   0x08007108   0x0000007c   Code   RO         5185    i.xTaskPriorityInherit  tasks.o
    0x08007184   0x08007184   0x00000070   Code   RO         5186    i.xTaskRemoveFromEventList  tasks.o
    0x080071f4   0x080071f4   0x000000c4   Code   RO         5187    i.xTaskResumeAll    tasks.o
    0x080072b8   0x080072b8   0x00000060   Code   RO         5512    i.xTimerCreateTimerTask  timers.o
    0x08007318   0x08007318   0x00000068   Code   RO         5513    i.xTimerGenericCommand  timers.o
    0x08007380   0x08007380   0x00000068   Data   RO          290    .constdata          freertos.o
    0x080073e8   0x080073e8   0x00000008   Data   RO         1348    .constdata          stm32h7xx_hal_dma.o
    0x080073f0   0x080073f0   0x00000018   Data   RO         4029    .constdata          stm32h7xx_hal_uart.o
    0x08007408   0x08007408   0x00000010   Data   RO         4420    .constdata          stm32h7xx_hal_uart_ex.o
    0x08007418   0x08007418   0x00000010   Data   RO         4525    .constdata          system_stm32h7xx.o
    0x08007428   0x08007428   0x00000030   Data   RO          291    .conststring        freertos.o
    0x08007458   0x08007458   0x00000020   Data   RO         6350    Region$$Table       anon$$obj.o


    Execution Region RW_IRAM1 (Exec base: 0x20000000, Load base: 0x08007478, Size: 0x00000000, Max: 0x00020000, ABSOLUTE)

    **** No section assigned to this execution region ****


    Execution Region RW_IRAM2 (Exec base: 0x24000000, Load base: 0x08007478, Size: 0x00005000, Max: 0x00080000, ABSOLUTE)

    Exec Addr    Load Addr    Size         Type   Attr      Idx    E Section Name        Object

    0x24000000   0x08007478   0x00000010   Data   RW          292    .data               freertos.o
    0x24000010   0x08007488   0x0000000c   Data   RW         2086    .data               stm32h7xx_hal.o
    0x2400001c   0x08007494   0x00000008   Data   RW         4526    .data               system_stm32h7xx.o
    0x24000024   0x0800749c   0x0000003c   Data   RW         5190    .data               tasks.o
    0x24000060   0x080074d8   0x00000014   Data   RW         5521    .data               timers.o
    0x24000074   0x080074ec   0x00000004   Data   RW         5746    .data               cmsis_os2.o
    0x24000078   0x080074f0   0x00000020   Data   RW         6192    .data               heap_4.o
    0x24000098   0x08007510   0x0000000c   Data   RW         6248    .data               port.o
    0x240000a4        -       0x00000080   Zero   RW           15    .bss                cmd.o
    0x24000124        -       0x000001bc   Zero   RW          359    .bss                usart.o
    0x240002e0        -       0x0000004c   Zero   RW          522    .bss                stm32h7xx_hal_timebase_tim.o
    0x2400032c        -       0x00000040   Zero   RW         4765    .bss                queue.o
    0x2400036c        -       0x000004c4   Zero   RW         5189    .bss                tasks.o
    0x24000830        -       0x00000118   Zero   RW         5520    .bss                timers.o
    0x24000948        -       0x000006b8   Zero   RW         5745    .bss                cmsis_os2.o
    0x24001000        -       0x00003c00   Zero   RW         6191    .bss                heap_4.o
    0x24004c00        -       0x00000400   Zero   RW            1    STACK               startup_stm32h750xx.o


==============================================================================

Image component sizes


      Code (inc. data)   RO Data    RW Data    ZI Data      Debug   Object Name

       572         36          0          0        128    1310791   cmd.o
       930         32          0          4       1720      76849   cmsis_os2.o
        60          4          0          0          0        890   dma.o
         0          0          0          0          0      19360   event_groups.o
       136         36        152         16          0       2266   freertos.o
       128         10          0          0          0       1043   gpio.o
       476         24          0         32      15360       4931   heap_4.o
       138          0          0          0          0       3618   list.o
       354         18          0          0          0       2944   main.o
       790         84          0         12          0      11529   port.o
      2688         30          0          0         64      30156   queue.o
        36          8        664          0       1024        828   startup_stm32h750xx.o
       132         32          0         12          0      22033   stm32h7xx_hal.o
       316         28          0          0          0      41004   stm32h7xx_hal_cortex.o
      5988        246          8          0          0      11842   stm32h7xx_hal_dma.o
       582         50          0          0          0       2929   stm32h7xx_hal_gpio.o
        36          4          0          0          0        930   stm32h7xx_hal_msp.o
        84          6          0          0          0        781   stm32h7xx_hal_pwr_ex.o
      2558        110          0          0          0       7813   stm32h7xx_hal_rcc.o
      3736        118          0          0          0       7833   stm32h7xx_hal_rcc_ex.o
       784         66          0          0          0       7600   stm32h7xx_hal_tim.o
         6          0          0          0          0       2284   stm32h7xx_hal_tim_ex.o
       132         22          0          0         76       1560   stm32h7xx_hal_timebase_tim.o
      3484        220         24          0          0      41421   stm32h7xx_hal_uart.o
       364          6         16          0          0       6353   stm32h7xx_hal_uart_ex.o
       104         36          0          0          0       5189   stm32h7xx_it.o
         0          0          0          0          0        392   stream_buffer.o
       220         40         16          8          0       1470   system_stm32h7xx.o
      2388        192          0         60       1220      29913   tasks.o
       972         84          0         20        280      32063   timers.o
       356         32          0          0        444       2156   usart.o

    ----------------------------------------------------------------------
     28582       1574        912        164      20316    1690771   Object Totals
         0          0         32          0          0          0   (incl. Generated)
        32          0          0          0          0          0   (incl. Padding)

    ----------------------------------------------------------------------

      Code (inc. data)   RO Data    RW Data    ZI Data      Debug   Library Member Name

         0          0          0          0          0          0   entry.o
         0          0          0          0          0          0   entry10a.o
         0          0          0          0          0          0   entry11a.o
         4          0          0          0          0          0   entry12b.o
         8          4          0          0          0          0   entry2.o
         4          0          0          0          0          0   entry5.o
         0          0          0          0          0          0   entry7b.o
         0          0          0          0          0          0   entry8b.o
         8          4          0          0          0          0   entry9a.o
        30          0          0          0          0          0   handlers.o
        36          8          0          0          0         68   init.o
        30          0          0          0          0         68   llshl.o
        32          0          0          0          0         68   llushr.o
        36          0          0          0          0         68   memcpya.o
        36          0          0          0          0        108   memseta.o
        98          0          0          0          0         92   uldiv.o

    ----------------------------------------------------------------------
       322         16          0          0          0        472   Library Totals
         0          0          0          0          0          0   (incl. Padding)

    ----------------------------------------------------------------------

      Code (inc. data)   RO Data    RW Data    ZI Data      Debug   Library Name

       322         16          0          0          0        472   mc_w.l

    ----------------------------------------------------------------------
       322         16          0          0          0        472   Library Totals

    ----------------------------------------------------------------------

==============================================================================


      Code (inc. data)   RO Data    RW Data    ZI Data      Debug   

     28904       1590        912        164      20316    1671891   Grand Totals
     28904       1590        912        164      20316    1671891   ELF Image Totals
     28904       1590        912        164          0          0   ROM Totals

==============================================================================

    Total RO  Size (Code + RO Data)                29816 (  29.12kB)
    Total RW  Size (RW Data + ZI Data)             20480 (  20.00kB)
    Total ROM Size (Code + RO Data + RW Data)      29980 (  29.28kB)

==============================================================================

